<?xml version="1.0" encoding="ISO-8859-1" ?>
<link_info>
   <banner>MSP430 Linker PC v20.2.0.LTS</banner>
   <copyright>Copyright (c) 2003-2018 Texas Instruments Incorporated</copyright>
   <link_time>0x6180b438</link_time>
   <link_errors>0x0</link_errors>
   <output_file>CMAC_test.out</output_file>
   <entry_point>
      <name>_c_int00_noinit_noargs</name>
      <address>0xd686</address>
   </entry_point>
   <input_file_list>
      <input_file id="fl-2">
         <path>.\</path>
         <kind>object</kind>
         <file>main.obj</file>
         <name>main.obj</name>
      </input_file>
      <input_file id="fl-3">
         <path>.\AppMgr\</path>
         <kind>object</kind>
         <file>Crc.obj</file>
         <name>Crc.obj</name>
      </input_file>
      <input_file id="fl-4">
         <path>.\AppMgr\</path>
         <kind>object</kind>
         <file>TI_MSPBoot_AppMgrDualImg.obj</file>
         <name>TI_MSPBoot_AppMgrDualImg.obj</name>
      </input_file>
      <input_file id="fl-5">
         <path>.\Comm\NWK_APP\</path>
         <kind>object</kind>
         <file>TI_MSPBoot_CI_NWK_APP_BSL_CC1101.obj</file>
         <name>TI_MSPBoot_CI_NWK_APP_BSL_CC1101.obj</name>
      </input_file>
      <input_file id="fl-6">
         <path>.\Comm\PHY_DataLink\</path>
         <kind>object</kind>
         <file>TI_MSPBoot_CI_PHYDL_wisp5.obj</file>
         <name>TI_MSPBoot_CI_PHYDL_wisp5.obj</name>
      </input_file>
      <input_file id="fl-7">
         <path>.\MI\</path>
         <kind>object</kind>
         <file>TI_MSPBoot_MI_FRAMDualImg.obj</file>
         <name>TI_MSPBoot_MI_FRAMDualImg.obj</name>
      </input_file>
      <input_file id="fl-f">
         <kind>object</kind>
         <file>&lt;internal&gt;</file>
         <name>&lt;internal&gt;</name>
      </input_file>
      <input_file id="fl-2f">
         <path>C:\Users\nokia\Documents\GitHub\Wisecr\src\wisp5-base\CCS\wisp-base\build\</path>
         <kind>archive</kind>
         <file>wisp-base.lib</file>
         <name>accel.obj</name>
      </input_file>
      <input_file id="fl-30">
         <path>C:\Users\nokia\Documents\GitHub\Wisecr\src\wisp5-base\CCS\wisp-base\build\</path>
         <kind>archive</kind>
         <file>wisp-base.lib</file>
         <name>adc.obj</name>
      </input_file>
      <input_file id="fl-31">
         <path>C:\Users\nokia\Documents\GitHub\Wisecr\src\wisp5-base\CCS\wisp-base\build\</path>
         <kind>archive</kind>
         <file>wisp-base.lib</file>
         <name>wisp-init.obj</name>
      </input_file>
      <input_file id="fl-32">
         <path>C:\Users\nokia\Documents\GitHub\Wisecr\src\wisp5-base\CCS\wisp-base\build\</path>
         <kind>archive</kind>
         <file>wisp-base.lib</file>
         <name>RX_ISR.obj</name>
      </input_file>
      <input_file id="fl-33">
         <path>C:\Users\nokia\Documents\GitHub\Wisecr\src\wisp5-base\CCS\wisp-base\build\</path>
         <kind>archive</kind>
         <file>wisp-base.lib</file>
         <name>spi.obj</name>
      </input_file>
      <input_file id="fl-34">
         <path>C:\Users\nokia\Documents\GitHub\Wisecr\src\wisp5-base\CCS\wisp-base\build\</path>
         <kind>archive</kind>
         <file>wisp-base.lib</file>
         <name>IEM.obj</name>
      </input_file>
      <input_file id="fl-35">
         <path>C:\Users\nokia\Documents\GitHub\Wisecr\src\wisp5-base\CCS\wisp-base\build\</path>
         <kind>archive</kind>
         <file>wisp-base.lib</file>
         <name>Timer0A0_ISR.obj</name>
      </input_file>
      <input_file id="fl-36">
         <path>C:\Users\nokia\Documents\GitHub\Wisecr\src\wisp5-base\CCS\wisp-base\build\</path>
         <kind>archive</kind>
         <file>wisp-base.lib</file>
         <name>Timer0A1_ISR.obj</name>
      </input_file>
      <input_file id="fl-37">
         <path>C:\Users\nokia\Documents\GitHub\Wisecr\src\wisp5-base\CCS\wisp-base\build\</path>
         <kind>archive</kind>
         <file>wisp-base.lib</file>
         <name>Timer1A0_ISR.obj</name>
      </input_file>
      <input_file id="fl-38">
         <path>C:\Users\nokia\Documents\GitHub\Wisecr\src\wisp5-base\CCS\wisp-base\build\</path>
         <kind>archive</kind>
         <file>wisp-base.lib</file>
         <name>timer.obj</name>
      </input_file>
      <input_file id="fl-39">
         <path>C:\Users\nokia\Documents\GitHub\Wisecr\src\wisp5-base\CCS\wisp-base\build\</path>
         <kind>archive</kind>
         <file>wisp-base.lib</file>
         <name>WISP_doRFID.obj</name>
      </input_file>
      <input_file id="fl-3a">
         <path>C:\Users\nokia\Documents\GitHub\Wisecr\src\wisp5-base\CCS\wisp-base\build\</path>
         <kind>archive</kind>
         <file>wisp-base.lib</file>
         <name>Clocking.obj</name>
      </input_file>
      <input_file id="fl-3b">
         <path>C:\Users\nokia\Documents\GitHub\Wisecr\src\wisp5-base\CCS\wisp-base\build\</path>
         <kind>archive</kind>
         <file>wisp-base.lib</file>
         <name>interface.obj</name>
      </input_file>
      <input_file id="fl-3c">
         <path>C:\ti\ccs1000\ccs\tools\compiler\ti-cgt-msp430_20.2.0.LTS\lib\</path>
         <kind>archive</kind>
         <file>rts430x_lc_ld_eabi.lib</file>
         <name>copy_decompress_lzss.c.obj</name>
      </input_file>
      <input_file id="fl-3d">
         <path>C:\ti\ccs1000\ccs\tools\compiler\ti-cgt-msp430_20.2.0.LTS\lib\</path>
         <kind>archive</kind>
         <file>rts430x_lc_ld_eabi.lib</file>
         <name>copy_decompress_none.c.obj</name>
      </input_file>
      <input_file id="fl-3e">
         <path>C:\ti\ccs1000\ccs\tools\compiler\ti-cgt-msp430_20.2.0.LTS\lib\</path>
         <kind>archive</kind>
         <file>rts430x_lc_ld_eabi.lib</file>
         <name>div32s.asm.obj</name>
      </input_file>
      <input_file id="fl-3f">
         <path>C:\ti\ccs1000\ccs\tools\compiler\ti-cgt-msp430_20.2.0.LTS\lib\</path>
         <kind>archive</kind>
         <file>rts430x_lc_ld_eabi.lib</file>
         <name>div32u.asm.obj</name>
      </input_file>
      <input_file id="fl-40">
         <path>C:\ti\ccs1000\ccs\tools\compiler\ti-cgt-msp430_20.2.0.LTS\lib\</path>
         <kind>archive</kind>
         <file>rts430x_lc_ld_eabi.lib</file>
         <name>mult16_f5hw.asm.obj</name>
      </input_file>
      <input_file id="fl-41">
         <path>C:\ti\ccs1000\ccs\tools\compiler\ti-cgt-msp430_20.2.0.LTS\lib\</path>
         <kind>archive</kind>
         <file>rts430x_lc_ld_eabi.lib</file>
         <name>mult32_f5hw.asm.obj</name>
      </input_file>
      <input_file id="fl-42">
         <path>C:\ti\ccs1000\ccs\tools\compiler\ti-cgt-msp430_20.2.0.LTS\lib\</path>
         <kind>archive</kind>
         <file>rts430x_lc_ld_eabi.lib</file>
         <name>mult64_f5hw.asm.obj</name>
      </input_file>
      <input_file id="fl-43">
         <path>C:\ti\ccs1000\ccs\tools\compiler\ti-cgt-msp430_20.2.0.LTS\lib\</path>
         <kind>archive</kind>
         <file>rts430x_lc_ld_eabi.lib</file>
         <name>mult1632_f5hw.asm.obj</name>
      </input_file>
      <input_file id="fl-44">
         <path>C:\ti\ccs1000\ccs\tools\compiler\ti-cgt-msp430_20.2.0.LTS\lib\</path>
         <kind>archive</kind>
         <file>rts430x_lc_ld_eabi.lib</file>
         <name>mult3264_f5hw.asm.obj</name>
      </input_file>
      <input_file id="fl-45">
         <path>C:\ti\ccs1000\ccs\tools\compiler\ti-cgt-msp430_20.2.0.LTS\lib\</path>
         <kind>archive</kind>
         <file>rts430x_lc_ld_eabi.lib</file>
         <name>asr32.asm.obj</name>
      </input_file>
      <input_file id="fl-46">
         <path>C:\ti\ccs1000\ccs\tools\compiler\ti-cgt-msp430_20.2.0.LTS\lib\</path>
         <kind>archive</kind>
         <file>rts430x_lc_ld_eabi.lib</file>
         <name>lsr16.asm.obj</name>
      </input_file>
      <input_file id="fl-47">
         <path>C:\ti\ccs1000\ccs\tools\compiler\ti-cgt-msp430_20.2.0.LTS\lib\</path>
         <kind>archive</kind>
         <file>rts430x_lc_ld_eabi.lib</file>
         <name>lsr32.asm.obj</name>
      </input_file>
      <input_file id="fl-48">
         <path>C:\ti\ccs1000\ccs\tools\compiler\ti-cgt-msp430_20.2.0.LTS\lib\</path>
         <kind>archive</kind>
         <file>rts430x_lc_ld_eabi.lib</file>
         <name>boot.c.obj</name>
      </input_file>
      <input_file id="fl-49">
         <path>C:\ti\ccs1000\ccs\tools\compiler\ti-cgt-msp430_20.2.0.LTS\lib\</path>
         <kind>archive</kind>
         <file>rts430x_lc_ld_eabi.lib</file>
         <name>mpu_init.c.obj</name>
      </input_file>
      <input_file id="fl-4a">
         <path>C:\ti\ccs1000\ccs\tools\compiler\ti-cgt-msp430_20.2.0.LTS\lib\</path>
         <kind>archive</kind>
         <file>rts430x_lc_ld_eabi.lib</file>
         <name>args_main.c.obj</name>
      </input_file>
      <input_file id="fl-4b">
         <path>C:\ti\ccs1000\ccs\tools\compiler\ti-cgt-msp430_20.2.0.LTS\lib\</path>
         <kind>archive</kind>
         <file>rts430x_lc_ld_eabi.lib</file>
         <name>autoinit.c.obj</name>
      </input_file>
      <input_file id="fl-4c">
         <path>C:\ti\ccs1000\ccs\tools\compiler\ti-cgt-msp430_20.2.0.LTS\lib\</path>
         <kind>archive</kind>
         <file>rts430x_lc_ld_eabi.lib</file>
         <name>startup.c.obj</name>
      </input_file>
      <input_file id="fl-4d">
         <path>C:\ti\ccs1000\ccs\tools\compiler\ti-cgt-msp430_20.2.0.LTS\lib\</path>
         <kind>archive</kind>
         <file>rts430x_lc_ld_eabi.lib</file>
         <name>pre_init.c.obj</name>
      </input_file>
      <input_file id="fl-4e">
         <path>C:\ti\ccs1000\ccs\tools\compiler\ti-cgt-msp430_20.2.0.LTS\lib\</path>
         <kind>archive</kind>
         <file>rts430x_lc_ld_eabi.lib</file>
         <name>cpy_tbl.c.obj</name>
      </input_file>
      <input_file id="fl-4f">
         <path>C:\ti\ccs1000\ccs\tools\compiler\ti-cgt-msp430_20.2.0.LTS\lib\</path>
         <kind>archive</kind>
         <file>rts430x_lc_ld_eabi.lib</file>
         <name>mult16.asm.obj</name>
      </input_file>
      <input_file id="fl-50">
         <path>C:\Users\nokia\Documents\GitHub\Wisecr\src\wisp5-base\CCS\wisp-base\build\</path>
         <kind>archive</kind>
         <file>wisp-base.lib</file>
         <name>crc16_ccitt.obj</name>
      </input_file>
      <input_file id="fl-51">
         <path>C:\ti\ccs1000\ccs\tools\compiler\ti-cgt-msp430_20.2.0.LTS\lib\</path>
         <kind>archive</kind>
         <file>rts430x_lc_ld_eabi.lib</file>
         <name>exit.c.obj</name>
      </input_file>
      <input_file id="fl-52">
         <path>C:\ti\ccs1000\ccs\tools\compiler\ti-cgt-msp430_20.2.0.LTS\lib\</path>
         <kind>archive</kind>
         <file>rts430x_lc_ld_eabi.lib</file>
         <name>exit_gvars.c.obj</name>
      </input_file>
      <input_file id="fl-53">
         <path>C:\ti\ccs1000\ccs\tools\compiler\ti-cgt-msp430_20.2.0.LTS\lib\</path>
         <kind>archive</kind>
         <file>rts430x_lc_ld_eabi.lib</file>
         <name>_lock.c.obj</name>
      </input_file>
      <input_file id="fl-54">
         <path>C:\Users\nokia\Documents\GitHub\Wisecr\src\wisp5-base\CCS\wisp-base\build\</path>
         <kind>archive</kind>
         <file>wisp-base.lib</file>
         <name>rfid_Handles.obj</name>
      </input_file>
      <input_file id="fl-55">
         <path>C:\Users\nokia\Documents\GitHub\Wisecr\src\wisp5-base\CCS\wisp-base\build\</path>
         <kind>archive</kind>
         <file>wisp-base.lib</file>
         <name>TxFM0.obj</name>
      </input_file>
      <input_file id="fl-56">
         <path>C:\Users\nokia\Documents\GitHub\Wisecr\src\wisp5-base\CCS\wisp-base\build\</path>
         <kind>archive</kind>
         <file>wisp-base.lib</file>
         <name>rfid_BlockWriteHandle.obj</name>
      </input_file>
      <input_file id="fl-57">
         <path>C:\Users\nokia\Documents\GitHub\Wisecr\src\wisp5-base\CCS\wisp-base\build\</path>
         <kind>archive</kind>
         <file>wisp-base.lib</file>
         <name>authenticate.obj</name>
      </input_file>
      <input_file id="fl-58">
         <path>C:\Users\nokia\Documents\GitHub\Wisecr\src\wisp5-base\CCS\wisp-base\build\</path>
         <kind>archive</kind>
         <file>wisp-base.lib</file>
         <name>aes256.obj</name>
      </input_file>
      <input_file id="fl-59">
         <path>C:\Users\nokia\Documents\GitHub\Wisecr\src\wisp5-base\CCS\wisp-base\build\</path>
         <kind>archive</kind>
         <file>wisp-base.lib</file>
         <name>tina.obj</name>
      </input_file>
      <input_file id="fl-5a">
         <path>C:\Users\nokia\Documents\GitHub\Wisecr\src\wisp5-base\CCS\wisp-base\build\</path>
         <kind>archive</kind>
         <file>wisp-base.lib</file>
         <name>rfid_ReadHandle.obj</name>
      </input_file>
      <input_file id="fl-5b">
         <path>C:\Users\nokia\Documents\GitHub\Wisecr\src\wisp5-base\CCS\wisp-base\build\</path>
         <kind>archive</kind>
         <file>wisp-base.lib</file>
         <name>rfid_WriteHandle.obj</name>
      </input_file>
      <input_file id="fl-5c">
         <path>C:\ti\ccs1000\ccs\tools\compiler\ti-cgt-msp430_20.2.0.LTS\lib\</path>
         <kind>archive</kind>
         <file>rts430x_lc_ld_eabi.lib</file>
         <name>memcpy.c.obj</name>
      </input_file>
      <input_file id="fl-5d">
         <path>C:\ti\ccs1000\ccs\tools\compiler\ti-cgt-msp430_20.2.0.LTS\lib\</path>
         <kind>archive</kind>
         <file>rts430x_lc_ld_eabi.lib</file>
         <name>memset.c.obj</name>
      </input_file>
      <input_file id="fl-5e">
         <path>C:\Users\nokia\Documents\GitHub\Wisecr\src\wisp5-base\CCS\wisp-base\build\</path>
         <kind>archive</kind>
         <file>wisp-base.lib</file>
         <name>cmac_mode.obj</name>
      </input_file>
   </input_file_list>
   <object_component_list>
      <object_component id="oc-525">
         <name>.bss:Tag</name>
         <uninitialized>true</uninitialized>
         <run_address>0x1caa</run_address>
         <size>0x10</size>
         <input_file_ref idref="fl-2"/>
      </object_component>
      <object_component id="oc-3d9">
         <name>.bss:ADC_SM</name>
         <uninitialized>true</uninitialized>
         <run_address>0x1cea</run_address>
         <size>0xc</size>
         <input_file_ref idref="fl-30"/>
      </object_component>
      <object_component id="oc-406">
         <name>.bss:spiSM</name>
         <uninitialized>true</uninitialized>
         <run_address>0x1cba</run_address>
         <size>0x10</size>
         <input_file_ref idref="fl-33"/>
      </object_component>
      <object_component id="oc-469">
         <name>.common:RWData</name>
         <uninitialized>true</uninitialized>
         <run_address>0x1c08</run_address>
         <size>0x30</size>
      </object_component>
      <object_component id="oc-452">
         <name>.common:rfid</name>
         <uninitialized>true</uninitialized>
         <run_address>0x1cda</run_address>
         <size>0x10</size>
      </object_component>
      <object_component id="oc-478">
         <name>.common:cmd</name>
         <uninitialized>true</uninitialized>
         <run_address>0x1c78</run_address>
         <size>0x1e</size>
      </object_component>
      <object_component id="oc-468">
         <name>.common:dataBuf</name>
         <uninitialized>true</uninitialized>
         <run_address>0x1cca</run_address>
         <size>0x10</size>
      </object_component>
      <object_component id="oc-46f">
         <name>.common:isDoingLowPwrSleep</name>
         <uninitialized>true</uninitialized>
         <run_address>0x1d04</run_address>
         <size>0x1</size>
      </object_component>
      <object_component id="oc-3b3">
         <name>.common:gpRxBuf</name>
         <uninitialized>true</uninitialized>
         <run_address>0x1c96</run_address>
         <size>0x14</size>
      </object_component>
      <object_component id="oc-4ea">
         <name>.common:IEMctx</name>
         <uninitialized>true</uninitialized>
         <run_address>0x1cf6</run_address>
         <size>0x6</size>
      </object_component>
      <object_component id="oc-46c">
         <name>.common:usrBank</name>
         <uninitialized>true</uninitialized>
         <run_address>0x1c58</run_address>
         <size>0x20</size>
      </object_component>
      <object_component id="oc-506">
         <name>.common:prevDecryptOffset</name>
         <uninitialized>true</uninitialized>
         <run_address>0x1d00</run_address>
         <size>0x2</size>
      </object_component>
      <object_component id="oc-502">
         <name>.common:receivedWords</name>
         <uninitialized>true</uninitialized>
         <run_address>0x1cfc</run_address>
         <size>0x4</size>
      </object_component>
      <object_component id="oc-505">
         <name>.common:secuCommMode</name>
         <uninitialized>true</uninitialized>
         <run_address>0x1d02</run_address>
         <size>0x2</size>
      </object_component>
      <object_component id="oc-5d6">
         <name>.common:aes_ctx</name>
         <uninitialized>true</uninitialized>
         <run_address>0x1c38</run_address>
         <size>0x20</size>
      </object_component>
      <object_component id="oc-3a9">
         <name>.stack</name>
         <uninitialized>true</uninitialized>
         <run_address>0x2360</run_address>
         <size>0x4</size>
         <input_file_ref idref="fl-48"/>
      </object_component>
      <object_component id="oc-662">
         <name>.stack</name>
         <uninitialized>true</uninitialized>
         <run_address>0x2360</run_address>
         <size>0x0</size>
      </object_component>
      <object_component id="oc-594">
         <name>.text:tc_cmac_update</name>
         <load_address>0xc004</load_address>
         <run_address>0xc004</run_address>
         <size>0x3e8</size>
         <input_file_ref idref="fl-5e"/>
      </object_component>
      <object_component id="oc-59a">
         <name>.text:tc_cmac_final</name>
         <load_address>0xc3ec</load_address>
         <run_address>0xc3ec</run_address>
         <size>0x2ac</size>
         <input_file_ref idref="fl-5e"/>
      </object_component>
      <object_component id="oc-58e">
         <name>.text:tc_cmac_setup</name>
         <load_address>0xc698</load_address>
         <run_address>0xc698</run_address>
         <size>0x29c</size>
         <input_file_ref idref="fl-5e"/>
      </object_component>
      <object_component id="oc-389">
         <name>.text</name>
         <load_address>0xc934</load_address>
         <run_address>0xc934</run_address>
         <size>0x11a</size>
         <input_file_ref idref="fl-32"/>
      </object_component>
      <object_component id="oc-5e3">
         <name>.text:AES256_encryptData</name>
         <load_address>0xca4e</load_address>
         <run_address>0xca4e</run_address>
         <size>0x114</size>
         <input_file_ref idref="fl-58"/>
      </object_component>
      <object_component id="oc-52e">
         <name>.text:tc_cmac_AIO</name>
         <load_address>0xcb62</load_address>
         <run_address>0xcb62</run_address>
         <size>0x100</size>
         <input_file_ref idref="fl-5e"/>
      </object_component>
      <object_component id="oc-392">
         <name>.text:WISP_init</name>
         <load_address>0xcc62</load_address>
         <run_address>0xcc62</run_address>
         <size>0xe4</size>
         <input_file_ref idref="fl-31"/>
      </object_component>
      <object_component id="oc-5dd">
         <name>.text:AES256_setCipherKey</name>
         <load_address>0xcd46</load_address>
         <run_address>0xcd46</run_address>
         <size>0xdc</size>
         <input_file_ref idref="fl-58"/>
      </object_component>
      <object_component id="oc-38">
         <name>.text:ADC_rawToTemperature</name>
         <load_address>0xce22</load_address>
         <run_address>0xce22</run_address>
         <size>0xd0</size>
         <input_file_ref idref="fl-30"/>
      </object_component>
      <object_component id="oc-39a">
         <name>.text</name>
         <load_address>0xcef2</load_address>
         <run_address>0xcef2</run_address>
         <size>0xd0</size>
         <input_file_ref idref="fl-35"/>
      </object_component>
      <object_component id="oc-3e">
         <name>.text:ADC_rawToVoltage</name>
         <load_address>0xcfc2</load_address>
         <run_address>0xcfc2</run_address>
         <size>0xb0</size>
         <input_file_ref idref="fl-30"/>
      </object_component>
      <object_component id="oc-2c">
         <name>.text:ADC_initCustom</name>
         <load_address>0xd072</load_address>
         <run_address>0xd072</run_address>
         <size>0x8c</size>
         <input_file_ref idref="fl-30"/>
      </object_component>
      <object_component id="oc-39f">
         <name>.text</name>
         <load_address>0xd0fe</load_address>
         <run_address>0xd0fe</run_address>
         <size>0x74</size>
         <input_file_ref idref="fl-36"/>
      </object_component>
      <object_component id="oc-4cb">
         <name>.text:main</name>
         <load_address>0xd172</load_address>
         <run_address>0xd172</run_address>
         <size>0x6e</size>
         <input_file_ref idref="fl-2"/>
      </object_component>
      <object_component id="oc-3b9">
         <name>.text:SPI_transaction</name>
         <load_address>0xd1e0</load_address>
         <run_address>0xd1e0</run_address>
         <size>0x5e</size>
         <input_file_ref idref="fl-33"/>
      </object_component>
      <object_component id="oc-4a8">
         <name>.text</name>
         <load_address>0xd23e</load_address>
         <run_address>0xd23e</run_address>
         <size>0x58</size>
         <input_file_ref idref="fl-3f"/>
      </object_component>
      <object_component id="oc-45b">
         <name>.text:_isr:TIMER3_A0_ISR</name>
         <load_address>0xd296</load_address>
         <run_address>0xd296</run_address>
         <size>0x4e</size>
         <input_file_ref idref="fl-34"/>
      </object_component>
      <object_component id="oc-44">
         <name>.text:ADC_read</name>
         <load_address>0xd2e4</load_address>
         <run_address>0xd2e4</run_address>
         <size>0x4a</size>
         <input_file_ref idref="fl-30"/>
      </object_component>
      <object_component id="oc-20">
         <name>.text:ACCEL_singleSample</name>
         <load_address>0xd32e</load_address>
         <run_address>0xd32e</run_address>
         <size>0x40</size>
         <input_file_ref idref="fl-2f"/>
      </object_component>
      <object_component id="oc-3f4">
         <name>.text</name>
         <load_address>0xd36e</load_address>
         <run_address>0xd36e</run_address>
         <size>0x40</size>
         <input_file_ref idref="fl-3e"/>
      </object_component>
      <object_component id="oc-3e9">
         <name>.text:l_asr_const</name>
         <load_address>0xd3ae</load_address>
         <run_address>0xd3ae</run_address>
         <size>0x3e</size>
         <input_file_ref idref="fl-45"/>
      </object_component>
      <object_component id="oc-3dc">
         <name>.text:ADC_setInputChannel</name>
         <load_address>0xd3ec</load_address>
         <run_address>0xd3ec</run_address>
         <size>0x3c</size>
         <input_file_ref idref="fl-30"/>
      </object_component>
      <object_component id="oc-4a">
         <name>.text:SPI_initialize</name>
         <load_address>0xd428</load_address>
         <run_address>0xd428</run_address>
         <size>0x3c</size>
         <input_file_ref idref="fl-33"/>
      </object_component>
      <object_component id="oc-415">
         <name>.text:memcpy</name>
         <load_address>0xd464</load_address>
         <run_address>0xd464</run_address>
         <size>0x3c</size>
         <input_file_ref idref="fl-5c"/>
      </object_component>
      <object_component id="oc-38a">
         <name>.text:CopyWispISRs</name>
         <load_address>0xd4a0</load_address>
         <run_address>0xd4a0</run_address>
         <size>0x3a</size>
         <input_file_ref idref="fl-31"/>
      </object_component>
      <object_component id="oc-5f0">
         <name>.text:tc_aes_encrypt</name>
         <load_address>0xd4da</load_address>
         <run_address>0xd4da</run_address>
         <size>0x38</size>
         <input_file_ref idref="fl-5e"/>
      </object_component>
      <object_component id="oc-1a">
         <name>.text:ACCEL_readStat</name>
         <load_address>0xd512</load_address>
         <run_address>0xd512</run_address>
         <size>0x34</size>
         <input_file_ref idref="fl-2f"/>
      </object_component>
      <object_component id="oc-5ea">
         <name>.text:_copy</name>
         <load_address>0xd546</load_address>
         <run_address>0xd546</run_address>
         <size>0x2c</size>
         <input_file_ref idref="fl-5e"/>
      </object_component>
      <object_component id="oc-e">
         <name>.text:ACCEL_initialize</name>
         <load_address>0xd572</load_address>
         <run_address>0xd572</run_address>
         <size>0x28</size>
         <input_file_ref idref="fl-2f"/>
      </object_component>
      <object_component id="oc-14">
         <name>.text:ACCEL_range</name>
         <load_address>0xd59a</load_address>
         <run_address>0xd59a</run_address>
         <size>0x28</size>
         <input_file_ref idref="fl-2f"/>
      </object_component>
      <object_component id="oc-32">
         <name>.text:ADC_rawCorrection</name>
         <load_address>0xd5c2</load_address>
         <run_address>0xd5c2</run_address>
         <size>0x28</size>
         <input_file_ref idref="fl-30"/>
      </object_component>
      <object_component id="oc-5d7">
         <name>.text:AES_init_ctx_iv</name>
         <load_address>0xd5ea</load_address>
         <run_address>0xd5ea</run_address>
         <size>0x26</size>
         <input_file_ref idref="fl-58"/>
      </object_component>
      <object_component id="oc-51f">
         <name>.text:TI_MSPBoot_AppMgr_ValidateApp</name>
         <load_address>0xd610</load_address>
         <run_address>0xd610</run_address>
         <size>0x24</size>
         <input_file_ref idref="fl-4"/>
      </object_component>
      <object_component id="oc-461">
         <name>.text:_isr:INT_ADC12</name>
         <load_address>0xd634</load_address>
         <run_address>0xd634</run_address>
         <size>0x20</size>
         <input_file_ref idref="fl-30"/>
      </object_component>
      <object_component id="oc-455">
         <name>.text:_isr:TIMER0_B0_ISR</name>
         <load_address>0xd654</load_address>
         <run_address>0xd654</run_address>
         <size>0x1c</size>
         <input_file_ref idref="fl-34"/>
      </object_component>
      <object_component id="oc-470">
         <name>.text:initAuthenticateState</name>
         <load_address>0xd670</load_address>
         <run_address>0xd670</run_address>
         <size>0x16</size>
         <input_file_ref idref="fl-57"/>
      </object_component>
      <object_component id="oc-422">
         <name>.text:_isr:_c_int00_noinit_noargs</name>
         <load_address>0xd686</load_address>
         <run_address>0xd686</run_address>
         <size>0x14</size>
         <input_file_ref idref="fl-48"/>
      </object_component>
      <object_component id="oc-3ad">
         <name>.text:SPI_acquirePort</name>
         <load_address>0xd69a</load_address>
         <run_address>0xd69a</run_address>
         <size>0x12</size>
         <input_file_ref idref="fl-33"/>
      </object_component>
      <object_component id="oc-3bf">
         <name>.text:SPI_releasePort</name>
         <load_address>0xd6ac</load_address>
         <run_address>0xd6ac</run_address>
         <size>0x12</size>
         <input_file_ref idref="fl-33"/>
      </object_component>
      <object_component id="oc-26">
         <name>.text:ADC_init</name>
         <load_address>0xd6be</load_address>
         <run_address>0xd6be</run_address>
         <size>0x10</size>
         <input_file_ref idref="fl-30"/>
      </object_component>
      <object_component id="oc-3fa">
         <name>.text:l_lsr</name>
         <load_address>0xd6ce</load_address>
         <run_address>0xd6ce</run_address>
         <size>0x10</size>
         <input_file_ref idref="fl-47"/>
      </object_component>
      <object_component id="oc-3a4">
         <name>.text</name>
         <load_address>0xd6de</load_address>
         <run_address>0xd6de</run_address>
         <size>0xc</size>
         <input_file_ref idref="fl-37"/>
      </object_component>
      <object_component id="oc-3ff">
         <name>.text</name>
         <load_address>0xd6ea</load_address>
         <run_address>0xd6ea</run_address>
         <size>0xa</size>
         <input_file_ref idref="fl-46"/>
      </object_component>
      <object_component id="oc-535">
         <name>.text:abort</name>
         <load_address>0xd6f4</load_address>
         <run_address>0xd6f4</run_address>
         <size>0x6</size>
         <input_file_ref idref="fl-51"/>
      </object_component>
      <object_component id="oc-4c5">
         <name>.text:_system_pre_init</name>
         <load_address>0xd6fa</load_address>
         <run_address>0xd6fa</run_address>
         <size>0x4</size>
         <input_file_ref idref="fl-4d"/>
      </object_component>
      <object_component id="oc-52b">
         <name>.const:.string:msg</name>
         <load_address>0xd6fe</load_address>
         <run_address>0xd6fe</run_address>
         <size>0x5a0</size>
         <input_file_ref idref="fl-2"/>
      </object_component>
      <object_component id="oc-528">
         <name>.const:.string:fkey</name>
         <load_address>0xdc9e</load_address>
         <run_address>0xdc9e</run_address>
         <size>0x10</size>
         <input_file_ref idref="fl-2"/>
      </object_component>
      <object_component id="oc-3d4">
         <name>.const:.string:ADXL_READ_XYZ_8BIT</name>
         <load_address>0xdcae</load_address>
         <run_address>0xdcae</run_address>
         <size>0x5</size>
         <input_file_ref idref="fl-2f"/>
      </object_component>
      <object_component id="oc-3cb">
         <name>.const:.string:ADXL_CONFIG_FILTER</name>
         <load_address>0xdcb4</load_address>
         <run_address>0xdcb4</run_address>
         <size>0x3</size>
         <input_file_ref idref="fl-2f"/>
      </object_component>
      <object_component id="oc-3b6">
         <name>.const:.string:ADXL_CONFIG_MEAS</name>
         <load_address>0xdcb8</load_address>
         <run_address>0xdcb8</run_address>
         <size>0x3</size>
         <input_file_ref idref="fl-2f"/>
      </object_component>
      <object_component id="oc-3cf">
         <name>.const:.string:ADXL_REAsxD_STATUS</name>
         <load_address>0xdcbc</load_address>
         <run_address>0xdcbc</run_address>
         <size>0x3</size>
         <input_file_ref idref="fl-2f"/>
      </object_component>
      <object_component id="oc-3ac">
         <name>.reset</name>
         <load_address>0xfffe</load_address>
         <run_address>0xfffe</run_address>
         <size>0x2</size>
         <input_file_ref idref="fl-48"/>
      </object_component>
      <object_component id="oc-48a">
         <name>.debug_info</name>
         <load_address>0x0</load_address>
         <run_address>0x0</run_address>
         <size>0x64b</size>
         <input_file_ref idref="fl-2"/>
      </object_component>
      <object_component id="oc-52c">
         <name>.debug_info</name>
         <load_address>0x64b</load_address>
         <run_address>0x64b</run_address>
         <size>0xd8</size>
         <input_file_ref idref="fl-2"/>
      </object_component>
      <object_component id="oc-529">
         <name>.debug_info</name>
         <load_address>0x723</load_address>
         <run_address>0x723</run_address>
         <size>0xdb</size>
         <input_file_ref idref="fl-2"/>
      </object_component>
      <object_component id="oc-526">
         <name>.debug_info</name>
         <load_address>0x7fe</load_address>
         <run_address>0x7fe</run_address>
         <size>0xd8</size>
         <input_file_ref idref="fl-2"/>
      </object_component>
      <object_component id="oc-4cc">
         <name>.debug_info</name>
         <load_address>0x8d6</load_address>
         <run_address>0x8d6</run_address>
         <size>0x16a</size>
         <input_file_ref idref="fl-2"/>
      </object_component>
      <object_component id="oc-50a">
         <name>.debug_info</name>
         <load_address>0xa40</load_address>
         <run_address>0xa40</run_address>
         <size>0x48</size>
         <input_file_ref idref="fl-2"/>
      </object_component>
      <object_component id="oc-3e3">
         <name>.debug_info</name>
         <load_address>0xa88</load_address>
         <run_address>0xa88</run_address>
         <size>0x1c3</size>
         <input_file_ref idref="fl-2"/>
      </object_component>
      <object_component id="oc-4f1">
         <name>.debug_info</name>
         <load_address>0xc4b</load_address>
         <run_address>0xc4b</run_address>
         <size>0x9a</size>
         <input_file_ref idref="fl-2"/>
      </object_component>
      <object_component id="oc-481">
         <name>.debug_info</name>
         <load_address>0xce5</load_address>
         <run_address>0xce5</run_address>
         <size>0x26b</size>
         <input_file_ref idref="fl-2"/>
      </object_component>
      <object_component id="oc-4f6">
         <name>.debug_info</name>
         <load_address>0xf50</load_address>
         <run_address>0xf50</run_address>
         <size>0x72</size>
         <input_file_ref idref="fl-2"/>
      </object_component>
      <object_component id="oc-3c6">
         <name>.debug_info</name>
         <load_address>0xfc2</load_address>
         <run_address>0xfc2</run_address>
         <size>0x276</size>
         <input_file_ref idref="fl-2"/>
      </object_component>
      <object_component id="oc-492">
         <name>.debug_info</name>
         <load_address>0x1238</load_address>
         <run_address>0x1238</run_address>
         <size>0xc5</size>
         <input_file_ref idref="fl-2"/>
      </object_component>
      <object_component id="oc-57d">
         <name>.debug_info</name>
         <load_address>0x12fd</load_address>
         <run_address>0x12fd</run_address>
         <size>0x58</size>
         <input_file_ref idref="fl-2"/>
      </object_component>
      <object_component id="oc-410">
         <name>.debug_info</name>
         <load_address>0x1355</load_address>
         <run_address>0x1355</run_address>
         <size>0x84</size>
         <input_file_ref idref="fl-2"/>
      </object_component>
      <object_component id="oc-4a3">
         <name>.debug_info</name>
         <load_address>0x13d9</load_address>
         <run_address>0x13d9</run_address>
         <size>0x282</size>
         <input_file_ref idref="fl-2"/>
      </object_component>
      <object_component id="oc-3ef">
         <name>.debug_info</name>
         <load_address>0x165b</load_address>
         <run_address>0x165b</run_address>
         <size>0xbb</size>
         <input_file_ref idref="fl-2"/>
      </object_component>
      <object_component id="oc-50f">
         <name>.debug_info</name>
         <load_address>0x1716</load_address>
         <run_address>0x1716</run_address>
         <size>0x53</size>
         <input_file_ref idref="fl-2"/>
      </object_component>
      <object_component id="oc-4fb">
         <name>.debug_info</name>
         <load_address>0x1769</load_address>
         <run_address>0x1769</run_address>
         <size>0xc6</size>
         <input_file_ref idref="fl-2"/>
      </object_component>
      <object_component id="oc-522">
         <name>.debug_info</name>
         <load_address>0x182f</load_address>
         <run_address>0x182f</run_address>
         <size>0x191</size>
         <input_file_ref idref="fl-4"/>
      </object_component>
      <object_component id="oc-46a">
         <name>.debug_info</name>
         <load_address>0x19c0</load_address>
         <run_address>0x19c0</run_address>
         <size>0x39e</size>
         <input_file_ref idref="fl-6"/>
      </object_component>
      <object_component id="oc-3d3">
         <name>.debug_info</name>
         <load_address>0x1d5e</load_address>
         <run_address>0x1d5e</run_address>
         <size>0x2a6</size>
         <input_file_ref idref="fl-2f"/>
      </object_component>
      <object_component id="oc-3d0">
         <name>.debug_info</name>
         <load_address>0x2004</load_address>
         <run_address>0x2004</run_address>
         <size>0x106</size>
         <input_file_ref idref="fl-2f"/>
      </object_component>
      <object_component id="oc-3d5">
         <name>.debug_info</name>
         <load_address>0x210a</load_address>
         <run_address>0x210a</run_address>
         <size>0x106</size>
         <input_file_ref idref="fl-2f"/>
      </object_component>
      <object_component id="oc-3b7">
         <name>.debug_info</name>
         <load_address>0x2210</load_address>
         <run_address>0x2210</run_address>
         <size>0x102</size>
         <input_file_ref idref="fl-2f"/>
      </object_component>
      <object_component id="oc-3cc">
         <name>.debug_info</name>
         <load_address>0x2312</load_address>
         <run_address>0x2312</run_address>
         <size>0x106</size>
         <input_file_ref idref="fl-2f"/>
      </object_component>
      <object_component id="oc-24">
         <name>.debug_info</name>
         <load_address>0x2418</load_address>
         <run_address>0x2418</run_address>
         <size>0x1b2</size>
         <input_file_ref idref="fl-2f"/>
      </object_component>
      <object_component id="oc-1d">
         <name>.debug_info</name>
         <load_address>0x25ca</load_address>
         <run_address>0x25ca</run_address>
         <size>0x1aa</size>
         <input_file_ref idref="fl-2f"/>
      </object_component>
      <object_component id="oc-18">
         <name>.debug_info</name>
         <load_address>0x2774</load_address>
         <run_address>0x2774</run_address>
         <size>0x17a</size>
         <input_file_ref idref="fl-2f"/>
      </object_component>
      <object_component id="oc-12">
         <name>.debug_info</name>
         <load_address>0x28ee</load_address>
         <run_address>0x28ee</run_address>
         <size>0x184</size>
         <input_file_ref idref="fl-2f"/>
      </object_component>
      <object_component id="oc-3e8">
         <name>.debug_info</name>
         <load_address>0x2a72</load_address>
         <run_address>0x2a72</run_address>
         <size>0x388</size>
         <input_file_ref idref="fl-30"/>
      </object_component>
      <object_component id="oc-3da">
         <name>.debug_info</name>
         <load_address>0x2dfa</load_address>
         <run_address>0x2dfa</run_address>
         <size>0xeb</size>
         <input_file_ref idref="fl-30"/>
      </object_component>
      <object_component id="oc-463">
         <name>.debug_info</name>
         <load_address>0x2ee5</load_address>
         <run_address>0x2ee5</run_address>
         <size>0x132</size>
         <input_file_ref idref="fl-30"/>
      </object_component>
      <object_component id="oc-3de">
         <name>.debug_info</name>
         <load_address>0x3017</load_address>
         <run_address>0x3017</run_address>
         <size>0x16f</size>
         <input_file_ref idref="fl-30"/>
      </object_component>
      <object_component id="oc-46">
         <name>.debug_info</name>
         <load_address>0x3186</load_address>
         <run_address>0x3186</run_address>
         <size>0x12c</size>
         <input_file_ref idref="fl-30"/>
      </object_component>
      <object_component id="oc-35">
         <name>.debug_info</name>
         <load_address>0x32b2</load_address>
         <run_address>0x32b2</run_address>
         <size>0x173</size>
         <input_file_ref idref="fl-30"/>
      </object_component>
      <object_component id="oc-41">
         <name>.debug_info</name>
         <load_address>0x3425</load_address>
         <run_address>0x3425</run_address>
         <size>0x1d9</size>
         <input_file_ref idref="fl-30"/>
      </object_component>
      <object_component id="oc-3b">
         <name>.debug_info</name>
         <load_address>0x35fe</load_address>
         <run_address>0x35fe</run_address>
         <size>0x1f5</size>
         <input_file_ref idref="fl-30"/>
      </object_component>
      <object_component id="oc-2f">
         <name>.debug_info</name>
         <load_address>0x37f3</load_address>
         <run_address>0x37f3</run_address>
         <size>0x1e8</size>
         <input_file_ref idref="fl-30"/>
      </object_component>
      <object_component id="oc-2a">
         <name>.debug_info</name>
         <load_address>0x39db</load_address>
         <run_address>0x39db</run_address>
         <size>0x138</size>
         <input_file_ref idref="fl-30"/>
      </object_component>
      <object_component id="oc-49b">
         <name>.debug_info</name>
         <load_address>0x3b13</load_address>
         <run_address>0x3b13</run_address>
         <size>0x8d</size>
         <input_file_ref idref="fl-30"/>
      </object_component>
      <object_component id="oc-453">
         <name>.debug_info</name>
         <load_address>0x3ba0</load_address>
         <run_address>0x3ba0</run_address>
         <size>0x56a</size>
         <input_file_ref idref="fl-31"/>
      </object_component>
      <object_component id="oc-38c">
         <name>.debug_info</name>
         <load_address>0x410a</load_address>
         <run_address>0x410a</run_address>
         <size>0x148</size>
         <input_file_ref idref="fl-31"/>
      </object_component>
      <object_component id="oc-394">
         <name>.debug_info</name>
         <load_address>0x4252</load_address>
         <run_address>0x4252</run_address>
         <size>0x15e</size>
         <input_file_ref idref="fl-31"/>
      </object_component>
      <object_component id="oc-398">
         <name>.debug_info</name>
         <load_address>0x43b0</load_address>
         <run_address>0x43b0</run_address>
         <size>0xf3</size>
         <input_file_ref idref="fl-32"/>
      </object_component>
      <object_component id="oc-3b4">
         <name>.debug_info</name>
         <load_address>0x44a3</load_address>
         <run_address>0x44a3</run_address>
         <size>0x2c2</size>
         <input_file_ref idref="fl-33"/>
      </object_component>
      <object_component id="oc-407">
         <name>.debug_info</name>
         <load_address>0x4765</load_address>
         <run_address>0x4765</run_address>
         <size>0xe7</size>
         <input_file_ref idref="fl-33"/>
      </object_component>
      <object_component id="oc-3bc">
         <name>.debug_info</name>
         <load_address>0x484c</load_address>
         <run_address>0x484c</run_address>
         <size>0x1a2</size>
         <input_file_ref idref="fl-33"/>
      </object_component>
      <object_component id="oc-3c0">
         <name>.debug_info</name>
         <load_address>0x49ee</load_address>
         <run_address>0x49ee</run_address>
         <size>0x13a</size>
         <input_file_ref idref="fl-33"/>
      </object_component>
      <object_component id="oc-4d">
         <name>.debug_info</name>
         <load_address>0x4b28</load_address>
         <run_address>0x4b28</run_address>
         <size>0x132</size>
         <input_file_ref idref="fl-33"/>
      </object_component>
      <object_component id="oc-3af">
         <name>.debug_info</name>
         <load_address>0x4c5a</load_address>
         <run_address>0x4c5a</run_address>
         <size>0x13a</size>
         <input_file_ref idref="fl-33"/>
      </object_component>
      <object_component id="oc-4b2">
         <name>.debug_info</name>
         <load_address>0x4d94</load_address>
         <run_address>0x4d94</run_address>
         <size>0xb5</size>
         <input_file_ref idref="fl-33"/>
      </object_component>
      <object_component id="oc-4eb">
         <name>.debug_info</name>
         <load_address>0x4e49</load_address>
         <run_address>0x4e49</run_address>
         <size>0x345</size>
         <input_file_ref idref="fl-34"/>
      </object_component>
      <object_component id="oc-45c">
         <name>.debug_info</name>
         <load_address>0x518e</load_address>
         <run_address>0x518e</run_address>
         <size>0x13f</size>
         <input_file_ref idref="fl-34"/>
      </object_component>
      <object_component id="oc-456">
         <name>.debug_info</name>
         <load_address>0x52cd</load_address>
         <run_address>0x52cd</run_address>
         <size>0x139</size>
         <input_file_ref idref="fl-34"/>
      </object_component>
      <object_component id="oc-576">
         <name>.debug_info</name>
         <load_address>0x5406</load_address>
         <run_address>0x5406</run_address>
         <size>0x86</size>
         <input_file_ref idref="fl-34"/>
      </object_component>
      <object_component id="oc-39b">
         <name>.debug_info</name>
         <load_address>0x548c</load_address>
         <run_address>0x548c</run_address>
         <size>0xff</size>
         <input_file_ref idref="fl-35"/>
      </object_component>
      <object_component id="oc-3a2">
         <name>.debug_info</name>
         <load_address>0x558b</load_address>
         <run_address>0x558b</run_address>
         <size>0xfe</size>
         <input_file_ref idref="fl-36"/>
      </object_component>
      <object_component id="oc-3a7">
         <name>.debug_info</name>
         <load_address>0x5689</load_address>
         <run_address>0x5689</run_address>
         <size>0xfe</size>
         <input_file_ref idref="fl-37"/>
      </object_component>
      <object_component id="oc-46d">
         <name>.debug_info</name>
         <load_address>0x5787</load_address>
         <run_address>0x5787</run_address>
         <size>0x223</size>
         <input_file_ref idref="fl-3b"/>
      </object_component>
      <object_component id="oc-3f6">
         <name>.debug_info</name>
         <load_address>0x59aa</load_address>
         <run_address>0x59aa</run_address>
         <size>0x106</size>
         <input_file_ref idref="fl-3e"/>
      </object_component>
      <object_component id="oc-4aa">
         <name>.debug_info</name>
         <load_address>0x5ab0</load_address>
         <run_address>0x5ab0</run_address>
         <size>0xf1</size>
         <input_file_ref idref="fl-3f"/>
      </object_component>
      <object_component id="oc-3ec">
         <name>.debug_info</name>
         <load_address>0x5ba1</load_address>
         <run_address>0x5ba1</run_address>
         <size>0xf4</size>
         <input_file_ref idref="fl-45"/>
      </object_component>
      <object_component id="oc-400">
         <name>.debug_info</name>
         <load_address>0x5c95</load_address>
         <run_address>0x5c95</run_address>
         <size>0xee</size>
         <input_file_ref idref="fl-46"/>
      </object_component>
      <object_component id="oc-3fb">
         <name>.debug_info</name>
         <load_address>0x5d83</load_address>
         <run_address>0x5d83</run_address>
         <size>0xee</size>
         <input_file_ref idref="fl-47"/>
      </object_component>
      <object_component id="oc-3aa">
         <name>.debug_info</name>
         <load_address>0x5e71</load_address>
         <run_address>0x5e71</run_address>
         <size>0xce</size>
         <input_file_ref idref="fl-48"/>
      </object_component>
      <object_component id="oc-423">
         <name>.debug_info</name>
         <load_address>0x5f3f</load_address>
         <run_address>0x5f3f</run_address>
         <size>0x145</size>
         <input_file_ref idref="fl-48"/>
      </object_component>
      <object_component id="oc-4c7">
         <name>.debug_info</name>
         <load_address>0x6084</load_address>
         <run_address>0x6084</run_address>
         <size>0x121</size>
         <input_file_ref idref="fl-4d"/>
      </object_component>
      <object_component id="oc-539">
         <name>.debug_info</name>
         <load_address>0x61a5</load_address>
         <run_address>0x61a5</run_address>
         <size>0xf0</size>
         <input_file_ref idref="fl-51"/>
      </object_component>
      <object_component id="oc-503">
         <name>.debug_info</name>
         <load_address>0x6295</load_address>
         <run_address>0x6295</run_address>
         <size>0x6fc</size>
         <input_file_ref idref="fl-57"/>
      </object_component>
      <object_component id="oc-471">
         <name>.debug_info</name>
         <load_address>0x6991</load_address>
         <run_address>0x6991</run_address>
         <size>0x163</size>
         <input_file_ref idref="fl-57"/>
      </object_component>
      <object_component id="oc-582">
         <name>.debug_info</name>
         <load_address>0x6af4</load_address>
         <run_address>0x6af4</run_address>
         <size>0x48</size>
         <input_file_ref idref="fl-57"/>
      </object_component>
      <object_component id="oc-628">
         <name>.debug_info</name>
         <load_address>0x6b3c</load_address>
         <run_address>0x6b3c</run_address>
         <size>0x1b2</size>
         <input_file_ref idref="fl-58"/>
      </object_component>
      <object_component id="oc-5d8">
         <name>.debug_info</name>
         <load_address>0x6cee</load_address>
         <run_address>0x6cee</run_address>
         <size>0x1a9</size>
         <input_file_ref idref="fl-58"/>
      </object_component>
      <object_component id="oc-5e4">
         <name>.debug_info</name>
         <load_address>0x6e97</load_address>
         <run_address>0x6e97</run_address>
         <size>0x2b9</size>
         <input_file_ref idref="fl-58"/>
      </object_component>
      <object_component id="oc-5de">
         <name>.debug_info</name>
         <load_address>0x7150</load_address>
         <run_address>0x7150</run_address>
         <size>0x206</size>
         <input_file_ref idref="fl-58"/>
      </object_component>
      <object_component id="oc-4be">
         <name>.debug_info</name>
         <load_address>0x7356</load_address>
         <run_address>0x7356</run_address>
         <size>0x2c</size>
         <input_file_ref idref="fl-59"/>
      </object_component>
      <object_component id="oc-4bd">
         <name>.debug_info</name>
         <load_address>0x7382</load_address>
         <run_address>0x7382</run_address>
         <size>0x177</size>
         <input_file_ref idref="fl-5c"/>
      </object_component>
      <object_component id="oc-418">
         <name>.debug_info</name>
         <load_address>0x74f9</load_address>
         <run_address>0x74f9</run_address>
         <size>0x175</size>
         <input_file_ref idref="fl-5c"/>
      </object_component>
      <object_component id="oc-5a1">
         <name>.debug_info</name>
         <load_address>0x766e</load_address>
         <run_address>0x766e</run_address>
         <size>0x34f</size>
         <input_file_ref idref="fl-5e"/>
      </object_component>
      <object_component id="oc-5eb">
         <name>.debug_info</name>
         <load_address>0x79bd</load_address>
         <run_address>0x79bd</run_address>
         <size>0x1e6</size>
         <input_file_ref idref="fl-5e"/>
      </object_component>
      <object_component id="oc-5f1">
         <name>.debug_info</name>
         <load_address>0x7ba3</load_address>
         <run_address>0x7ba3</run_address>
         <size>0x1be</size>
         <input_file_ref idref="fl-5e"/>
      </object_component>
      <object_component id="oc-595">
         <name>.debug_info</name>
         <load_address>0x7d61</load_address>
         <run_address>0x7d61</run_address>
         <size>0x264</size>
         <input_file_ref idref="fl-5e"/>
      </object_component>
      <object_component id="oc-58f">
         <name>.debug_info</name>
         <load_address>0x7fc5</load_address>
         <run_address>0x7fc5</run_address>
         <size>0x252</size>
         <input_file_ref idref="fl-5e"/>
      </object_component>
      <object_component id="oc-59b">
         <name>.debug_info</name>
         <load_address>0x8217</load_address>
         <run_address>0x8217</run_address>
         <size>0x209</size>
         <input_file_ref idref="fl-5e"/>
      </object_component>
      <object_component id="oc-52f">
         <name>.debug_info</name>
         <load_address>0x8420</load_address>
         <run_address>0x8420</run_address>
         <size>0x21b</size>
         <input_file_ref idref="fl-5e"/>
      </object_component>
      <object_component id="oc-665">
         <name>.debug_info</name>
         <load_address>0x863b</load_address>
         <run_address>0x863b</run_address>
         <size>0xa5</size>
      </object_component>
      <object_component id="oc-509">
         <name>.debug_line</name>
         <load_address>0x0</load_address>
         <run_address>0x0</run_address>
         <size>0x390</size>
         <input_file_ref idref="fl-2"/>
      </object_component>
      <object_component id="oc-58d">
         <name>.debug_line</name>
         <load_address>0x390</load_address>
         <run_address>0x390</run_address>
         <size>0x2d</size>
         <input_file_ref idref="fl-2"/>
      </object_component>
      <object_component id="oc-58b">
         <name>.debug_line</name>
         <load_address>0x3bd</load_address>
         <run_address>0x3bd</run_address>
         <size>0x2d</size>
         <input_file_ref idref="fl-2"/>
      </object_component>
      <object_component id="oc-589">
         <name>.debug_line</name>
         <load_address>0x3ea</load_address>
         <run_address>0x3ea</run_address>
         <size>0x2d</size>
         <input_file_ref idref="fl-2"/>
      </object_component>
      <object_component id="oc-4d0">
         <name>.debug_line</name>
         <load_address>0x417</load_address>
         <run_address>0x417</run_address>
         <size>0x6e</size>
         <input_file_ref idref="fl-2"/>
      </object_component>
      <object_component id="oc-50d">
         <name>.debug_line</name>
         <load_address>0x485</load_address>
         <run_address>0x485</run_address>
         <size>0x3a</size>
         <input_file_ref idref="fl-2"/>
      </object_component>
      <object_component id="oc-3e6">
         <name>.debug_line</name>
         <load_address>0x4bf</load_address>
         <run_address>0x4bf</run_address>
         <size>0x75</size>
         <input_file_ref idref="fl-2"/>
      </object_component>
      <object_component id="oc-4f4">
         <name>.debug_line</name>
         <load_address>0x534</load_address>
         <run_address>0x534</run_address>
         <size>0x73</size>
         <input_file_ref idref="fl-2"/>
      </object_component>
      <object_component id="oc-484">
         <name>.debug_line</name>
         <load_address>0x5a7</load_address>
         <run_address>0x5a7</run_address>
         <size>0x72</size>
         <input_file_ref idref="fl-2"/>
      </object_component>
      <object_component id="oc-4f9">
         <name>.debug_line</name>
         <load_address>0x619</load_address>
         <run_address>0x619</run_address>
         <size>0x88</size>
         <input_file_ref idref="fl-2"/>
      </object_component>
      <object_component id="oc-3c9">
         <name>.debug_line</name>
         <load_address>0x6a1</load_address>
         <run_address>0x6a1</run_address>
         <size>0x71</size>
         <input_file_ref idref="fl-2"/>
      </object_component>
      <object_component id="oc-495">
         <name>.debug_line</name>
         <load_address>0x712</load_address>
         <run_address>0x712</run_address>
         <size>0x77</size>
         <input_file_ref idref="fl-2"/>
      </object_component>
      <object_component id="oc-580">
         <name>.debug_line</name>
         <load_address>0x789</load_address>
         <run_address>0x789</run_address>
         <size>0x7a</size>
         <input_file_ref idref="fl-2"/>
      </object_component>
      <object_component id="oc-413">
         <name>.debug_line</name>
         <load_address>0x803</load_address>
         <run_address>0x803</run_address>
         <size>0x20</size>
         <input_file_ref idref="fl-2"/>
      </object_component>
      <object_component id="oc-4a6">
         <name>.debug_line</name>
         <load_address>0x823</load_address>
         <run_address>0x823</run_address>
         <size>0x76</size>
         <input_file_ref idref="fl-2"/>
      </object_component>
      <object_component id="oc-3f2">
         <name>.debug_line</name>
         <load_address>0x899</load_address>
         <run_address>0x899</run_address>
         <size>0x73</size>
         <input_file_ref idref="fl-2"/>
      </object_component>
      <object_component id="oc-512">
         <name>.debug_line</name>
         <load_address>0x90c</load_address>
         <run_address>0x90c</run_address>
         <size>0x6e</size>
         <input_file_ref idref="fl-2"/>
      </object_component>
      <object_component id="oc-4fe">
         <name>.debug_line</name>
         <load_address>0x97a</load_address>
         <run_address>0x97a</run_address>
         <size>0x7d</size>
         <input_file_ref idref="fl-2"/>
      </object_component>
      <object_component id="oc-521">
         <name>.debug_line</name>
         <load_address>0x9f7</load_address>
         <run_address>0x9f7</run_address>
         <size>0x64</size>
         <input_file_ref idref="fl-4"/>
      </object_component>
      <object_component id="oc-4f0">
         <name>.debug_line</name>
         <load_address>0xa5b</load_address>
         <run_address>0xa5b</run_address>
         <size>0x14b</size>
         <input_file_ref idref="fl-6"/>
      </object_component>
      <object_component id="oc-491">
         <name>.debug_line</name>
         <load_address>0xba6</load_address>
         <run_address>0xba6</run_address>
         <size>0x79</size>
         <input_file_ref idref="fl-2f"/>
      </object_component>
      <object_component id="oc-48f">
         <name>.debug_line</name>
         <load_address>0xc1f</load_address>
         <run_address>0xc1f</run_address>
         <size>0x36</size>
         <input_file_ref idref="fl-2f"/>
      </object_component>
      <object_component id="oc-498">
         <name>.debug_line</name>
         <load_address>0xc55</load_address>
         <run_address>0xc55</run_address>
         <size>0x36</size>
         <input_file_ref idref="fl-2f"/>
      </object_component>
      <object_component id="oc-487">
         <name>.debug_line</name>
         <load_address>0xc8b</load_address>
         <run_address>0xc8b</run_address>
         <size>0x36</size>
         <input_file_ref idref="fl-2f"/>
      </object_component>
      <object_component id="oc-48d">
         <name>.debug_line</name>
         <load_address>0xcc1</load_address>
         <run_address>0xcc1</run_address>
         <size>0x36</size>
         <input_file_ref idref="fl-2f"/>
      </object_component>
      <object_component id="oc-23">
         <name>.debug_line</name>
         <load_address>0xcf7</load_address>
         <run_address>0xcf7</run_address>
         <size>0x53</size>
         <input_file_ref idref="fl-2f"/>
      </object_component>
      <object_component id="oc-1f">
         <name>.debug_line</name>
         <load_address>0xd4a</load_address>
         <run_address>0xd4a</run_address>
         <size>0x51</size>
         <input_file_ref idref="fl-2f"/>
      </object_component>
      <object_component id="oc-17">
         <name>.debug_line</name>
         <load_address>0xd9b</load_address>
         <run_address>0xd9b</run_address>
         <size>0x4f</size>
         <input_file_ref idref="fl-2f"/>
      </object_component>
      <object_component id="oc-11">
         <name>.debug_line</name>
         <load_address>0xdea</load_address>
         <run_address>0xdea</run_address>
         <size>0x50</size>
         <input_file_ref idref="fl-2f"/>
      </object_component>
      <object_component id="oc-4a1">
         <name>.debug_line</name>
         <load_address>0xe3a</load_address>
         <run_address>0xe3a</run_address>
         <size>0x5c</size>
         <input_file_ref idref="fl-30"/>
      </object_component>
      <object_component id="oc-49a">
         <name>.debug_line</name>
         <load_address>0xe96</load_address>
         <run_address>0xe96</run_address>
         <size>0x34</size>
         <input_file_ref idref="fl-30"/>
      </object_component>
      <object_component id="oc-466">
         <name>.debug_line</name>
         <load_address>0xeca</load_address>
         <run_address>0xeca</run_address>
         <size>0x4e</size>
         <input_file_ref idref="fl-30"/>
      </object_component>
      <object_component id="oc-3e1">
         <name>.debug_line</name>
         <load_address>0xf18</load_address>
         <run_address>0xf18</run_address>
         <size>0x56</size>
         <input_file_ref idref="fl-30"/>
      </object_component>
      <object_component id="oc-49">
         <name>.debug_line</name>
         <load_address>0xf6e</load_address>
         <run_address>0xf6e</run_address>
         <size>0x68</size>
         <input_file_ref idref="fl-30"/>
      </object_component>
      <object_component id="oc-37">
         <name>.debug_line</name>
         <load_address>0xfd6</load_address>
         <run_address>0xfd6</run_address>
         <size>0x47</size>
         <input_file_ref idref="fl-30"/>
      </object_component>
      <object_component id="oc-43">
         <name>.debug_line</name>
         <load_address>0x101d</load_address>
         <run_address>0x101d</run_address>
         <size>0x59</size>
         <input_file_ref idref="fl-30"/>
      </object_component>
      <object_component id="oc-3d">
         <name>.debug_line</name>
         <load_address>0x1076</load_address>
         <run_address>0x1076</run_address>
         <size>0x71</size>
         <input_file_ref idref="fl-30"/>
      </object_component>
      <object_component id="oc-31">
         <name>.debug_line</name>
         <load_address>0x10e7</load_address>
         <run_address>0x10e7</run_address>
         <size>0x78</size>
         <input_file_ref idref="fl-30"/>
      </object_component>
      <object_component id="oc-28">
         <name>.debug_line</name>
         <load_address>0x115f</load_address>
         <run_address>0x115f</run_address>
         <size>0x44</size>
         <input_file_ref idref="fl-30"/>
      </object_component>
      <object_component id="oc-49d">
         <name>.debug_line</name>
         <load_address>0x11a3</load_address>
         <run_address>0x11a3</run_address>
         <size>0x34</size>
         <input_file_ref idref="fl-30"/>
      </object_component>
      <object_component id="oc-4e8">
         <name>.debug_line</name>
         <load_address>0x11d7</load_address>
         <run_address>0x11d7</run_address>
         <size>0xb4</size>
         <input_file_ref idref="fl-31"/>
      </object_component>
      <object_component id="oc-38f">
         <name>.debug_line</name>
         <load_address>0x128b</load_address>
         <run_address>0x128b</run_address>
         <size>0x55</size>
         <input_file_ref idref="fl-31"/>
      </object_component>
      <object_component id="oc-393">
         <name>.debug_line</name>
         <load_address>0x12e0</load_address>
         <run_address>0x12e0</run_address>
         <size>0x75</size>
         <input_file_ref idref="fl-31"/>
      </object_component>
      <object_component id="oc-390">
         <name>.debug_line</name>
         <load_address>0x1355</load_address>
         <run_address>0x1355</run_address>
         <size>0x97</size>
         <input_file_ref idref="fl-32"/>
      </object_component>
      <object_component id="oc-480">
         <name>.debug_line</name>
         <load_address>0x13ec</load_address>
         <run_address>0x13ec</run_address>
         <size>0x6e</size>
         <input_file_ref idref="fl-33"/>
      </object_component>
      <object_component id="oc-4b1">
         <name>.debug_line</name>
         <load_address>0x145a</load_address>
         <run_address>0x145a</run_address>
         <size>0x32</size>
         <input_file_ref idref="fl-33"/>
      </object_component>
      <object_component id="oc-3ba">
         <name>.debug_line</name>
         <load_address>0x148c</load_address>
         <run_address>0x148c</run_address>
         <size>0x65</size>
         <input_file_ref idref="fl-33"/>
      </object_component>
      <object_component id="oc-3c4">
         <name>.debug_line</name>
         <load_address>0x14f1</load_address>
         <run_address>0x14f1</run_address>
         <size>0x4c</size>
         <input_file_ref idref="fl-33"/>
      </object_component>
      <object_component id="oc-4b">
         <name>.debug_line</name>
         <load_address>0x153d</load_address>
         <run_address>0x153d</run_address>
         <size>0x4f</size>
         <input_file_ref idref="fl-33"/>
      </object_component>
      <object_component id="oc-3b1">
         <name>.debug_line</name>
         <load_address>0x158c</load_address>
         <run_address>0x158c</run_address>
         <size>0x4a</size>
         <input_file_ref idref="fl-33"/>
      </object_component>
      <object_component id="oc-4b4">
         <name>.debug_line</name>
         <load_address>0x15d6</load_address>
         <run_address>0x15d6</run_address>
         <size>0x32</size>
         <input_file_ref idref="fl-33"/>
      </object_component>
      <object_component id="oc-575">
         <name>.debug_line</name>
         <load_address>0x1608</load_address>
         <run_address>0x1608</run_address>
         <size>0x72</size>
         <input_file_ref idref="fl-34"/>
      </object_component>
      <object_component id="oc-45f">
         <name>.debug_line</name>
         <load_address>0x167a</load_address>
         <run_address>0x167a</run_address>
         <size>0x55</size>
         <input_file_ref idref="fl-34"/>
      </object_component>
      <object_component id="oc-459">
         <name>.debug_line</name>
         <load_address>0x16cf</load_address>
         <run_address>0x16cf</run_address>
         <size>0x49</size>
         <input_file_ref idref="fl-34"/>
      </object_component>
      <object_component id="oc-579">
         <name>.debug_line</name>
         <load_address>0x1718</load_address>
         <run_address>0x1718</run_address>
         <size>0x36</size>
         <input_file_ref idref="fl-34"/>
      </object_component>
      <object_component id="oc-39e">
         <name>.debug_line</name>
         <load_address>0x174e</load_address>
         <run_address>0x174e</run_address>
         <size>0x92</size>
         <input_file_ref idref="fl-35"/>
      </object_component>
      <object_component id="oc-3a1">
         <name>.debug_line</name>
         <load_address>0x17e0</load_address>
         <run_address>0x17e0</run_address>
         <size>0x66</size>
         <input_file_ref idref="fl-36"/>
      </object_component>
      <object_component id="oc-3a5">
         <name>.debug_line</name>
         <load_address>0x1846</load_address>
         <run_address>0x1846</run_address>
         <size>0x49</size>
         <input_file_ref idref="fl-37"/>
      </object_component>
      <object_component id="oc-501">
         <name>.debug_line</name>
         <load_address>0x188f</load_address>
         <run_address>0x188f</run_address>
         <size>0x4f</size>
         <input_file_ref idref="fl-3b"/>
      </object_component>
      <object_component id="oc-3f5">
         <name>.debug_line</name>
         <load_address>0x18de</load_address>
         <run_address>0x18de</run_address>
         <size>0x5a</size>
         <input_file_ref idref="fl-3e"/>
      </object_component>
      <object_component id="oc-4a9">
         <name>.debug_line</name>
         <load_address>0x1938</load_address>
         <run_address>0x1938</run_address>
         <size>0x64</size>
         <input_file_ref idref="fl-3f"/>
      </object_component>
      <object_component id="oc-3eb">
         <name>.debug_line</name>
         <load_address>0x199c</load_address>
         <run_address>0x199c</run_address>
         <size>0x56</size>
         <input_file_ref idref="fl-45"/>
      </object_component>
      <object_component id="oc-403">
         <name>.debug_line</name>
         <load_address>0x19f2</load_address>
         <run_address>0x19f2</run_address>
         <size>0x3b</size>
         <input_file_ref idref="fl-46"/>
      </object_component>
      <object_component id="oc-3fe">
         <name>.debug_line</name>
         <load_address>0x1a2d</load_address>
         <run_address>0x1a2d</run_address>
         <size>0x41</size>
         <input_file_ref idref="fl-47"/>
      </object_component>
      <object_component id="oc-47d">
         <name>.debug_line</name>
         <load_address>0x1a6e</load_address>
         <run_address>0x1a6e</run_address>
         <size>0x2a</size>
         <input_file_ref idref="fl-48"/>
      </object_component>
      <object_component id="oc-426">
         <name>.debug_line</name>
         <load_address>0x1a98</load_address>
         <run_address>0x1a98</run_address>
         <size>0x43</size>
         <input_file_ref idref="fl-48"/>
      </object_component>
      <object_component id="oc-4ca">
         <name>.debug_line</name>
         <load_address>0x1adb</load_address>
         <run_address>0x1adb</run_address>
         <size>0x3e</size>
         <input_file_ref idref="fl-4d"/>
      </object_component>
      <object_component id="oc-536">
         <name>.debug_line</name>
         <load_address>0x1b19</load_address>
         <run_address>0x1b19</run_address>
         <size>0x3d</size>
         <input_file_ref idref="fl-51"/>
      </object_component>
      <object_component id="oc-57c">
         <name>.debug_line</name>
         <load_address>0x1b56</load_address>
         <run_address>0x1b56</run_address>
         <size>0x122</size>
         <input_file_ref idref="fl-57"/>
      </object_component>
      <object_component id="oc-475">
         <name>.debug_line</name>
         <load_address>0x1c78</load_address>
         <run_address>0x1c78</run_address>
         <size>0x55</size>
         <input_file_ref idref="fl-57"/>
      </object_component>
      <object_component id="oc-585">
         <name>.debug_line</name>
         <load_address>0x1ccd</load_address>
         <run_address>0x1ccd</run_address>
         <size>0x37</size>
         <input_file_ref idref="fl-57"/>
      </object_component>
      <object_component id="oc-63b">
         <name>.debug_line</name>
         <load_address>0x1d04</load_address>
         <run_address>0x1d04</run_address>
         <size>0x20</size>
         <input_file_ref idref="fl-58"/>
      </object_component>
      <object_component id="oc-5db">
         <name>.debug_line</name>
         <load_address>0x1d24</load_address>
         <run_address>0x1d24</run_address>
         <size>0x4d</size>
         <input_file_ref idref="fl-58"/>
      </object_component>
      <object_component id="oc-5e7">
         <name>.debug_line</name>
         <load_address>0x1d71</load_address>
         <run_address>0x1d71</run_address>
         <size>0x83</size>
         <input_file_ref idref="fl-58"/>
      </object_component>
      <object_component id="oc-5e1">
         <name>.debug_line</name>
         <load_address>0x1df4</load_address>
         <run_address>0x1df4</run_address>
         <size>0x8c</size>
         <input_file_ref idref="fl-58"/>
      </object_component>
      <object_component id="oc-4c1">
         <name>.debug_line</name>
         <load_address>0x1e80</load_address>
         <run_address>0x1e80</run_address>
         <size>0x6e</size>
         <input_file_ref idref="fl-59"/>
      </object_component>
      <object_component id="oc-51d">
         <name>.debug_line</name>
         <load_address>0x1eee</load_address>
         <run_address>0x1eee</run_address>
         <size>0x20</size>
         <input_file_ref idref="fl-5c"/>
      </object_component>
      <object_component id="oc-41a">
         <name>.debug_line</name>
         <load_address>0x1f0e</load_address>
         <run_address>0x1f0e</run_address>
         <size>0x47</size>
         <input_file_ref idref="fl-5c"/>
      </object_component>
      <object_component id="oc-5f9">
         <name>.debug_line</name>
         <load_address>0x1f55</load_address>
         <run_address>0x1f55</run_address>
         <size>0x55</size>
         <input_file_ref idref="fl-5e"/>
      </object_component>
      <object_component id="oc-5ee">
         <name>.debug_line</name>
         <load_address>0x1faa</load_address>
         <run_address>0x1faa</run_address>
         <size>0x53</size>
         <input_file_ref idref="fl-5e"/>
      </object_component>
      <object_component id="oc-5f5">
         <name>.debug_line</name>
         <load_address>0x1ffd</load_address>
         <run_address>0x1ffd</run_address>
         <size>0x57</size>
         <input_file_ref idref="fl-5e"/>
      </object_component>
      <object_component id="oc-598">
         <name>.debug_line</name>
         <load_address>0x2054</load_address>
         <run_address>0x2054</run_address>
         <size>0xb4</size>
         <input_file_ref idref="fl-5e"/>
      </object_component>
      <object_component id="oc-592">
         <name>.debug_line</name>
         <load_address>0x2108</load_address>
         <run_address>0x2108</run_address>
         <size>0x120</size>
         <input_file_ref idref="fl-5e"/>
      </object_component>
      <object_component id="oc-59e">
         <name>.debug_line</name>
         <load_address>0x2228</load_address>
         <run_address>0x2228</run_address>
         <size>0x19a</size>
         <input_file_ref idref="fl-5e"/>
      </object_component>
      <object_component id="oc-532">
         <name>.debug_line</name>
         <load_address>0x23c2</load_address>
         <run_address>0x23c2</run_address>
         <size>0xc1</size>
         <input_file_ref idref="fl-5e"/>
      </object_component>
      <object_component id="oc-4cf">
         <name>.debug_frame</name>
         <load_address>0x0</load_address>
         <run_address>0x0</run_address>
         <size>0x3c</size>
         <input_file_ref idref="fl-2"/>
      </object_component>
      <object_component id="oc-520">
         <name>.debug_frame</name>
         <load_address>0x3c</load_address>
         <run_address>0x3c</run_address>
         <size>0x40</size>
         <input_file_ref idref="fl-4"/>
      </object_component>
      <object_component id="oc-21">
         <name>.debug_frame</name>
         <load_address>0x7c</load_address>
         <run_address>0x7c</run_address>
         <size>0x44</size>
         <input_file_ref idref="fl-2f"/>
      </object_component>
      <object_component id="oc-1b">
         <name>.debug_frame</name>
         <load_address>0xc0</load_address>
         <run_address>0xc0</run_address>
         <size>0x44</size>
         <input_file_ref idref="fl-2f"/>
      </object_component>
      <object_component id="oc-15">
         <name>.debug_frame</name>
         <load_address>0x104</load_address>
         <run_address>0x104</run_address>
         <size>0x3c</size>
         <input_file_ref idref="fl-2f"/>
      </object_component>
      <object_component id="oc-f">
         <name>.debug_frame</name>
         <load_address>0x140</load_address>
         <run_address>0x140</run_address>
         <size>0x3c</size>
         <input_file_ref idref="fl-2f"/>
      </object_component>
      <object_component id="oc-465">
         <name>.debug_frame</name>
         <load_address>0x17c</load_address>
         <run_address>0x17c</run_address>
         <size>0x4c</size>
         <input_file_ref idref="fl-30"/>
      </object_component>
      <object_component id="oc-3e0">
         <name>.debug_frame</name>
         <load_address>0x1c8</load_address>
         <run_address>0x1c8</run_address>
         <size>0x3c</size>
         <input_file_ref idref="fl-30"/>
      </object_component>
      <object_component id="oc-48">
         <name>.debug_frame</name>
         <load_address>0x204</load_address>
         <run_address>0x204</run_address>
         <size>0x3c</size>
         <input_file_ref idref="fl-30"/>
      </object_component>
      <object_component id="oc-34">
         <name>.debug_frame</name>
         <load_address>0x240</load_address>
         <run_address>0x240</run_address>
         <size>0x3c</size>
         <input_file_ref idref="fl-30"/>
      </object_component>
      <object_component id="oc-40">
         <name>.debug_frame</name>
         <load_address>0x27c</load_address>
         <run_address>0x27c</run_address>
         <size>0x40</size>
         <input_file_ref idref="fl-30"/>
      </object_component>
      <object_component id="oc-3a">
         <name>.debug_frame</name>
         <load_address>0x2bc</load_address>
         <run_address>0x2bc</run_address>
         <size>0x48</size>
         <input_file_ref idref="fl-30"/>
      </object_component>
      <object_component id="oc-2e">
         <name>.debug_frame</name>
         <load_address>0x304</load_address>
         <run_address>0x304</run_address>
         <size>0x40</size>
         <input_file_ref idref="fl-30"/>
      </object_component>
      <object_component id="oc-29">
         <name>.debug_frame</name>
         <load_address>0x344</load_address>
         <run_address>0x344</run_address>
         <size>0x3c</size>
         <input_file_ref idref="fl-30"/>
      </object_component>
      <object_component id="oc-38b">
         <name>.debug_frame</name>
         <load_address>0x380</load_address>
         <run_address>0x380</run_address>
         <size>0x3c</size>
         <input_file_ref idref="fl-31"/>
      </object_component>
      <object_component id="oc-397">
         <name>.debug_frame</name>
         <load_address>0x3bc</load_address>
         <run_address>0x3bc</run_address>
         <size>0x40</size>
         <input_file_ref idref="fl-31"/>
      </object_component>
      <object_component id="oc-3bb">
         <name>.debug_frame</name>
         <load_address>0x3fc</load_address>
         <run_address>0x3fc</run_address>
         <size>0x48</size>
         <input_file_ref idref="fl-33"/>
      </object_component>
      <object_component id="oc-3c3">
         <name>.debug_frame</name>
         <load_address>0x444</load_address>
         <run_address>0x444</run_address>
         <size>0x40</size>
         <input_file_ref idref="fl-33"/>
      </object_component>
      <object_component id="oc-4c">
         <name>.debug_frame</name>
         <load_address>0x484</load_address>
         <run_address>0x484</run_address>
         <size>0x3c</size>
         <input_file_ref idref="fl-33"/>
      </object_component>
      <object_component id="oc-3b2">
         <name>.debug_frame</name>
         <load_address>0x4c0</load_address>
         <run_address>0x4c0</run_address>
         <size>0x40</size>
         <input_file_ref idref="fl-33"/>
      </object_component>
      <object_component id="oc-460">
         <name>.debug_frame</name>
         <load_address>0x500</load_address>
         <run_address>0x500</run_address>
         <size>0x40</size>
         <input_file_ref idref="fl-34"/>
      </object_component>
      <object_component id="oc-45a">
         <name>.debug_frame</name>
         <load_address>0x540</load_address>
         <run_address>0x540</run_address>
         <size>0x44</size>
         <input_file_ref idref="fl-34"/>
      </object_component>
      <object_component id="oc-427">
         <name>.debug_frame</name>
         <load_address>0x584</load_address>
         <run_address>0x584</run_address>
         <size>0x34</size>
[...]
      <symbol id="sm-2ec">
         <name>UCA1TXBUF_L</name>
         <value>0x5ee</value>
      </symbol>
      <symbol id="sm-2ed">
         <name>UCA1TXBUF_H</name>
         <value>0x5ef</value>
      </symbol>
      <symbol id="sm-2ee">
         <name>UCA1ABCTL</name>
         <value>0x5f0</value>
      </symbol>
      <symbol id="sm-2ef">
         <name>UCA1IRCTL</name>
         <value>0x5f2</value>
      </symbol>
      <symbol id="sm-2f0">
         <name>UCA1IRCTL_L</name>
         <value>0x5f2</value>
      </symbol>
      <symbol id="sm-2f1">
         <name>UCA1IRCTL_H</name>
         <value>0x5f3</value>
      </symbol>
      <symbol id="sm-2f2">
         <name>UCA1IE</name>
         <value>0x5fa</value>
      </symbol>
      <symbol id="sm-2f3">
         <name>UCA1IE_L</name>
         <value>0x5fa</value>
      </symbol>
      <symbol id="sm-2f4">
         <name>UCA1IE_H</name>
         <value>0x5fb</value>
      </symbol>
      <symbol id="sm-2f5">
         <name>UCA1IFG</name>
         <value>0x5fc</value>
      </symbol>
      <symbol id="sm-2f6">
         <name>UCA1IFG_L</name>
         <value>0x5fc</value>
      </symbol>
      <symbol id="sm-2f7">
         <name>UCA1IFG_H</name>
         <value>0x5fd</value>
      </symbol>
      <symbol id="sm-2f8">
         <name>UCA1IV</name>
         <value>0x5fe</value>
      </symbol>
      <symbol id="sm-2f9">
         <name>UCB0CTLW0</name>
         <value>0x640</value>
      </symbol>
      <symbol id="sm-2fa">
         <name>UCB0CTLW0_L</name>
         <value>0x640</value>
      </symbol>
      <symbol id="sm-2fb">
         <name>UCB0CTLW0_H</name>
         <value>0x641</value>
      </symbol>
      <symbol id="sm-2fc">
         <name>UCB0CTLW1</name>
         <value>0x642</value>
      </symbol>
      <symbol id="sm-2fd">
         <name>UCB0CTLW1_L</name>
         <value>0x642</value>
      </symbol>
      <symbol id="sm-2fe">
         <name>UCB0CTLW1_H</name>
         <value>0x643</value>
      </symbol>
      <symbol id="sm-2ff">
         <name>UCB0BRW</name>
         <value>0x646</value>
      </symbol>
      <symbol id="sm-300">
         <name>UCB0BRW_L</name>
         <value>0x646</value>
      </symbol>
      <symbol id="sm-301">
         <name>UCB0BRW_H</name>
         <value>0x647</value>
      </symbol>
      <symbol id="sm-302">
         <name>UCB0STATW</name>
         <value>0x648</value>
      </symbol>
      <symbol id="sm-303">
         <name>UCB0STATW_L</name>
         <value>0x648</value>
      </symbol>
      <symbol id="sm-304">
         <name>UCB0STATW_H</name>
         <value>0x649</value>
      </symbol>
      <symbol id="sm-305">
         <name>UCB0TBCNT</name>
         <value>0x64a</value>
      </symbol>
      <symbol id="sm-306">
         <name>UCB0TBCNT_L</name>
         <value>0x64a</value>
      </symbol>
      <symbol id="sm-307">
         <name>UCB0TBCNT_H</name>
         <value>0x64b</value>
      </symbol>
      <symbol id="sm-308">
         <name>UCB0RXBUF</name>
         <value>0x64c</value>
      </symbol>
      <symbol id="sm-309">
         <name>UCB0RXBUF_L</name>
         <value>0x64c</value>
      </symbol>
      <symbol id="sm-30a">
         <name>UCB0RXBUF_H</name>
         <value>0x64d</value>
      </symbol>
      <symbol id="sm-30b">
         <name>UCB0TXBUF</name>
         <value>0x64e</value>
      </symbol>
      <symbol id="sm-30c">
         <name>UCB0TXBUF_L</name>
         <value>0x64e</value>
      </symbol>
      <symbol id="sm-30d">
         <name>UCB0TXBUF_H</name>
         <value>0x64f</value>
      </symbol>
      <symbol id="sm-30e">
         <name>UCB0I2COA0</name>
         <value>0x654</value>
      </symbol>
      <symbol id="sm-30f">
         <name>UCB0I2COA0_L</name>
         <value>0x654</value>
      </symbol>
      <symbol id="sm-310">
         <name>UCB0I2COA0_H</name>
         <value>0x655</value>
      </symbol>
      <symbol id="sm-311">
         <name>UCB0I2COA1</name>
         <value>0x656</value>
      </symbol>
      <symbol id="sm-312">
         <name>UCB0I2COA1_L</name>
         <value>0x656</value>
      </symbol>
      <symbol id="sm-313">
         <name>UCB0I2COA1_H</name>
         <value>0x657</value>
      </symbol>
      <symbol id="sm-314">
         <name>UCB0I2COA2</name>
         <value>0x658</value>
      </symbol>
      <symbol id="sm-315">
         <name>UCB0I2COA2_L</name>
         <value>0x658</value>
      </symbol>
      <symbol id="sm-316">
         <name>UCB0I2COA2_H</name>
         <value>0x659</value>
      </symbol>
      <symbol id="sm-317">
         <name>UCB0I2COA3</name>
         <value>0x65a</value>
      </symbol>
      <symbol id="sm-318">
         <name>UCB0I2COA3_L</name>
         <value>0x65a</value>
      </symbol>
      <symbol id="sm-319">
         <name>UCB0I2COA3_H</name>
         <value>0x65b</value>
      </symbol>
      <symbol id="sm-31a">
         <name>UCB0ADDRX</name>
         <value>0x65c</value>
      </symbol>
      <symbol id="sm-31b">
         <name>UCB0ADDRX_L</name>
         <value>0x65c</value>
      </symbol>
      <symbol id="sm-31c">
         <name>UCB0ADDRX_H</name>
         <value>0x65d</value>
      </symbol>
      <symbol id="sm-31d">
         <name>UCB0ADDMASK</name>
         <value>0x65e</value>
      </symbol>
      <symbol id="sm-31e">
         <name>UCB0ADDMASK_L</name>
         <value>0x65e</value>
      </symbol>
      <symbol id="sm-31f">
         <name>UCB0ADDMASK_H</name>
         <value>0x65f</value>
      </symbol>
      <symbol id="sm-320">
         <name>UCB0I2CSA</name>
         <value>0x660</value>
      </symbol>
      <symbol id="sm-321">
         <name>UCB0I2CSA_L</name>
         <value>0x660</value>
      </symbol>
      <symbol id="sm-322">
         <name>UCB0I2CSA_H</name>
         <value>0x661</value>
      </symbol>
      <symbol id="sm-323">
         <name>UCB0IE</name>
         <value>0x66a</value>
      </symbol>
      <symbol id="sm-324">
         <name>UCB0IE_L</name>
         <value>0x66a</value>
      </symbol>
      <symbol id="sm-325">
         <name>UCB0IE_H</name>
         <value>0x66b</value>
      </symbol>
      <symbol id="sm-326">
         <name>UCB0IFG</name>
         <value>0x66c</value>
      </symbol>
      <symbol id="sm-327">
         <name>UCB0IFG_L</name>
         <value>0x66c</value>
      </symbol>
      <symbol id="sm-328">
         <name>UCB0IFG_H</name>
         <value>0x66d</value>
      </symbol>
      <symbol id="sm-329">
         <name>UCB0IV</name>
         <value>0x66e</value>
      </symbol>
      <symbol id="sm-32a">
         <name>WDTCTL</name>
         <value>0x15c</value>
      </symbol>
      <symbol id="sm-32b">
         <name>WDTCTL_L</name>
         <value>0x15c</value>
      </symbol>
      <symbol id="sm-32c">
         <name>WDTCTL_H</name>
         <value>0x15d</value>
      </symbol>
      <symbol id="sm-32d">
         <name>__STACK_SIZE</name>
         <value>0xa0</value>
      </symbol>
      <symbol id="sm-32e">
         <name>__STACK_END</name>
         <value>0x2400</value>
      </symbol>
      <symbol id="sm-32f">
         <name>__c_args__</name>
         <value>0xffffffff</value>
      </symbol>
      <symbol id="sm-330">
         <name>__TI_pprof_out_hndl</name>
         <value>0xffffffff</value>
      </symbol>
      <symbol id="sm-331">
         <name>__TI_prof_data_start</name>
         <value>0xffffffff</value>
      </symbol>
      <symbol id="sm-332">
         <name>__TI_prof_data_size</name>
         <value>0xffffffff</value>
      </symbol>
      <symbol id="sm-3a7">
         <name>fkey</name>
         <value>0xdc9e</value>
         <object_component_ref idref="oc-528"/>
      </symbol>
      <symbol id="sm-3a8">
         <name>msg</name>
         <value>0xd6fe</value>
         <object_component_ref idref="oc-52b"/>
      </symbol>
      <symbol id="sm-3a9">
         <name>main</name>
         <value>0xd172</value>
         <object_component_ref idref="oc-4cb"/>
      </symbol>
      <symbol id="sm-3b7">
         <name>TI_MSPBoot_AppMgr_ValidateApp</name>
         <value>0xd610</value>
         <object_component_ref idref="oc-51f"/>
      </symbol>
      <symbol id="sm-3be">
         <name>RWData</name>
         <value>0x1c08</value>
      </symbol>
      <symbol id="sm-3f9">
         <name>ADXL_REAsxD_STATUS</name>
         <value>0xdcbc</value>
         <object_component_ref idref="oc-3cf"/>
      </symbol>
      <symbol id="sm-3fa">
         <name>ACCEL_initialize</name>
         <value>0xd572</value>
         <object_component_ref idref="oc-e"/>
      </symbol>
      <symbol id="sm-3fb">
         <name>ADXL_READ_XYZ_8BIT</name>
         <value>0xdcae</value>
         <object_component_ref idref="oc-3d4"/>
      </symbol>
      <symbol id="sm-3fc">
         <name>ADXL_CONFIG_MEAS</name>
         <value>0xdcb8</value>
         <object_component_ref idref="oc-3b6"/>
      </symbol>
      <symbol id="sm-3fd">
         <name>ACCEL_range</name>
         <value>0xd59a</value>
         <object_component_ref idref="oc-14"/>
      </symbol>
      <symbol id="sm-3fe">
         <name>ACCEL_singleSample</name>
         <value>0xd32e</value>
         <object_component_ref idref="oc-20"/>
      </symbol>
      <symbol id="sm-3ff">
         <name>ADXL_CONFIG_FILTER</name>
         <value>0xdcb4</value>
         <object_component_ref idref="oc-3cb"/>
      </symbol>
      <symbol id="sm-400">
         <name>ACCEL_readStat</name>
         <value>0xd512</value>
         <object_component_ref idref="oc-1a"/>
      </symbol>
      <symbol id="sm-461">
         <name>INT_ADC12</name>
         <value>0xd634</value>
         <object_component_ref idref="oc-461"/>
      </symbol>
      <symbol id="sm-462">
         <name>ADC_read</name>
         <value>0xd2e4</value>
         <object_component_ref idref="oc-44"/>
      </symbol>
      <symbol id="sm-463">
         <name>ADC_rawToTemperature</name>
         <value>0xce22</value>
         <object_component_ref idref="oc-38"/>
      </symbol>
      <symbol id="sm-464">
         <name>ADC_rawCorrection</name>
         <value>0xd5c2</value>
         <object_component_ref idref="oc-32"/>
      </symbol>
      <symbol id="sm-465">
         <name>ADC_init</name>
         <value>0xd6be</value>
         <object_component_ref idref="oc-26"/>
      </symbol>
      <symbol id="sm-466">
         <name>ADC_rawToVoltage</name>
         <value>0xcfc2</value>
         <object_component_ref idref="oc-3e"/>
      </symbol>
      <symbol id="sm-467">
         <name>ADC_setInputChannel</name>
         <value>0xd3ec</value>
         <object_component_ref idref="oc-3dc"/>
      </symbol>
      <symbol id="sm-468">
         <name>ADC_initCustom</name>
         <value>0xd072</value>
         <object_component_ref idref="oc-2c"/>
      </symbol>
      <symbol id="sm-47c">
         <name>rfid</name>
         <value>0x1cda</value>
      </symbol>
      <symbol id="sm-47d">
         <name>cmd</name>
         <value>0x1c78</value>
      </symbol>
      <symbol id="sm-47e">
         <name>dataBuf</name>
         <value>0x1cca</value>
      </symbol>
      <symbol id="sm-47f">
         <name>isDoingLowPwrSleep</name>
         <value>0x1d04</value>
      </symbol>
      <symbol id="sm-480">
         <name>WISP_init</name>
         <value>0xcc62</value>
         <object_component_ref idref="oc-392"/>
      </symbol>
      <symbol id="sm-481">
         <name>CopyWispISRs</name>
         <value>0xd4a0</value>
         <object_component_ref idref="oc-38a"/>
      </symbol>
      <symbol id="sm-48c">
         <name>RX_ISR</name>
         <value>0xc934</value>
         <object_component_ref idref="oc-389"/>
      </symbol>
      <symbol id="sm-4bf">
         <name>gpRxBuf</name>
         <value>0x1c96</value>
      </symbol>
      <symbol id="sm-4c0">
         <name>SPI_transaction</name>
         <value>0xd1e0</value>
         <object_component_ref idref="oc-3b9"/>
      </symbol>
      <symbol id="sm-4c1">
         <name>SPI_releasePort</name>
         <value>0xd6ac</value>
         <object_component_ref idref="oc-3bf"/>
      </symbol>
      <symbol id="sm-4c2">
         <name>SPI_initialize</name>
         <value>0xd428</value>
         <object_component_ref idref="oc-4a"/>
      </symbol>
      <symbol id="sm-4c3">
         <name>SPI_acquirePort</name>
         <value>0xd69a</value>
         <object_component_ref idref="oc-3ad"/>
      </symbol>
      <symbol id="sm-4dd">
         <name>IEMctx</name>
         <value>0x1cf6</value>
      </symbol>
      <symbol id="sm-4de">
         <name>TIMER3_A0_ISR</name>
         <value>0xd296</value>
         <object_component_ref idref="oc-45b"/>
      </symbol>
      <symbol id="sm-4df">
         <name>TIMER0_B0_ISR</name>
         <value>0xd654</value>
         <object_component_ref idref="oc-455"/>
      </symbol>
      <symbol id="sm-4f1">
         <name>Timer0A0_ISR</name>
         <value>0xcef2</value>
         <object_component_ref idref="oc-39a"/>
      </symbol>
      <symbol id="sm-4fc">
         <name>Timer0A1_ISR</name>
         <value>0xd0fe</value>
         <object_component_ref idref="oc-39f"/>
      </symbol>
      <symbol id="sm-504">
         <name>Timer1A0_ISR</name>
         <value>0xd6de</value>
         <object_component_ref idref="oc-3a4"/>
      </symbol>
      <symbol id="sm-50d">
         <name>usrBank</name>
         <value>0x1c58</value>
      </symbol>
      <symbol id="sm-51b">
         <name>__mspabi_remli</name>
         <value>0xd36e</value>
         <object_component_ref idref="oc-3f4"/>
      </symbol>
      <symbol id="sm-51c">
         <name>__mspabi_divli</name>
         <value>0xd36e</value>
         <object_component_ref idref="oc-3f4"/>
      </symbol>
      <symbol id="sm-52a">
         <name>__mspabi_remul</name>
         <value>0xd23e</value>
         <object_component_ref idref="oc-4a8"/>
      </symbol>
      <symbol id="sm-52b">
         <name>__mspabi_divul</name>
         <value>0xd23e</value>
         <object_component_ref idref="oc-4a8"/>
      </symbol>
      <symbol id="sm-538">
         <name>__mspabi_sral_15</name>
         <value>0xd3ae</value>
         <object_component_ref idref="oc-3e9"/>
      </symbol>
      <symbol id="sm-539">
         <name>__mspabi_sral_14</name>
         <value>0xd3b2</value>
         <object_component_ref idref="oc-3e9"/>
      </symbol>
      <symbol id="sm-53a">
         <name>__mspabi_sral_13</name>
         <value>0xd3b6</value>
         <object_component_ref idref="oc-3e9"/>
      </symbol>
      <symbol id="sm-53b">
         <name>__mspabi_sral_12</name>
         <value>0xd3ba</value>
         <object_component_ref idref="oc-3e9"/>
      </symbol>
      <symbol id="sm-53c">
         <name>__mspabi_sral_11</name>
         <value>0xd3be</value>
         <object_component_ref idref="oc-3e9"/>
      </symbol>
      <symbol id="sm-53d">
         <name>__mspabi_sral_10</name>
         <value>0xd3c2</value>
         <object_component_ref idref="oc-3e9"/>
      </symbol>
      <symbol id="sm-53e">
         <name>__mspabi_sral_8</name>
         <value>0xd3ca</value>
         <object_component_ref idref="oc-3e9"/>
      </symbol>
      <symbol id="sm-53f">
         <name>__mspabi_sral_9</name>
         <value>0xd3c6</value>
         <object_component_ref idref="oc-3e9"/>
      </symbol>
      <symbol id="sm-540">
         <name>__mspabi_sral_6</name>
         <value>0xd3d2</value>
         <object_component_ref idref="oc-3e9"/>
      </symbol>
      <symbol id="sm-541">
         <name>__mspabi_sral_7</name>
         <value>0xd3ce</value>
         <object_component_ref idref="oc-3e9"/>
      </symbol>
      <symbol id="sm-542">
         <name>__mspabi_sral_4</name>
         <value>0xd3da</value>
         <object_component_ref idref="oc-3e9"/>
      </symbol>
      <symbol id="sm-543">
         <name>__mspabi_sral_5</name>
         <value>0xd3d6</value>
         <object_component_ref idref="oc-3e9"/>
      </symbol>
      <symbol id="sm-544">
         <name>__mspabi_sral_2</name>
         <value>0xd3e2</value>
         <object_component_ref idref="oc-3e9"/>
      </symbol>
      <symbol id="sm-545">
         <name>__mspabi_sral_3</name>
         <value>0xd3de</value>
         <object_component_ref idref="oc-3e9"/>
      </symbol>
      <symbol id="sm-546">
         <name>__mspabi_sral_1</name>
         <value>0xd3e6</value>
         <object_component_ref idref="oc-3e9"/>
      </symbol>
      <symbol id="sm-54f">
         <name>__mspabi_srli</name>
         <value>0xd6ea</value>
         <object_component_ref idref="oc-3ff"/>
      </symbol>
      <symbol id="sm-559">
         <name>__mspabi_srll</name>
         <value>0xd6ce</value>
         <object_component_ref idref="oc-3fa"/>
      </symbol>
      <symbol id="sm-568">
         <name>_c_int00_noinit_noargs</name>
         <value>0xd686</value>
         <object_component_ref idref="oc-422"/>
      </symbol>
      <symbol id="sm-569">
         <name>_stack</name>
         <value>0x2360</value>
         <object_component_ref idref="oc-3a9"/>
      </symbol>
      <symbol id="sm-56a">
         <name>_reset_vector</name>
         <value>0xfffe</value>
         <object_component_ref idref="oc-3ac"/>
      </symbol>
      <symbol id="sm-577">
         <name>_system_pre_init</name>
         <value>0xd6fa</value>
         <object_component_ref idref="oc-4c5"/>
      </symbol>
      <symbol id="sm-584">
         <name>C$$EXIT</name>
         <value>0xd6f4</value>
         <object_component_ref idref="oc-535"/>
      </symbol>
      <symbol id="sm-585">
         <name>abort</name>
         <value>0xd6f4</value>
         <object_component_ref idref="oc-535"/>
      </symbol>
      <symbol id="sm-59c">
         <name>prevDecryptOffset</name>
         <value>0x1d00</value>
      </symbol>
      <symbol id="sm-59d">
         <name>receivedWords</name>
         <value>0x1cfc</value>
      </symbol>
      <symbol id="sm-59e">
         <name>secuCommMode</name>
         <value>0x1d02</value>
      </symbol>
      <symbol id="sm-59f">
         <name>initAuthenticateState</name>
         <value>0xd670</value>
         <object_component_ref idref="oc-470"/>
      </symbol>
      <symbol id="sm-5c2">
         <name>AES_init_ctx_iv</name>
         <value>0xd5ea</value>
         <object_component_ref idref="oc-5d7"/>
      </symbol>
      <symbol id="sm-5c3">
         <name>AES256_encryptData</name>
         <value>0xca4e</value>
         <object_component_ref idref="oc-5e3"/>
      </symbol>
      <symbol id="sm-5c4">
         <name>AES256_setCipherKey</name>
         <value>0xcd46</value>
         <object_component_ref idref="oc-5dd"/>
      </symbol>
      <symbol id="sm-5db">
         <name>memcpy</name>
         <value>0xd464</value>
         <object_component_ref idref="oc-415"/>
      </symbol>
      <symbol id="sm-634">
         <name>aes_ctx</name>
         <value>0x1c38</value>
      </symbol>
      <symbol id="sm-635">
         <name>tc_cmac_AIO</name>
         <value>0xcb62</value>
         <object_component_ref idref="oc-52e"/>
      </symbol>
      <symbol id="sm-636">
         <name>tc_cmac_setup</name>
         <value>0xc698</value>
         <object_component_ref idref="oc-58e"/>
      </symbol>
      <symbol id="sm-637">
         <name>tc_cmac_update</name>
         <value>0xc004</value>
         <object_component_ref idref="oc-594"/>
      </symbol>
      <symbol id="sm-638">
         <name>tc_aes_encrypt</name>
         <value>0xd4da</value>
         <object_component_ref idref="oc-5f0"/>
      </symbol>
      <symbol id="sm-639">
         <name>tc_cmac_final</name>
         <value>0xc3ec</value>
         <object_component_ref idref="oc-59a"/>
      </symbol>
      <symbol id="sm-63a">
         <name>_copy</name>
         <value>0xd546</value>
         <object_component_ref idref="oc-5ea"/>
      </symbol>
   </symbol_table>
   <title>Link successful</title>
</link_info>
