<?xml version="1.0" encoding="ISO-8859-1" ?>
<link_info>
   <banner>MSP430 Linker PC v18.12.4.LTS</banner>
   <copyright>Copyright (c) 2003-2018 Texas Instruments Incorporated</copyright>
   <link_time>0x5f900388</link_time>
   <link_errors>0x0</link_errors>
   <output_file>FRAM_R_time.out</output_file>
   <entry_point>
      <name>_c_int00_noinit_noargs</name>
      <address>0xc8e2</address>
   </entry_point>
   <input_file_list>
      <input_file id="fl-2">
         <path>.\</path>
         <kind>object</kind>
         <file>main.obj</file>
         <name>main.obj</name>
      </input_file>
      <input_file id="fl-3">
         <path>.\AppMgr\</path>
         <kind>object</kind>
         <file>Crc.obj</file>
         <name>Crc.obj</name>
      </input_file>
      <input_file id="fl-4">
         <path>.\AppMgr\</path>
         <kind>object</kind>
         <file>TI_MSPBoot_AppMgrDualImg.obj</file>
         <name>TI_MSPBoot_AppMgrDualImg.obj</name>
      </input_file>
      <input_file id="fl-5">
         <path>.\Comm\NWK_APP\</path>
         <kind>object</kind>
         <file>TI_MSPBoot_CI_NWK_APP_BSL_CC1101.obj</file>
         <name>TI_MSPBoot_CI_NWK_APP_BSL_CC1101.obj</name>
      </input_file>
      <input_file id="fl-6">
         <path>.\Comm\PHY_DataLink\</path>
         <kind>object</kind>
         <file>TI_MSPBoot_CI_PHYDL_wisp5.obj</file>
         <name>TI_MSPBoot_CI_PHYDL_wisp5.obj</name>
      </input_file>
      <input_file id="fl-7">
         <path>.\MI\</path>
         <kind>object</kind>
         <file>TI_MSPBoot_MI_FRAMDualImg.obj</file>
         <name>TI_MSPBoot_MI_FRAMDualImg.obj</name>
      </input_file>
      <input_file id="fl-3c">
         <path>C:\ti\ccs930\ccs\tools\compiler\ti-cgt-msp430_18.12.4.LTS\lib\</path>
         <kind>archive</kind>
         <file>rts430x_lc_ld_eabi.lib</file>
         <name>copy_decompress_lzss.c.obj</name>
      </input_file>
      <input_file id="fl-3d">
         <path>C:\ti\ccs930\ccs\tools\compiler\ti-cgt-msp430_18.12.4.LTS\lib\</path>
         <kind>archive</kind>
         <file>rts430x_lc_ld_eabi.lib</file>
         <name>copy_decompress_none.c.obj</name>
      </input_file>
      <input_file id="fl-4c">
         <path>C:\ti\ccs930\ccs\tools\compiler\ti-cgt-msp430_18.12.4.LTS\lib\</path>
         <kind>archive</kind>
         <file>rts430x_lc_ld_eabi.lib</file>
         <name>mpu_init.c.obj</name>
      </input_file>
      <input_file id="fl-50">
         <path>C:\ti\ccs930\ccs\tools\compiler\ti-cgt-msp430_18.12.4.LTS\lib\</path>
         <kind>archive</kind>
         <file>rts430x_lc_ld_eabi.lib</file>
         <name>pre_init.c.obj</name>
      </input_file>
      <input_file id="fl-51">
         <path>C:\ti\ccs930\ccs\tools\compiler\ti-cgt-msp430_18.12.4.LTS\lib\</path>
         <kind>archive</kind>
         <file>rts430x_lc_ld_eabi.lib</file>
         <name>cpy_tbl.c.obj</name>
      </input_file>
      <input_file id="fl-54">
         <path>C:\ti\ccs930\ccs\tools\compiler\ti-cgt-msp430_18.12.4.LTS\lib\</path>
         <kind>archive</kind>
         <file>rts430x_lc_ld_eabi.lib</file>
         <name>exit_gvars.c.obj</name>
      </input_file>
      <input_file id="fl-55">
         <path>C:\ti\ccs930\ccs\tools\compiler\ti-cgt-msp430_18.12.4.LTS\lib\</path>
         <kind>archive</kind>
         <file>rts430x_lc_ld_eabi.lib</file>
         <name>_lock.c.obj</name>
      </input_file>
      <input_file id="fl-5e">
         <path>C:\ti\ccs930\ccs\tools\compiler\ti-cgt-msp430_18.12.4.LTS\lib\</path>
         <kind>archive</kind>
         <file>rts430x_lc_ld_eabi.lib</file>
         <name>memcpy.c.obj</name>
      </input_file>
      <input_file id="fl-5f">
         <path>C:\ti\ccs930\ccs\tools\compiler\ti-cgt-msp430_18.12.4.LTS\lib\</path>
         <kind>archive</kind>
         <file>rts430x_lc_ld_eabi.lib</file>
         <name>memset.c.obj</name>
      </input_file>
      <input_file id="fl-62">
         <path>C:\Users\nokia\AppData\Local\Temp\</path>
         <kind>object</kind>
         <file>{6656C4A9-8BF4-48AD-8F4A-54265F207044}</file>
         <name>{6656C4A9-8BF4-48AD-8F4A-54265F207044}</name>
      </input_file>
      <input_file id="fl-f">
         <kind>object</kind>
         <file>&lt;internal&gt;</file>
         <name>&lt;internal&gt;</name>
      </input_file>
      <input_file id="fl-2f">
         <path>C:\Users\nokia\Documents\GitHub\wisp_broadcast\wisp5-base\CCS\wisp-base\build\</path>
         <kind>archive</kind>
         <file>wisp-base.lib</file>
         <name>accel.obj</name>
      </input_file>
      <input_file id="fl-30">
         <path>C:\Users\nokia\Documents\GitHub\wisp_broadcast\wisp5-base\CCS\wisp-base\build\</path>
         <kind>archive</kind>
         <file>wisp-base.lib</file>
         <name>adc.obj</name>
      </input_file>
      <input_file id="fl-31">
         <path>C:\Users\nokia\Documents\GitHub\wisp_broadcast\wisp5-base\CCS\wisp-base\build\</path>
         <kind>archive</kind>
         <file>wisp-base.lib</file>
         <name>spi.obj</name>
      </input_file>
      <input_file id="fl-32">
         <path>C:\Users\nokia\Documents\GitHub\wisp_broadcast\wisp5-base\CCS\wisp-base\build\</path>
         <kind>archive</kind>
         <file>wisp-base.lib</file>
         <name>timer.obj</name>
      </input_file>
      <input_file id="fl-33">
         <path>C:\Users\nokia\Documents\GitHub\wisp_broadcast\wisp5-base\CCS\wisp-base\build\</path>
         <kind>archive</kind>
         <file>wisp-base.lib</file>
         <name>WISP_doRFID.obj</name>
      </input_file>
      <input_file id="fl-34">
         <path>C:\Users\nokia\Documents\GitHub\wisp_broadcast\wisp5-base\CCS\wisp-base\build\</path>
         <kind>archive</kind>
         <file>wisp-base.lib</file>
         <name>Clocking.obj</name>
      </input_file>
      <input_file id="fl-35">
         <path>C:\Users\nokia\Documents\GitHub\wisp_broadcast\wisp5-base\CCS\wisp-base\build\</path>
         <kind>archive</kind>
         <file>wisp-base.lib</file>
         <name>interface.obj</name>
      </input_file>
      <input_file id="fl-36">
         <path>C:\Users\nokia\Documents\GitHub\wisp_broadcast\wisp5-base\CCS\wisp-base\build\</path>
         <kind>archive</kind>
         <file>wisp-base.lib</file>
         <name>wisp-init.obj</name>
      </input_file>
      <input_file id="fl-37">
         <path>C:\Users\nokia\Documents\GitHub\wisp_broadcast\wisp5-base\CCS\wisp-base\build\</path>
         <kind>archive</kind>
         <file>wisp-base.lib</file>
         <name>RX_ISR.obj</name>
      </input_file>
      <input_file id="fl-38">
         <path>C:\Users\nokia\Documents\GitHub\wisp_broadcast\wisp5-base\CCS\wisp-base\build\</path>
         <kind>archive</kind>
         <file>wisp-base.lib</file>
         <name>IEM.obj</name>
      </input_file>
      <input_file id="fl-39">
         <path>C:\Users\nokia\Documents\GitHub\wisp_broadcast\wisp5-base\CCS\wisp-base\build\</path>
         <kind>archive</kind>
         <file>wisp-base.lib</file>
         <name>Timer0A0_ISR.obj</name>
      </input_file>
      <input_file id="fl-3a">
         <path>C:\Users\nokia\Documents\GitHub\wisp_broadcast\wisp5-base\CCS\wisp-base\build\</path>
         <kind>archive</kind>
         <file>wisp-base.lib</file>
         <name>Timer0A1_ISR.obj</name>
      </input_file>
      <input_file id="fl-3b">
         <path>C:\Users\nokia\Documents\GitHub\wisp_broadcast\wisp5-base\CCS\wisp-base\build\</path>
         <kind>archive</kind>
         <file>wisp-base.lib</file>
         <name>Timer1A0_ISR.obj</name>
      </input_file>
      <input_file id="fl-3e">
         <path>C:\ti\ccs930\ccs\tools\compiler\ti-cgt-msp430_18.12.4.LTS\lib\</path>
         <kind>archive</kind>
         <file>rts430x_lc_ld_eabi.lib</file>
         <name>div32s.asm.obj</name>
      </input_file>
      <input_file id="fl-3f">
         <path>C:\ti\ccs930\ccs\tools\compiler\ti-cgt-msp430_18.12.4.LTS\lib\</path>
         <kind>archive</kind>
         <file>rts430x_lc_ld_eabi.lib</file>
         <name>div32u.asm.obj</name>
      </input_file>
      <input_file id="fl-40">
         <path>C:\ti\ccs930\ccs\tools\compiler\ti-cgt-msp430_18.12.4.LTS\lib\</path>
         <kind>archive</kind>
         <file>rts430x_lc_ld_eabi.lib</file>
         <name>mult16.asm.obj</name>
      </input_file>
      <input_file id="fl-41">
         <path>C:\ti\ccs930\ccs\tools\compiler\ti-cgt-msp430_18.12.4.LTS\lib\</path>
         <kind>archive</kind>
         <file>rts430x_lc_ld_eabi.lib</file>
         <name>mult16_f5hw.asm.obj</name>
      </input_file>
      <input_file id="fl-42">
         <path>C:\ti\ccs930\ccs\tools\compiler\ti-cgt-msp430_18.12.4.LTS\lib\</path>
         <kind>archive</kind>
         <file>rts430x_lc_ld_eabi.lib</file>
         <name>mult32.asm.obj</name>
      </input_file>
      <input_file id="fl-43">
         <path>C:\ti\ccs930\ccs\tools\compiler\ti-cgt-msp430_18.12.4.LTS\lib\</path>
         <kind>archive</kind>
         <file>rts430x_lc_ld_eabi.lib</file>
         <name>mult32_f5hw.asm.obj</name>
      </input_file>
      <input_file id="fl-44">
         <path>C:\ti\ccs930\ccs\tools\compiler\ti-cgt-msp430_18.12.4.LTS\lib\</path>
         <kind>archive</kind>
         <file>rts430x_lc_ld_eabi.lib</file>
         <name>mult64_f5hw.asm.obj</name>
      </input_file>
      <input_file id="fl-45">
         <path>C:\ti\ccs930\ccs\tools\compiler\ti-cgt-msp430_18.12.4.LTS\lib\</path>
         <kind>archive</kind>
         <file>rts430x_lc_ld_eabi.lib</file>
         <name>mult1632_f5hw.asm.obj</name>
      </input_file>
      <input_file id="fl-46">
         <path>C:\ti\ccs930\ccs\tools\compiler\ti-cgt-msp430_18.12.4.LTS\lib\</path>
         <kind>archive</kind>
         <file>rts430x_lc_ld_eabi.lib</file>
         <name>mult3264_f5hw.asm.obj</name>
      </input_file>
      <input_file id="fl-47">
         <path>C:\ti\ccs930\ccs\tools\compiler\ti-cgt-msp430_18.12.4.LTS\lib\</path>
         <kind>archive</kind>
         <file>rts430x_lc_ld_eabi.lib</file>
         <name>mult1632.asm.obj</name>
      </input_file>
      <input_file id="fl-48">
         <path>C:\ti\ccs930\ccs\tools\compiler\ti-cgt-msp430_18.12.4.LTS\lib\</path>
         <kind>archive</kind>
         <file>rts430x_lc_ld_eabi.lib</file>
         <name>asr32.asm.obj</name>
      </input_file>
      <input_file id="fl-49">
         <path>C:\ti\ccs930\ccs\tools\compiler\ti-cgt-msp430_18.12.4.LTS\lib\</path>
         <kind>archive</kind>
         <file>rts430x_lc_ld_eabi.lib</file>
         <name>lsr16.asm.obj</name>
      </input_file>
      <input_file id="fl-4a">
         <path>C:\ti\ccs930\ccs\tools\compiler\ti-cgt-msp430_18.12.4.LTS\lib\</path>
         <kind>archive</kind>
         <file>rts430x_lc_ld_eabi.lib</file>
         <name>lsr32.asm.obj</name>
      </input_file>
      <input_file id="fl-4b">
         <path>C:\ti\ccs930\ccs\tools\compiler\ti-cgt-msp430_18.12.4.LTS\lib\</path>
         <kind>archive</kind>
         <file>rts430x_lc_ld_eabi.lib</file>
         <name>boot.c.obj</name>
      </input_file>
      <input_file id="fl-4d">
         <path>C:\ti\ccs930\ccs\tools\compiler\ti-cgt-msp430_18.12.4.LTS\lib\</path>
         <kind>archive</kind>
         <file>rts430x_lc_ld_eabi.lib</file>
         <name>args_main.c.obj</name>
      </input_file>
      <input_file id="fl-4e">
         <path>C:\ti\ccs930\ccs\tools\compiler\ti-cgt-msp430_18.12.4.LTS\lib\</path>
         <kind>archive</kind>
         <file>rts430x_lc_ld_eabi.lib</file>
         <name>autoinit.c.obj</name>
      </input_file>
      <input_file id="fl-4f">
         <path>C:\ti\ccs930\ccs\tools\compiler\ti-cgt-msp430_18.12.4.LTS\lib\</path>
         <kind>archive</kind>
         <file>rts430x_lc_ld_eabi.lib</file>
         <name>startup.c.obj</name>
      </input_file>
      <input_file id="fl-52">
         <path>C:\Users\nokia\Documents\GitHub\wisp_broadcast\wisp5-base\CCS\wisp-base\build\</path>
         <kind>archive</kind>
         <file>wisp-base.lib</file>
         <name>crc16_ccitt.obj</name>
      </input_file>
      <input_file id="fl-53">
         <path>C:\ti\ccs930\ccs\tools\compiler\ti-cgt-msp430_18.12.4.LTS\lib\</path>
         <kind>archive</kind>
         <file>rts430x_lc_ld_eabi.lib</file>
         <name>exit.c.obj</name>
      </input_file>
      <input_file id="fl-56">
         <path>C:\Users\nokia\Documents\GitHub\wisp_broadcast\wisp5-base\CCS\wisp-base\build\</path>
         <kind>archive</kind>
         <file>wisp-base.lib</file>
         <name>rfid_Handles.obj</name>
      </input_file>
      <input_file id="fl-57">
         <path>C:\Users\nokia\Documents\GitHub\wisp_broadcast\wisp5-base\CCS\wisp-base\build\</path>
         <kind>archive</kind>
         <file>wisp-base.lib</file>
         <name>TxFM0.obj</name>
      </input_file>
      <input_file id="fl-58">
         <path>C:\Users\nokia\Documents\GitHub\wisp_broadcast\wisp5-base\CCS\wisp-base\build\</path>
         <kind>archive</kind>
         <file>wisp-base.lib</file>
         <name>rfid_BlockWriteHandle.obj</name>
      </input_file>
      <input_file id="fl-59">
         <path>C:\Users\nokia\Documents\GitHub\wisp_broadcast\wisp5-base\CCS\wisp-base\build\</path>
         <kind>archive</kind>
         <file>wisp-base.lib</file>
         <name>authenticate.obj</name>
      </input_file>
      <input_file id="fl-5a">
         <path>C:\Users\nokia\Documents\GitHub\wisp_broadcast\wisp5-base\CCS\wisp-base\build\</path>
         <kind>archive</kind>
         <file>wisp-base.lib</file>
         <name>aes256.obj</name>
      </input_file>
      <input_file id="fl-5b">
         <path>C:\Users\nokia\Documents\GitHub\wisp_broadcast\wisp5-base\CCS\wisp-base\build\</path>
         <kind>archive</kind>
         <file>wisp-base.lib</file>
         <name>tina.obj</name>
      </input_file>
      <input_file id="fl-5c">
         <path>C:\Users\nokia\Documents\GitHub\wisp_broadcast\wisp5-base\CCS\wisp-base\build\</path>
         <kind>archive</kind>
         <file>wisp-base.lib</file>
         <name>rfid_ReadHandle.obj</name>
      </input_file>
      <input_file id="fl-5d">
         <path>C:\Users\nokia\Documents\GitHub\wisp_broadcast\wisp5-base\CCS\wisp-base\build\</path>
         <kind>archive</kind>
         <file>wisp-base.lib</file>
         <name>rfid_WriteHandle.obj</name>
      </input_file>
      <input_file id="fl-60">
         <path>C:\Users\nokia\Documents\GitHub\wisp_broadcast\wisp5-base\CCS\wisp-base\build\</path>
         <kind>archive</kind>
         <file>wisp-base.lib</file>
         <name>cmac_mode.obj</name>
      </input_file>
   </input_file_list>
   <object_component_list>
      <object_component id="oc-442">
         <name>.bss:ADC_SM</name>
         <uninitialized>true</uninitialized>
         <run_address>0x1cba</run_address>
         <size>0xc</size>
         <input_file_ref idref="fl-30"/>
      </object_component>
      <object_component id="oc-446">
         <name>.bss:spiSM</name>
         <uninitialized>true</uninitialized>
         <run_address>0x1c8a</run_address>
         <size>0x10</size>
         <input_file_ref idref="fl-31"/>
      </object_component>
      <object_component id="oc-3ad">
         <name>.common:gpRxBuf</name>
         <uninitialized>true</uninitialized>
         <run_address>0x1c76</run_address>
         <size>0x14</size>
      </object_component>
      <object_component id="oc-599">
         <name>.common:usrBank</name>
         <uninitialized>true</uninitialized>
         <run_address>0x1c38</run_address>
         <size>0x20</size>
      </object_component>
      <object_component id="oc-493">
         <name>.common:rfid</name>
         <uninitialized>true</uninitialized>
         <run_address>0x1caa</run_address>
         <size>0x10</size>
      </object_component>
      <object_component id="oc-4aa">
         <name>.common:cmd</name>
         <uninitialized>true</uninitialized>
         <run_address>0x1c58</run_address>
         <size>0x1e</size>
      </object_component>
      <object_component id="oc-597">
         <name>.common:dataBuf</name>
         <uninitialized>true</uninitialized>
         <run_address>0x1c9a</run_address>
         <size>0x10</size>
      </object_component>
      <object_component id="oc-4ac">
         <name>.common:isDoingLowPwrSleep</name>
         <uninitialized>true</uninitialized>
         <run_address>0x1cd4</run_address>
         <size>0x1</size>
      </object_component>
      <object_component id="oc-543">
         <name>.common:IEMctx</name>
         <uninitialized>true</uninitialized>
         <run_address>0x1cc6</run_address>
         <size>0x6</size>
      </object_component>
      <object_component id="oc-5dc">
         <name>.common:prevDecryptOffset</name>
         <uninitialized>true</uninitialized>
         <run_address>0x1cd0</run_address>
         <size>0x2</size>
      </object_component>
      <object_component id="oc-5d8">
         <name>.common:receivedWords</name>
         <uninitialized>true</uninitialized>
         <run_address>0x1ccc</run_address>
         <size>0x4</size>
      </object_component>
      <object_component id="oc-5db">
         <name>.common:secuCommMode</name>
         <uninitialized>true</uninitialized>
         <run_address>0x1cd2</run_address>
         <size>0x2</size>
      </object_component>
      <object_component id="oc-598">
         <name>.common:RWData</name>
         <uninitialized>true</uninitialized>
         <run_address>0x1c08</run_address>
         <size>0x30</size>
      </object_component>
      <object_component id="oc-3a3">
         <name>.stack</name>
         <uninitialized>true</uninitialized>
         <run_address>0x2360</run_address>
         <size>0x4</size>
         <input_file_ref idref="fl-4b"/>
      </object_component>
      <object_component id="oc-63c">
         <name>.stack</name>
         <uninitialized>true</uninitialized>
         <run_address>0x2360</run_address>
         <size>0x0</size>
      </object_component>
      <object_component id="oc-389">
         <name>.text</name>
         <load_address>0xc004</load_address>
         <run_address>0xc004</run_address>
         <size>0x11a</size>
         <input_file_ref idref="fl-37"/>
      </object_component>
      <object_component id="oc-394">
         <name>.text</name>
         <load_address>0xc11e</load_address>
         <run_address>0xc11e</run_address>
         <size>0xd0</size>
         <input_file_ref idref="fl-39"/>
      </object_component>
      <object_component id="oc-54a">
         <name>.text:WISP_init</name>
         <load_address>0xc1ee</load_address>
         <run_address>0xc1ee</run_address>
         <size>0xae</size>
         <input_file_ref idref="fl-36"/>
      </object_component>
      <object_component id="oc-38">
         <name>.text:ADC_rawToTemperature</name>
         <load_address>0xc29c</load_address>
         <run_address>0xc29c</run_address>
         <size>0x86</size>
         <input_file_ref idref="fl-30"/>
      </object_component>
      <object_component id="oc-3e">
         <name>.text:ADC_rawToVoltage</name>
         <load_address>0xc322</load_address>
         <run_address>0xc322</run_address>
         <size>0x7c</size>
         <input_file_ref idref="fl-30"/>
      </object_component>
      <object_component id="oc-3b3">
         <name>.text:SPI_transaction</name>
         <load_address>0xc39e</load_address>
         <run_address>0xc39e</run_address>
         <size>0x7c</size>
         <input_file_ref idref="fl-31"/>
      </object_component>
      <object_component id="oc-399">
         <name>.text</name>
         <load_address>0xc41a</load_address>
         <run_address>0xc41a</run_address>
         <size>0x74</size>
         <input_file_ref idref="fl-3a"/>
      </object_component>
      <object_component id="oc-4e0">
         <name>.text</name>
         <load_address>0xc48e</load_address>
         <run_address>0xc48e</run_address>
         <size>0x58</size>
         <input_file_ref idref="fl-3f"/>
      </object_component>
      <object_component id="oc-38d">
         <name>.text:CopyWispISRs</name>
         <load_address>0xc4e6</load_address>
         <run_address>0xc4e6</run_address>
         <size>0x50</size>
         <input_file_ref idref="fl-36"/>
      </object_component>
      <object_component id="oc-49d">
         <name>.text:_isr:TIMER3_A0_ISR</name>
         <load_address>0xc536</load_address>
         <run_address>0xc536</run_address>
         <size>0x4e</size>
         <input_file_ref idref="fl-38"/>
      </object_component>
      <object_component id="oc-20">
         <name>.text:ACCEL_singleSample</name>
         <load_address>0xc584</load_address>
         <run_address>0xc584</run_address>
         <size>0x40</size>
         <input_file_ref idref="fl-2f"/>
      </object_component>
      <object_component id="oc-41a">
         <name>.text</name>
         <load_address>0xc5c4</load_address>
         <run_address>0xc5c4</run_address>
         <size>0x40</size>
         <input_file_ref idref="fl-3e"/>
      </object_component>
      <object_component id="oc-2c">
         <name>.text:ADC_initCustom</name>
         <load_address>0xc604</load_address>
         <run_address>0xc604</run_address>
         <size>0x3e</size>
         <input_file_ref idref="fl-30"/>
      </object_component>
      <object_component id="oc-409">
         <name>.text:l_asr_const</name>
         <load_address>0xc642</load_address>
         <run_address>0xc642</run_address>
         <size>0x3e</size>
         <input_file_ref idref="fl-48"/>
      </object_component>
      <object_component id="oc-3f1">
         <name>.text:ADC_setInputChannel</name>
         <load_address>0xc680</load_address>
         <run_address>0xc680</run_address>
         <size>0x3c</size>
         <input_file_ref idref="fl-30"/>
      </object_component>
      <object_component id="oc-4a">
         <name>.text:SPI_initialize</name>
         <load_address>0xc6bc</load_address>
         <run_address>0xc6bc</run_address>
         <size>0x3c</size>
         <input_file_ref idref="fl-31"/>
      </object_component>
      <object_component id="oc-524">
         <name>.text:main</name>
         <load_address>0xc6f8</load_address>
         <run_address>0xc6f8</run_address>
         <size>0x3a</size>
         <input_file_ref idref="fl-2"/>
      </object_component>
      <object_component id="oc-1a">
         <name>.text:ACCEL_readStat</name>
         <load_address>0xc732</load_address>
         <run_address>0xc732</run_address>
         <size>0x34</size>
         <input_file_ref idref="fl-2f"/>
      </object_component>
      <object_component id="oc-44">
         <name>.text:ADC_read</name>
         <load_address>0xc766</load_address>
         <run_address>0xc766</run_address>
         <size>0x30</size>
         <input_file_ref idref="fl-30"/>
      </object_component>
      <object_component id="oc-e">
         <name>.text:ACCEL_initialize</name>
         <load_address>0xc796</load_address>
         <run_address>0xc796</run_address>
         <size>0x28</size>
         <input_file_ref idref="fl-2f"/>
      </object_component>
      <object_component id="oc-14">
         <name>.text:ACCEL_range</name>
         <load_address>0xc7be</load_address>
         <run_address>0xc7be</run_address>
         <size>0x28</size>
         <input_file_ref idref="fl-2f"/>
      </object_component>
      <object_component id="oc-3d3">
         <name>.text:ADC_setReference</name>
         <load_address>0xc7e6</load_address>
         <run_address>0xc7e6</run_address>
         <size>0x28</size>
         <input_file_ref idref="fl-30"/>
      </object_component>
      <object_component id="oc-41f">
         <name>.text</name>
         <load_address>0xc80e</load_address>
         <run_address>0xc80e</run_address>
         <size>0x24</size>
         <input_file_ref idref="fl-43"/>
      </object_component>
      <object_component id="oc-4a3">
         <name>.text:_isr:INT_ADC12</name>
         <load_address>0xc832</load_address>
         <run_address>0xc832</run_address>
         <size>0x20</size>
         <input_file_ref idref="fl-30"/>
      </object_component>
      <object_component id="oc-404">
         <name>.text:__mpyul</name>
         <load_address>0xc852</load_address>
         <run_address>0xc852</run_address>
         <size>0x1c</size>
         <input_file_ref idref="fl-45"/>
      </object_component>
      <object_component id="oc-497">
         <name>.text:_isr:TIMER0_B0_ISR</name>
         <load_address>0xc86e</load_address>
         <run_address>0xc86e</run_address>
         <size>0x1c</size>
         <input_file_ref idref="fl-38"/>
      </object_component>
      <object_component id="oc-3eb">
         <name>.text:ADC_enableInterrupts</name>
         <load_address>0xc88a</load_address>
         <run_address>0xc88a</run_address>
         <size>0x1a</size>
         <input_file_ref idref="fl-30"/>
      </object_component>
      <object_component id="oc-59c">
         <name>.text:initAuthenticateState</name>
         <load_address>0xc8a4</load_address>
         <run_address>0xc8a4</run_address>
         <size>0x16</size>
         <input_file_ref idref="fl-59"/>
      </object_component>
      <object_component id="oc-32">
         <name>.text:ADC_rawCorrection</name>
         <load_address>0xc8ba</load_address>
         <run_address>0xc8ba</run_address>
         <size>0x14</size>
         <input_file_ref idref="fl-30"/>
      </object_component>
      <object_component id="oc-3df">
         <name>.text:ADC_setSampleHold</name>
         <load_address>0xc8ce</load_address>
         <run_address>0xc8ce</run_address>
         <size>0x14</size>
         <input_file_ref idref="fl-30"/>
      </object_component>
      <object_component id="oc-463">
         <name>.text:_isr:_c_int00_noinit_noargs</name>
         <load_address>0xc8e2</load_address>
         <run_address>0xc8e2</run_address>
         <size>0x14</size>
         <input_file_ref idref="fl-4b"/>
      </object_component>
      <object_component id="oc-3a7">
         <name>.text:SPI_acquirePort</name>
         <load_address>0xc8f6</load_address>
         <run_address>0xc8f6</run_address>
         <size>0x12</size>
         <input_file_ref idref="fl-31"/>
      </object_component>
      <object_component id="oc-3b9">
         <name>.text:SPI_releasePort</name>
         <load_address>0xc908</load_address>
         <run_address>0xc908</run_address>
         <size>0x12</size>
         <input_file_ref idref="fl-31"/>
      </object_component>
      <object_component id="oc-26">
         <name>.text:ADC_init</name>
         <load_address>0xc91a</load_address>
         <run_address>0xc91a</run_address>
         <size>0x10</size>
         <input_file_ref idref="fl-30"/>
      </object_component>
      <object_component id="oc-42b">
         <name>.text:l_lsr</name>
         <load_address>0xc92a</load_address>
         <run_address>0xc92a</run_address>
         <size>0x10</size>
         <input_file_ref idref="fl-4a"/>
      </object_component>
      <object_component id="oc-436">
         <name>.text:ADC_asyncRead</name>
         <load_address>0xc93a</load_address>
         <run_address>0xc93a</run_address>
         <size>0xe</size>
         <input_file_ref idref="fl-30"/>
      </object_component>
      <object_component id="oc-39e">
         <name>.text</name>
         <load_address>0xc948</load_address>
         <run_address>0xc948</run_address>
         <size>0xc</size>
         <input_file_ref idref="fl-3b"/>
      </object_component>
      <object_component id="oc-3f7">
         <name>.text:ADC_enableConversion</name>
         <load_address>0xc954</load_address>
         <run_address>0xc954</run_address>
         <size>0xa</size>
         <input_file_ref idref="fl-30"/>
      </object_component>
      <object_component id="oc-3e5">
         <name>.text:ADC_setPrecision</name>
         <load_address>0xc95e</load_address>
         <run_address>0xc95e</run_address>
         <size>0xa</size>
         <input_file_ref idref="fl-30"/>
      </object_component>
      <object_component id="oc-430">
         <name>.text</name>
         <load_address>0xc968</load_address>
         <run_address>0xc968</run_address>
         <size>0xa</size>
         <input_file_ref idref="fl-49"/>
      </object_component>
      <object_component id="oc-3d9">
         <name>.text:ADC_enable</name>
         <load_address>0xc972</load_address>
         <run_address>0xc972</run_address>
         <size>0x8</size>
         <input_file_ref idref="fl-30"/>
      </object_component>
      <object_component id="oc-43c">
         <name>.text:ADC_isBusy</name>
         <load_address>0xc97a</load_address>
         <run_address>0xc97a</run_address>
         <size>0x8</size>
         <input_file_ref idref="fl-30"/>
      </object_component>
      <object_component id="oc-425">
         <name>.text:ADC_getPrecision</name>
         <load_address>0xc982</load_address>
         <run_address>0xc982</run_address>
         <size>0x6</size>
         <input_file_ref idref="fl-30"/>
      </object_component>
      <object_component id="oc-414">
         <name>.text:ADC_getReference</name>
         <load_address>0xc988</load_address>
         <run_address>0xc988</run_address>
         <size>0x6</size>
         <input_file_ref idref="fl-30"/>
      </object_component>
      <object_component id="oc-551">
         <name>.text:abort</name>
         <load_address>0xc98e</load_address>
         <run_address>0xc98e</run_address>
         <size>0x6</size>
         <input_file_ref idref="fl-53"/>
      </object_component>
      <object_component id="oc-51e">
         <name>.text:_system_pre_init</name>
         <load_address>0xc994</load_address>
         <run_address>0xc994</run_address>
         <size>0x4</size>
         <input_file_ref idref="fl-50"/>
      </object_component>
      <object_component id="oc-3ce">
         <name>.const:.string:ADXL_READ_XYZ_8BIT</name>
         <load_address>0xc998</load_address>
         <run_address>0xc998</run_address>
         <size>0x5</size>
         <input_file_ref idref="fl-2f"/>
      </object_component>
      <object_component id="oc-3c5">
         <name>.const:.string:ADXL_CONFIG_FILTER</name>
         <load_address>0xc99e</load_address>
         <run_address>0xc99e</run_address>
         <size>0x3</size>
         <input_file_ref idref="fl-2f"/>
      </object_component>
      <object_component id="oc-3b0">
         <name>.const:.string:ADXL_CONFIG_MEAS</name>
         <load_address>0xc9a2</load_address>
         <run_address>0xc9a2</run_address>
         <size>0x3</size>
         <input_file_ref idref="fl-2f"/>
      </object_component>
      <object_component id="oc-3c9">
         <name>.const:.string:ADXL_REAsxD_STATUS</name>
         <load_address>0xc9a6</load_address>
         <run_address>0xc9a6</run_address>
         <size>0x3</size>
         <input_file_ref idref="fl-2f"/>
      </object_component>
      <object_component id="oc-3a6">
         <name>.reset</name>
         <load_address>0xfffe</load_address>
         <run_address>0xfffe</run_address>
         <size>0x2</size>
         <input_file_ref idref="fl-4b"/>
      </object_component>
      <object_component id="oc-3cd">
         <name>.debug_info</name>
         <load_address>0x0</load_address>
         <run_address>0x0</run_address>
         <size>0x2ab</size>
         <input_file_ref idref="fl-2f"/>
      </object_component>
      <object_component id="oc-3ca">
         <name>.debug_info</name>
         <load_address>0x2ab</load_address>
         <run_address>0x2ab</run_address>
         <size>0x10b</size>
         <input_file_ref idref="fl-2f"/>
      </object_component>
      <object_component id="oc-3cf">
         <name>.debug_info</name>
         <load_address>0x3b6</load_address>
         <run_address>0x3b6</run_address>
         <size>0x10b</size>
         <input_file_ref idref="fl-2f"/>
      </object_component>
      <object_component id="oc-3b1">
         <name>.debug_info</name>
         <load_address>0x4c1</load_address>
         <run_address>0x4c1</run_address>
         <size>0x107</size>
         <input_file_ref idref="fl-2f"/>
      </object_component>
      <object_component id="oc-3c6">
         <name>.debug_info</name>
         <load_address>0x5c8</load_address>
         <run_address>0x5c8</run_address>
         <size>0x10b</size>
         <input_file_ref idref="fl-2f"/>
      </object_component>
      <object_component id="oc-22">
         <name>.debug_info</name>
         <load_address>0x6d3</load_address>
         <run_address>0x6d3</run_address>
         <size>0x1b7</size>
         <input_file_ref idref="fl-2f"/>
      </object_component>
      <object_component id="oc-1e">
         <name>.debug_info</name>
         <load_address>0x88a</load_address>
         <run_address>0x88a</run_address>
         <size>0x1af</size>
         <input_file_ref idref="fl-2f"/>
      </object_component>
      <object_component id="oc-17">
         <name>.debug_info</name>
         <load_address>0xa39</load_address>
         <run_address>0xa39</run_address>
         <size>0x17f</size>
         <input_file_ref idref="fl-2f"/>
      </object_component>
      <object_component id="oc-12">
         <name>.debug_info</name>
         <load_address>0xbb8</load_address>
         <run_address>0xbb8</run_address>
         <size>0x189</size>
         <input_file_ref idref="fl-2f"/>
      </object_component>
      <object_component id="oc-403">
         <name>.debug_info</name>
         <load_address>0xd41</load_address>
         <run_address>0xd41</run_address>
         <size>0x383</size>
         <input_file_ref idref="fl-30"/>
      </object_component>
      <object_component id="oc-443">
         <name>.debug_info</name>
         <load_address>0x10c4</load_address>
         <run_address>0x10c4</run_address>
         <size>0xf0</size>
         <input_file_ref idref="fl-30"/>
      </object_component>
      <object_component id="oc-4a5">
         <name>.debug_info</name>
         <load_address>0x11b4</load_address>
         <run_address>0x11b4</run_address>
         <size>0x137</size>
         <input_file_ref idref="fl-30"/>
      </object_component>
      <object_component id="oc-3e1">
         <name>.debug_info</name>
         <load_address>0x12eb</load_address>
         <run_address>0x12eb</run_address>
         <size>0x142</size>
         <input_file_ref idref="fl-30"/>
      </object_component>
      <object_component id="oc-3d5">
         <name>.debug_info</name>
         <load_address>0x142d</load_address>
         <run_address>0x142d</run_address>
         <size>0x176</size>
         <input_file_ref idref="fl-30"/>
      </object_component>
      <object_component id="oc-3e7">
         <name>.debug_info</name>
         <load_address>0x15a3</load_address>
         <run_address>0x15a3</run_address>
         <size>0x176</size>
         <input_file_ref idref="fl-30"/>
      </object_component>
      <object_component id="oc-3f3">
         <name>.debug_info</name>
         <load_address>0x1719</load_address>
         <run_address>0x1719</run_address>
         <size>0x174</size>
         <input_file_ref idref="fl-30"/>
      </object_component>
      <object_component id="oc-3ed">
         <name>.debug_info</name>
         <load_address>0x188d</load_address>
         <run_address>0x188d</run_address>
         <size>0x148</size>
         <input_file_ref idref="fl-30"/>
      </object_component>
      <object_component id="oc-438">
         <name>.debug_info</name>
         <load_address>0x19d5</load_address>
         <run_address>0x19d5</run_address>
         <size>0x184</size>
         <input_file_ref idref="fl-30"/>
      </object_component>
      <object_component id="oc-43e">
         <name>.debug_info</name>
         <load_address>0x1b59</load_address>
         <run_address>0x1b59</run_address>
         <size>0x135</size>
         <input_file_ref idref="fl-30"/>
      </object_component>
      <object_component id="oc-46">
         <name>.debug_info</name>
         <load_address>0x1c8e</load_address>
         <run_address>0x1c8e</run_address>
         <size>0x156</size>
         <input_file_ref idref="fl-30"/>
      </object_component>
      <object_component id="oc-416">
         <name>.debug_info</name>
         <load_address>0x1de4</load_address>
         <run_address>0x1de4</run_address>
         <size>0x144</size>
         <input_file_ref idref="fl-30"/>
      </object_component>
      <object_component id="oc-427">
         <name>.debug_info</name>
         <load_address>0x1f28</load_address>
         <run_address>0x1f28</run_address>
         <size>0x144</size>
         <input_file_ref idref="fl-30"/>
      </object_component>
      <object_component id="oc-34">
         <name>.debug_info</name>
         <load_address>0x206c</load_address>
         <run_address>0x206c</run_address>
         <size>0x18d</size>
         <input_file_ref idref="fl-30"/>
      </object_component>
      <object_component id="oc-40">
         <name>.debug_info</name>
         <load_address>0x21f9</load_address>
         <run_address>0x21f9</run_address>
         <size>0x257</size>
         <input_file_ref idref="fl-30"/>
      </object_component>
      <object_component id="oc-3a">
         <name>.debug_info</name>
         <load_address>0x2450</load_address>
         <run_address>0x2450</run_address>
         <size>0x22b</size>
         <input_file_ref idref="fl-30"/>
      </object_component>
      <object_component id="oc-3db">
         <name>.debug_info</name>
         <load_address>0x267b</load_address>
         <run_address>0x267b</run_address>
         <size>0x131</size>
         <input_file_ref idref="fl-30"/>
      </object_component>
      <object_component id="oc-3f9">
         <name>.debug_info</name>
         <load_address>0x27ac</load_address>
         <run_address>0x27ac</run_address>
         <size>0x159</size>
         <input_file_ref idref="fl-30"/>
      </object_component>
      <object_component id="oc-2e">
         <name>.debug_info</name>
         <load_address>0x2905</load_address>
         <run_address>0x2905</run_address>
         <size>0x25f</size>
         <input_file_ref idref="fl-30"/>
      </object_component>
      <object_component id="oc-28">
         <name>.debug_info</name>
         <load_address>0x2b64</load_address>
         <run_address>0x2b64</run_address>
         <size>0x13d</size>
         <input_file_ref idref="fl-30"/>
      </object_component>
      <object_component id="oc-4ee">
         <name>.debug_info</name>
         <load_address>0x2ca1</load_address>
         <run_address>0x2ca1</run_address>
         <size>0x8d</size>
         <input_file_ref idref="fl-30"/>
      </object_component>
      <object_component id="oc-3ae">
         <name>.debug_info</name>
         <load_address>0x2d2e</load_address>
         <run_address>0x2d2e</run_address>
         <size>0x2c7</size>
         <input_file_ref idref="fl-31"/>
      </object_component>
      <object_component id="oc-447">
         <name>.debug_info</name>
         <load_address>0x2ff5</load_address>
         <run_address>0x2ff5</run_address>
         <size>0xec</size>
         <input_file_ref idref="fl-31"/>
      </object_component>
      <object_component id="oc-3b4">
         <name>.debug_info</name>
         <load_address>0x30e1</load_address>
         <run_address>0x30e1</run_address>
         <size>0x1ad</size>
         <input_file_ref idref="fl-31"/>
      </object_component>
      <object_component id="oc-3ba">
         <name>.debug_info</name>
         <load_address>0x328e</load_address>
         <run_address>0x328e</run_address>
         <size>0x13f</size>
         <input_file_ref idref="fl-31"/>
      </object_component>
      <object_component id="oc-4b">
         <name>.debug_info</name>
         <load_address>0x33cd</load_address>
         <run_address>0x33cd</run_address>
         <size>0x137</size>
         <input_file_ref idref="fl-31"/>
      </object_component>
      <object_component id="oc-3a8">
         <name>.debug_info</name>
         <load_address>0x3504</load_address>
         <run_address>0x3504</run_address>
         <size>0x13f</size>
         <input_file_ref idref="fl-31"/>
      </object_component>
      <object_component id="oc-4f4">
         <name>.debug_info</name>
         <load_address>0x3643</load_address>
         <run_address>0x3643</run_address>
         <size>0xb5</size>
         <input_file_ref idref="fl-31"/>
      </object_component>
      <object_component id="oc-59a">
         <name>.debug_info</name>
         <load_address>0x36f8</load_address>
         <run_address>0x36f8</run_address>
         <size>0x228</size>
         <input_file_ref idref="fl-35"/>
      </object_component>
      <object_component id="oc-494">
         <name>.debug_info</name>
         <load_address>0x3920</load_address>
         <run_address>0x3920</run_address>
         <size>0x5c2</size>
         <input_file_ref idref="fl-36"/>
      </object_component>
      <object_component id="oc-38f">
         <name>.debug_info</name>
         <load_address>0x3ee2</load_address>
         <run_address>0x3ee2</run_address>
         <size>0x14d</size>
         <input_file_ref idref="fl-36"/>
      </object_component>
      <object_component id="oc-54c">
         <name>.debug_info</name>
         <load_address>0x402f</load_address>
         <run_address>0x402f</run_address>
         <size>0x171</size>
         <input_file_ref idref="fl-36"/>
      </object_component>
      <object_component id="oc-38a">
         <name>.debug_info</name>
         <load_address>0x41a0</load_address>
         <run_address>0x41a0</run_address>
         <size>0xf8</size>
         <input_file_ref idref="fl-37"/>
      </object_component>
      <object_component id="oc-544">
         <name>.debug_info</name>
         <load_address>0x4298</load_address>
         <run_address>0x4298</run_address>
         <size>0x34a</size>
         <input_file_ref idref="fl-38"/>
      </object_component>
      <object_component id="oc-49e">
         <name>.debug_info</name>
         <load_address>0x45e2</load_address>
         <run_address>0x45e2</run_address>
         <size>0x144</size>
         <input_file_ref idref="fl-38"/>
      </object_component>
      <object_component id="oc-498">
         <name>.debug_info</name>
         <load_address>0x4726</load_address>
         <run_address>0x4726</run_address>
         <size>0x13e</size>
         <input_file_ref idref="fl-38"/>
      </object_component>
      <object_component id="oc-592">
         <name>.debug_info</name>
         <load_address>0x4864</load_address>
         <run_address>0x4864</run_address>
         <size>0x86</size>
         <input_file_ref idref="fl-38"/>
      </object_component>
      <object_component id="oc-60a">
         <name>.debug_info</name>
         <load_address>0x48ea</load_address>
         <run_address>0x48ea</run_address>
         <size>0x53</size>
         <input_file_ref idref="fl-38"/>
      </object_component>
      <object_component id="oc-395">
         <name>.debug_info</name>
         <load_address>0x493d</load_address>
         <run_address>0x493d</run_address>
         <size>0x104</size>
         <input_file_ref idref="fl-39"/>
      </object_component>
      <object_component id="oc-39b">
         <name>.debug_info</name>
         <load_address>0x4a41</load_address>
         <run_address>0x4a41</run_address>
         <size>0x103</size>
         <input_file_ref idref="fl-3a"/>
      </object_component>
      <object_component id="oc-39f">
         <name>.debug_info</name>
         <load_address>0x4b44</load_address>
         <run_address>0x4b44</run_address>
         <size>0x103</size>
         <input_file_ref idref="fl-3b"/>
      </object_component>
      <object_component id="oc-41d">
         <name>.debug_info</name>
         <load_address>0x4c47</load_address>
         <run_address>0x4c47</run_address>
         <size>0x106</size>
         <input_file_ref idref="fl-3e"/>
      </object_component>
      <object_component id="oc-4e3">
         <name>.debug_info</name>
         <load_address>0x4d4d</load_address>
         <run_address>0x4d4d</run_address>
         <size>0xf1</size>
         <input_file_ref idref="fl-3f"/>
      </object_component>
      <object_component id="oc-420">
         <name>.debug_info</name>
         <load_address>0x4e3e</load_address>
         <run_address>0x4e3e</run_address>
         <size>0xfe</size>
         <input_file_ref idref="fl-43"/>
      </object_component>
      <object_component id="oc-405">
         <name>.debug_info</name>
         <load_address>0x4f3c</load_address>
         <run_address>0x4f3c</run_address>
         <size>0x102</size>
         <input_file_ref idref="fl-45"/>
      </object_component>
      <object_component id="oc-40b">
         <name>.debug_info</name>
         <load_address>0x503e</load_address>
         <run_address>0x503e</run_address>
         <size>0xf4</size>
         <input_file_ref idref="fl-48"/>
      </object_component>
      <object_component id="oc-432">
         <name>.debug_info</name>
         <load_address>0x5132</load_address>
         <run_address>0x5132</run_address>
         <size>0xee</size>
         <input_file_ref idref="fl-49"/>
      </object_component>
      <object_component id="oc-42e">
         <name>.debug_info</name>
         <load_address>0x5220</load_address>
         <run_address>0x5220</run_address>
         <size>0xee</size>
         <input_file_ref idref="fl-4a"/>
      </object_component>
      <object_component id="oc-3a4">
         <name>.debug_info</name>
         <load_address>0x530e</load_address>
         <run_address>0x530e</run_address>
         <size>0xce</size>
         <input_file_ref idref="fl-4b"/>
      </object_component>
      <object_component id="oc-464">
         <name>.debug_info</name>
         <load_address>0x53dc</load_address>
         <run_address>0x53dc</run_address>
         <size>0x145</size>
         <input_file_ref idref="fl-4b"/>
      </object_component>
      <object_component id="oc-552">
         <name>.debug_info</name>
         <load_address>0x5521</load_address>
         <run_address>0x5521</run_address>
         <size>0xf0</size>
         <input_file_ref idref="fl-53"/>
      </object_component>
      <object_component id="oc-5d9">
         <name>.debug_info</name>
         <load_address>0x5611</load_address>
         <run_address>0x5611</run_address>
         <size>0x627</size>
         <input_file_ref idref="fl-59"/>
      </object_component>
      <object_component id="oc-59d">
         <name>.debug_info</name>
         <load_address>0x5c38</load_address>
         <run_address>0x5c38</run_address>
         <size>0x168</size>
         <input_file_ref idref="fl-59"/>
      </object_component>
      <object_component id="oc-60f">
         <name>.debug_info</name>
         <load_address>0x5da0</load_address>
         <run_address>0x5da0</run_address>
         <size>0x48</size>
         <input_file_ref idref="fl-59"/>
      </object_component>
      <object_component id="oc-461">
         <name>.debug_info</name>
         <load_address>0x5de8</load_address>
         <run_address>0x5de8</run_address>
         <size>0x9ca</size>
         <input_file_ref idref="fl-62"/>
      </object_component>
      <object_component id="oc-525">
         <name>.debug_info</name>
         <load_address>0x67b2</load_address>
         <run_address>0x67b2</run_address>
         <size>0x103</size>
         <input_file_ref idref="fl-62"/>
      </object_component>
      <object_component id="oc-520">
         <name>.debug_info</name>
         <load_address>0x68b5</load_address>
         <run_address>0x68b5</run_address>
         <size>0x113</size>
         <input_file_ref idref="fl-62"/>
      </object_component>
      <object_component id="oc-3fe">
         <name>.debug_info</name>
         <load_address>0x69c8</load_address>
         <run_address>0x69c8</run_address>
         <size>0x1c3</size>
         <input_file_ref idref="fl-62"/>
      </object_component>
      <object_component id="oc-4b4">
         <name>.debug_info</name>
         <load_address>0x6b8b</load_address>
         <run_address>0x6b8b</run_address>
         <size>0x26b</size>
         <input_file_ref idref="fl-62"/>
      </object_component>
      <object_component id="oc-505">
         <name>.debug_info</name>
         <load_address>0x6df6</load_address>
         <run_address>0x6df6</run_address>
         <size>0x72</size>
         <input_file_ref idref="fl-62"/>
      </object_component>
      <object_component id="oc-3c0">
         <name>.debug_info</name>
         <load_address>0x6e68</load_address>
         <run_address>0x6e68</run_address>
         <size>0x276</size>
         <input_file_ref idref="fl-62"/>
      </object_component>
      <object_component id="oc-4c3">
         <name>.debug_info</name>
         <load_address>0x70de</load_address>
         <run_address>0x70de</run_address>
         <size>0xc5</size>
         <input_file_ref idref="fl-62"/>
      </object_component>
      <object_component id="oc-50a">
         <name>.debug_info</name>
         <load_address>0x71a3</load_address>
         <run_address>0x71a3</run_address>
         <size>0x9a</size>
         <input_file_ref idref="fl-62"/>
      </object_component>
      <object_component id="oc-605">
         <name>.debug_info</name>
         <load_address>0x723d</load_address>
         <run_address>0x723d</run_address>
         <size>0x58</size>
         <input_file_ref idref="fl-62"/>
      </object_component>
      <object_component id="oc-455">
         <name>.debug_info</name>
         <load_address>0x7295</load_address>
         <run_address>0x7295</run_address>
         <size>0x84</size>
         <input_file_ref idref="fl-62"/>
      </object_component>
      <object_component id="oc-50f">
         <name>.debug_info</name>
         <load_address>0x7319</load_address>
         <run_address>0x7319</run_address>
         <size>0x2c</size>
         <input_file_ref idref="fl-62"/>
      </object_component>
      <object_component id="oc-4d5">
         <name>.debug_info</name>
         <load_address>0x7345</load_address>
         <run_address>0x7345</run_address>
         <size>0x24e</size>
         <input_file_ref idref="fl-62"/>
      </object_component>
      <object_component id="oc-40f">
         <name>.debug_info</name>
         <load_address>0x7593</load_address>
         <run_address>0x7593</run_address>
         <size>0xbb</size>
         <input_file_ref idref="fl-62"/>
      </object_component>
      <object_component id="oc-44b">
         <name>.debug_info</name>
         <load_address>0x764e</load_address>
         <run_address>0x764e</run_address>
         <size>0x46</size>
         <input_file_ref idref="fl-62"/>
      </object_component>
      <object_component id="oc-4da">
         <name>.debug_info</name>
         <load_address>0x7694</load_address>
         <run_address>0x7694</run_address>
         <size>0x46</size>
         <input_file_ref idref="fl-62"/>
      </object_component>
      <object_component id="oc-4fe">
         <name>.debug_info</name>
         <load_address>0x76da</load_address>
         <run_address>0x76da</run_address>
         <size>0x2c</size>
         <input_file_ref idref="fl-62"/>
      </object_component>
      <object_component id="oc-514">
         <name>.debug_info</name>
         <load_address>0x7706</load_address>
         <run_address>0x7706</run_address>
         <size>0xcd</size>
         <input_file_ref idref="fl-62"/>
      </object_component>
      <object_component id="oc-519">
         <name>.debug_info</name>
         <load_address>0x77d3</load_address>
         <run_address>0x77d3</run_address>
         <size>0xc6</size>
         <input_file_ref idref="fl-62"/>
      </object_component>
      <object_component id="oc-63f">
         <name>.debug_info</name>
         <load_address>0x7899</load_address>
         <run_address>0x7899</run_address>
         <size>0xac</size>
      </object_component>
      <object_component id="oc-4c2">
         <name>.debug_line</name>
         <load_address>0x0</load_address>
         <run_address>0x0</run_address>
         <size>0x78</size>
         <input_file_ref idref="fl-2f"/>
      </object_component>
      <object_component id="oc-4c0">
         <name>.debug_line</name>
         <load_address>0x78</load_address>
         <run_address>0x78</run_address>
         <size>0x36</size>
         <input_file_ref idref="fl-2f"/>
      </object_component>
      <object_component id="oc-4c9">
         <name>.debug_line</name>
         <load_address>0xae</load_address>
         <run_address>0xae</run_address>
         <size>0x36</size>
         <input_file_ref idref="fl-2f"/>
      </object_component>
      <object_component id="oc-4ba">
         <name>.debug_line</name>
         <load_address>0xe4</load_address>
         <run_address>0xe4</run_address>
         <size>0x36</size>
         <input_file_ref idref="fl-2f"/>
      </object_component>
      <object_component id="oc-4be">
         <name>.debug_line</name>
         <load_address>0x11a</load_address>
         <run_address>0x11a</run_address>
         <size>0x36</size>
         <input_file_ref idref="fl-2f"/>
      </object_component>
      <object_component id="oc-25">
         <name>.debug_line</name>
         <load_address>0x150</load_address>
         <run_address>0x150</run_address>
         <size>0x53</size>
         <input_file_ref idref="fl-2f"/>
      </object_component>
      <object_component id="oc-1d">
         <name>.debug_line</name>
         <load_address>0x1a3</load_address>
         <run_address>0x1a3</run_address>
         <size>0x51</size>
         <input_file_ref idref="fl-2f"/>
      </object_component>
      <object_component id="oc-16">
         <name>.debug_line</name>
         <load_address>0x1f4</load_address>
         <run_address>0x1f4</run_address>
         <size>0x4f</size>
         <input_file_ref idref="fl-2f"/>
      </object_component>
      <object_component id="oc-10">
         <name>.debug_line</name>
         <load_address>0x243</load_address>
         <run_address>0x243</run_address>
         <size>0x50</size>
         <input_file_ref idref="fl-2f"/>
      </object_component>
      <object_component id="oc-4d2">
         <name>.debug_line</name>
         <load_address>0x293</load_address>
         <run_address>0x293</run_address>
         <size>0x5b</size>
         <input_file_ref idref="fl-30"/>
      </object_component>
      <object_component id="oc-4ed">
         <name>.debug_line</name>
         <load_address>0x2ee</load_address>
         <run_address>0x2ee</run_address>
         <size>0x34</size>
         <input_file_ref idref="fl-30"/>
      </object_component>
      <object_component id="oc-4a8">
         <name>.debug_line</name>
         <load_address>0x322</load_address>
         <run_address>0x322</run_address>
         <size>0x4e</size>
         <input_file_ref idref="fl-30"/>
      </object_component>
      <object_component id="oc-3e4">
         <name>.debug_line</name>
         <load_address>0x370</load_address>
         <run_address>0x370</run_address>
         <size>0x49</size>
         <input_file_ref idref="fl-30"/>
      </object_component>
      <object_component id="oc-3d8">
         <name>.debug_line</name>
         <load_address>0x3b9</load_address>
         <run_address>0x3b9</run_address>
         <size>0x4b</size>
         <input_file_ref idref="fl-30"/>
      </object_component>
      <object_component id="oc-3ea">
         <name>.debug_line</name>
         <load_address>0x404</load_address>
         <run_address>0x404</run_address>
         <size>0x48</size>
         <input_file_ref idref="fl-30"/>
      </object_component>
      <object_component id="oc-3f6">
         <name>.debug_line</name>
         <load_address>0x44c</load_address>
         <run_address>0x44c</run_address>
         <size>0x56</size>
         <input_file_ref idref="fl-30"/>
      </object_component>
      <object_component id="oc-3f0">
         <name>.debug_line</name>
         <load_address>0x4a2</load_address>
         <run_address>0x4a2</run_address>
         <size>0x49</size>
         <input_file_ref idref="fl-30"/>
      </object_component>
      <object_component id="oc-43b">
         <name>.debug_line</name>
         <load_address>0x4eb</load_address>
         <run_address>0x4eb</run_address>
         <size>0x49</size>
         <input_file_ref idref="fl-30"/>
      </object_component>
      <object_component id="oc-441">
         <name>.debug_line</name>
         <load_address>0x534</load_address>
         <run_address>0x534</run_address>
         <size>0x47</size>
         <input_file_ref idref="fl-30"/>
      </object_component>
      <object_component id="oc-49">
         <name>.debug_line</name>
         <load_address>0x57b</load_address>
         <run_address>0x57b</run_address>
         <size>0x52</size>
         <input_file_ref idref="fl-30"/>
      </object_component>
      <object_component id="oc-419">
         <name>.debug_line</name>
         <load_address>0x5cd</load_address>
         <run_address>0x5cd</run_address>
         <size>0x47</size>
         <input_file_ref idref="fl-30"/>
      </object_component>
      <object_component id="oc-42a">
         <name>.debug_line</name>
         <load_address>0x614</load_address>
         <run_address>0x614</run_address>
         <size>0x47</size>
         <input_file_ref idref="fl-30"/>
      </object_component>
      <object_component id="oc-37">
         <name>.debug_line</name>
         <load_address>0x65b</load_address>
         <run_address>0x65b</run_address>
         <size>0x47</size>
         <input_file_ref idref="fl-30"/>
      </object_component>
      <object_component id="oc-43">
         <name>.debug_line</name>
         <load_address>0x6a2</load_address>
         <run_address>0x6a2</run_address>
         <size>0x59</size>
         <input_file_ref idref="fl-30"/>
      </object_component>
      <object_component id="oc-3d">
         <name>.debug_line</name>
         <load_address>0x6fb</load_address>
         <run_address>0x6fb</run_address>
         <size>0x53</size>
         <input_file_ref idref="fl-30"/>
      </object_component>
      <object_component id="oc-3de">
         <name>.debug_line</name>
         <load_address>0x74e</load_address>
         <run_address>0x74e</run_address>
         <size>0x47</size>
         <input_file_ref idref="fl-30"/>
      </object_component>
      <object_component id="oc-3fc">
         <name>.debug_line</name>
         <load_address>0x795</load_address>
         <run_address>0x795</run_address>
         <size>0x48</size>
         <input_file_ref idref="fl-30"/>
      </object_component>
      <object_component id="oc-31">
         <name>.debug_line</name>
         <load_address>0x7dd</load_address>
         <run_address>0x7dd</run_address>
         <size>0x51</size>
         <input_file_ref idref="fl-30"/>
      </object_component>
      <object_component id="oc-2b">
         <name>.debug_line</name>
         <load_address>0x82e</load_address>
         <run_address>0x82e</run_address>
         <size>0x44</size>
         <input_file_ref idref="fl-30"/>
      </object_component>
      <object_component id="oc-4f0">
         <name>.debug_line</name>
         <load_address>0x872</load_address>
         <run_address>0x872</run_address>
         <size>0x34</size>
         <input_file_ref idref="fl-30"/>
      </object_component>
      <object_component id="oc-4b3">
         <name>.debug_line</name>
         <load_address>0x8a6</load_address>
         <run_address>0x8a6</run_address>
         <size>0x6d</size>
         <input_file_ref idref="fl-31"/>
      </object_component>
      <object_component id="oc-4f3">
         <name>.debug_line</name>
         <load_address>0x913</load_address>
         <run_address>0x913</run_address>
         <size>0x32</size>
         <input_file_ref idref="fl-31"/>
      </object_component>
      <object_component id="oc-3b8">
         <name>.debug_line</name>
         <load_address>0x945</load_address>
         <run_address>0x945</run_address>
         <size>0x69</size>
         <input_file_ref idref="fl-31"/>
      </object_component>
      <object_component id="oc-3be">
         <name>.debug_line</name>
         <load_address>0x9ae</load_address>
         <run_address>0x9ae</run_address>
         <size>0x4c</size>
         <input_file_ref idref="fl-31"/>
      </object_component>
      <object_component id="oc-4e">
         <name>.debug_line</name>
         <load_address>0x9fa</load_address>
         <run_address>0x9fa</run_address>
         <size>0x4f</size>
         <input_file_ref idref="fl-31"/>
      </object_component>
      <object_component id="oc-3ab">
         <name>.debug_line</name>
         <load_address>0xa49</load_address>
         <run_address>0xa49</run_address>
         <size>0x4a</size>
         <input_file_ref idref="fl-31"/>
      </object_component>
      <object_component id="oc-4f6">
         <name>.debug_line</name>
         <load_address>0xa93</load_address>
         <run_address>0xa93</run_address>
         <size>0x32</size>
         <input_file_ref idref="fl-31"/>
      </object_component>
      <object_component id="oc-5d7">
         <name>.debug_line</name>
         <load_address>0xac5</load_address>
         <run_address>0xac5</run_address>
         <size>0x4f</size>
         <input_file_ref idref="fl-35"/>
      </object_component>
      <object_component id="oc-541">
         <name>.debug_line</name>
         <load_address>0xb14</load_address>
         <run_address>0xb14</run_address>
         <size>0xb3</size>
         <input_file_ref idref="fl-36"/>
      </object_component>
      <object_component id="oc-391">
         <name>.debug_line</name>
         <load_address>0xbc7</load_address>
         <run_address>0xbc7</run_address>
         <size>0x59</size>
         <input_file_ref idref="fl-36"/>
      </object_component>
      <object_component id="oc-54e">
         <name>.debug_line</name>
         <load_address>0xc20</load_address>
         <run_address>0xc20</run_address>
         <size>0x6b</size>
         <input_file_ref idref="fl-36"/>
      </object_component>
      <object_component id="oc-393">
         <name>.debug_line</name>
         <load_address>0xc8b</load_address>
         <run_address>0xc8b</run_address>
         <size>0x97</size>
         <input_file_ref idref="fl-37"/>
      </object_component>
      <object_component id="oc-591">
         <name>.debug_line</name>
         <load_address>0xd22</load_address>
         <run_address>0xd22</run_address>
         <size>0x71</size>
         <input_file_ref idref="fl-38"/>
      </object_component>
      <object_component id="oc-4a1">
         <name>.debug_line</name>
         <load_address>0xd93</load_address>
         <run_address>0xd93</run_address>
         <size>0x55</size>
         <input_file_ref idref="fl-38"/>
      </object_component>
      <object_component id="oc-49c">
         <name>.debug_line</name>
         <load_address>0xde8</load_address>
         <run_address>0xde8</run_address>
         <size>0x49</size>
         <input_file_ref idref="fl-38"/>
      </object_component>
      <object_component id="oc-595">
         <name>.debug_line</name>
         <load_address>0xe31</load_address>
         <run_address>0xe31</run_address>
         <size>0x36</size>
         <input_file_ref idref="fl-38"/>
      </object_component>
      <object_component id="oc-60d">
         <name>.debug_line</name>
         <load_address>0xe67</load_address>
         <run_address>0xe67</run_address>
         <size>0x6e</size>
         <input_file_ref idref="fl-38"/>
      </object_component>
      <object_component id="oc-398">
         <name>.debug_line</name>
         <load_address>0xed5</load_address>
         <run_address>0xed5</run_address>
         <size>0x92</size>
         <input_file_ref idref="fl-39"/>
      </object_component>
      <object_component id="oc-39a">
         <name>.debug_line</name>
         <load_address>0xf67</load_address>
         <run_address>0xf67</run_address>
         <size>0x66</size>
         <input_file_ref idref="fl-3a"/>
      </object_component>
      <object_component id="oc-3a2">
         <name>.debug_line</name>
         <load_address>0xfcd</load_address>
         <run_address>0xfcd</run_address>
         <size>0x49</size>
         <input_file_ref idref="fl-3b"/>
      </object_component>
      <object_component id="oc-41c">
         <name>.debug_line</name>
         <load_address>0x1016</load_address>
         <run_address>0x1016</run_address>
         <size>0x5a</size>
         <input_file_ref idref="fl-3e"/>
      </object_component>
      <object_component id="oc-4e2">
         <name>.debug_line</name>
         <load_address>0x1070</load_address>
         <run_address>0x1070</run_address>
         <size>0x64</size>
         <input_file_ref idref="fl-3f"/>
      </object_component>
      <object_component id="oc-423">
         <name>.debug_line</name>
         <load_address>0x10d4</load_address>
         <run_address>0x10d4</run_address>
         <size>0x49</size>
         <input_file_ref idref="fl-43"/>
      </object_component>
      <object_component id="oc-408">
         <name>.debug_line</name>
         <load_address>0x111d</load_address>
         <run_address>0x111d</run_address>
         <size>0x4c</size>
         <input_file_ref idref="fl-45"/>
      </object_component>
      <object_component id="oc-40a">
         <name>.debug_line</name>
         <load_address>0x1169</load_address>
         <run_address>0x1169</run_address>
         <size>0x56</size>
         <input_file_ref idref="fl-48"/>
      </object_component>
      <object_component id="oc-431">
         <name>.debug_line</name>
         <load_address>0x11bf</load_address>
         <run_address>0x11bf</run_address>
         <size>0x3b</size>
         <input_file_ref idref="fl-49"/>
      </object_component>
      <object_component id="oc-42d">
         <name>.debug_line</name>
         <load_address>0x11fa</load_address>
         <run_address>0x11fa</run_address>
         <size>0x41</size>
         <input_file_ref idref="fl-4a"/>
      </object_component>
      <object_component id="oc-4b0">
         <name>.debug_line</name>
         <load_address>0x123b</load_address>
         <run_address>0x123b</run_address>
         <size>0x2a</size>
         <input_file_ref idref="fl-4b"/>
      </object_component>
      <object_component id="oc-468">
         <name>.debug_line</name>
         <load_address>0x1265</load_address>
         <run_address>0x1265</run_address>
         <size>0x43</size>
         <input_file_ref idref="fl-4b"/>
      </object_component>
      <object_component id="oc-556">
         <name>.debug_line</name>
         <load_address>0x12a8</load_address>
         <run_address>0x12a8</run_address>
         <size>0x3d</size>
         <input_file_ref idref="fl-53"/>
      </object_component>
      <object_component id="oc-604">
         <name>.debug_line</name>
         <load_address>0x12e5</load_address>
         <run_address>0x12e5</run_address>
         <size>0xd8</size>
         <input_file_ref idref="fl-59"/>
      </object_component>
      <object_component id="oc-5a0">
         <name>.debug_line</name>
         <load_address>0x13bd</load_address>
         <run_address>0x13bd</run_address>
         <size>0x54</size>
         <input_file_ref idref="fl-59"/>
      </object_component>
      <object_component id="oc-612">
         <name>.debug_line</name>
         <load_address>0x1411</load_address>
         <run_address>0x1411</run_address>
         <size>0x37</size>
         <input_file_ref idref="fl-59"/>
      </object_component>
      <object_component id="oc-504">
         <name>.debug_line</name>
         <load_address>0x1448</load_address>
         <run_address>0x1448</run_address>
         <size>0x2b1</size>
         <input_file_ref idref="fl-62"/>
      </object_component>
      <object_component id="oc-528">
         <name>.debug_line</name>
         <load_address>0x16f9</load_address>
         <run_address>0x16f9</run_address>
         <size>0x52</size>
         <input_file_ref idref="fl-62"/>
      </object_component>
      <object_component id="oc-51f">
         <name>.debug_line</name>
         <load_address>0x174b</load_address>
         <run_address>0x174b</run_address>
         <size>0x3e</size>
         <input_file_ref idref="fl-62"/>
      </object_component>
      <object_component id="oc-401">
         <name>.debug_line</name>
         <load_address>0x1789</load_address>
         <run_address>0x1789</run_address>
         <size>0x79</size>
         <input_file_ref idref="fl-62"/>
      </object_component>
      <object_component id="oc-4b7">
         <name>.debug_line</name>
         <load_address>0x1802</load_address>
         <run_address>0x1802</run_address>
         <size>0x72</size>
         <input_file_ref idref="fl-62"/>
      </object_component>
      <object_component id="oc-508">
         <name>.debug_line</name>
         <load_address>0x1874</load_address>
         <run_address>0x1874</run_address>
         <size>0x82</size>
         <input_file_ref idref="fl-62"/>
      </object_component>
      <object_component id="oc-3c3">
         <name>.debug_line</name>
         <load_address>0x18f6</load_address>
         <run_address>0x18f6</run_address>
         <size>0x75</size>
         <input_file_ref idref="fl-62"/>
      </object_component>
      <object_component id="oc-4c6">
         <name>.debug_line</name>
         <load_address>0x196b</load_address>
         <run_address>0x196b</run_address>
         <size>0x7b</size>
         <input_file_ref idref="fl-62"/>
      </object_component>
      <object_component id="oc-50d">
         <name>.debug_line</name>
         <load_address>0x19e6</load_address>
         <run_address>0x19e6</run_address>
         <size>0x77</size>
         <input_file_ref idref="fl-62"/>
      </object_component>
      <object_component id="oc-608">
         <name>.debug_line</name>
         <load_address>0x1a5d</load_address>
         <run_address>0x1a5d</run_address>
         <size>0x7e</size>
         <input_file_ref idref="fl-62"/>
      </object_component>
      <object_component id="oc-458">
         <name>.debug_line</name>
         <load_address>0x1adb</load_address>
         <run_address>0x1adb</run_address>
         <size>0x20</size>
         <input_file_ref idref="fl-62"/>
      </object_component>
      <object_component id="oc-512">
         <name>.debug_line</name>
         <load_address>0x1afb</load_address>
         <run_address>0x1afb</run_address>
         <size>0x2e</size>
         <input_file_ref idref="fl-62"/>
      </object_component>
      <object_component id="oc-4d8">
         <name>.debug_line</name>
         <load_address>0x1b29</load_address>
         <run_address>0x1b29</run_address>
         <size>0x76</size>
         <input_file_ref idref="fl-62"/>
      </object_component>
      <object_component id="oc-412">
         <name>.debug_line</name>
         <load_address>0x1b9f</load_address>
         <run_address>0x1b9f</run_address>
         <size>0x73</size>
         <input_file_ref idref="fl-62"/>
      </object_component>
      <object_component id="oc-44e">
         <name>.debug_line</name>
         <load_address>0x1c12</load_address>
         <run_address>0x1c12</run_address>
         <size>0x3a</size>
         <input_file_ref idref="fl-62"/>
      </object_component>
      <object_component id="oc-4dd">
         <name>.debug_line</name>
         <load_address>0x1c4c</load_address>
         <run_address>0x1c4c</run_address>
         <size>0x69</size>
         <input_file_ref idref="fl-62"/>
      </object_component>
      <object_component id="oc-501">
         <name>.debug_line</name>
         <load_address>0x1cb5</load_address>
         <run_address>0x1cb5</run_address>
         <size>0x61</size>
         <input_file_ref idref="fl-62"/>
      </object_component>
      <object_component id="oc-517">
         <name>.debug_line</name>
         <load_address>0x1d16</load_address>
         <run_address>0x1d16</run_address>
         <size>0x62</size>
         <input_file_ref idref="fl-62"/>
      </object_component>
      <object_component id="oc-51c">
         <name>.debug_line</name>
         <load_address>0x1d78</load_address>
         <run_address>0x1d78</run_address>
         <size>0x81</size>
         <input_file_ref idref="fl-62"/>
      </object_component>
      <object_component id="oc-24">
         <name>.debug_frame</name>
         <load_address>0x0</load_address>
         <run_address>0x0</run_address>
         <size>0x44</size>
         <input_file_ref idref="fl-2f"/>
      </object_component>
      <object_component id="oc-1c">
         <name>.debug_frame</name>
         <load_address>0x44</load_address>
         <run_address>0x44</run_address>
         <size>0x44</size>
         <input_file_ref idref="fl-2f"/>
      </object_component>
      <object_component id="oc-19">
         <name>.debug_frame</name>
         <load_address>0x88</load_address>
         <run_address>0x88</run_address>
         <size>0x3c</size>
         <input_file_ref idref="fl-2f"/>
      </object_component>
      <object_component id="oc-11">
         <name>.debug_frame</name>
         <load_address>0xc4</load_address>
         <run_address>0xc4</run_address>
         <size>0x3c</size>
         <input_file_ref idref="fl-2f"/>
      </object_component>
      <object_component id="oc-4a4">
         <name>.debug_frame</name>
         <load_address>0x100</load_address>
         <run_address>0x100</run_address>
         <size>0x4c</size>
         <input_file_ref idref="fl-30"/>
      </object_component>
      <object_component id="oc-3e0">
         <name>.debug_frame</name>
         <load_address>0x14c</load_address>
         <run_address>0x14c</run_address>
         <size>0x3c</size>
         <input_file_ref idref="fl-30"/>
      </object_component>
      <object_component id="oc-3d4">
         <name>.debug_frame</name>
         <load_address>0x188</load_address>
         <run_address>0x188</run_address>
         <size>0x3c</size>
         <input_file_ref idref="fl-30"/>
      </object_component>
      <object_component id="oc-3e6">
         <name>.debug_frame</name>
         <load_address>0x1c4</load_address>
         <run_address>0x1c4</run_address>
         <size>0x3c</size>
         <input_file_ref idref="fl-30"/>
      </object_component>
      <object_component id="oc-3f2">
         <name>.debug_frame</name>
         <load_address>0x200</load_address>
         <run_address>0x200</run_address>
         <size>0x3c</size>
         <input_file_ref idref="fl-30"/>
      </object_component>
      <object_component id="oc-3ec">
         <name>.debug_frame</name>
         <load_address>0x23c</load_address>
         <run_address>0x23c</run_address>
         <size>0x3c</size>
         <input_file_ref idref="fl-30"/>
      </object_component>
      <object_component id="oc-437">
         <name>.debug_frame</name>
         <load_address>0x278</load_address>
         <run_address>0x278</run_address>
         <size>0x3c</size>
         <input_file_ref idref="fl-30"/>
      </object_component>
      <object_component id="oc-43d">
         <name>.debug_frame</name>
         <load_address>0x2b4</load_address>
         <run_address>0x2b4</run_address>
         <size>0x3c</size>
         <input_file_ref idref="fl-30"/>
      </object_component>
      <object_component id="oc-45">
         <name>.debug_frame</name>
         <load_address>0x2f0</load_address>
         <run_address>0x2f0</run_address>
         <size>0x3c</size>
         <input_file_ref idref="fl-30"/>
      </object_component>
      <object_component id="oc-415">
         <name>.debug_frame</name>
         <load_address>0x32c</load_address>
         <run_address>0x32c</run_address>
         <size>0x3c</size>
         <input_file_ref idref="fl-30"/>
      </object_component>
      <object_component id="oc-426">
         <name>.debug_frame</name>
         <load_address>0x368</load_address>
         <run_address>0x368</run_address>
         <size>0x3c</size>
         <input_file_ref idref="fl-30"/>
      </object_component>
      <object_component id="oc-33">
         <name>.debug_frame</name>
         <load_address>0x3a4</load_address>
         <run_address>0x3a4</run_address>
         <size>0x3c</size>
         <input_file_ref idref="fl-30"/>
      </object_component>
      <object_component id="oc-3f">
         <name>.debug_frame</name>
         <load_address>0x3e0</load_address>
         <run_address>0x3e0</run_address>
         <size>0x48</size>
         <input_file_ref idref="fl-30"/>
      </object_component>
      <object_component id="oc-39">
         <name>.debug_frame</name>
         <load_address>0x428</load_address>
         <run_address>0x428</run_address>
         <size>0x48</size>
         <input_file_ref idref="fl-30"/>
      </object_component>
      <object_component id="oc-3da">
         <name>.debug_frame</name>
         <load_address>0x470</load_address>
         <run_address>0x470</run_address>
         <size>0x3c</size>
         <input_file_ref idref="fl-30"/>
      </object_component>
      <object_component id="oc-3f8">
         <name>.debug_frame</name>
         <load_address>0x4ac</load_address>
         <run_address>0x4ac</run_address>
         <size>0x3c</size>
         <input_file_ref idref="fl-30"/>
      </object_component>
      <object_component id="oc-2d">
         <name>.debug_frame</name>
         <load_address>0x4e8</load_address>
         <run_address>0x4e8</run_address>
         <size>0x3c</size>
         <input_file_ref idref="fl-30"/>
      </object_component>
      <object_component id="oc-27">
         <name>.debug_frame</name>
         <load_address>0x524</load_address>
         <run_address>0x524</run_address>
         <size>0x3c</size>
         <input_file_ref idref="fl-30"/>
      </object_component>
      <object_component id="oc-3b7">
         <name>.debug_frame</name>
         <load_address>0x560</load_address>
         <run_address>0x560</run_address>
         <size>0x40</size>
         <input_file_ref idref="fl-31"/>
      </object_component>
      <object_component id="oc-3bd">
         <name>.debug_frame</name>
         <load_address>0x5a0</load_address>
         <run_address>0x5a0</run_address>
         <size>0x40</size>
         <input_file_ref idref="fl-31"/>
      </object_component>
      <object_component id="oc-4f">
         <name>.debug_frame</name>
         <load_address>0x5e0</load_address>
         <run_address>0x5e0</run_address>
         <size>0x3c</size>
         <input_file_ref idref="fl-31"/>
      </object_component>
      <object_component id="oc-3ac">
         <name>.debug_frame</name>
         <load_address>0x61c</load_address>
         <run_address>0x61c</run_address>
         <size>0x40</size>
         <input_file_ref idref="fl-31"/>
      </object_component>
      <object_component id="oc-392">
         <name>.debug_frame</name>
         <load_address>0x65c</load_address>
         <run_address>0x65c</run_address>
         <size>0x3c</size>
         <input_file_ref idref="fl-36"/>
      </object_component>
      <object_component id="oc-54f">
         <name>.debug_frame</name>
         <load_address>0x698</load_address>
         <run_address>0x698</run_address>
         <size>0x40</size>
         <input_file_ref idref="fl-36"/>
      </object_component>
      <object_component id="oc-4a2">
         <name>.debug_frame</name>
[...]
      <symbol id="sm-2ea">
         <name>UCA1RXBUF_H</name>
         <value>0x5ed</value>
      </symbol>
      <symbol id="sm-2eb">
         <name>UCA1TXBUF</name>
         <value>0x5ee</value>
      </symbol>
      <symbol id="sm-2ec">
         <name>UCA1TXBUF_L</name>
         <value>0x5ee</value>
      </symbol>
      <symbol id="sm-2ed">
         <name>UCA1TXBUF_H</name>
         <value>0x5ef</value>
      </symbol>
      <symbol id="sm-2ee">
         <name>UCA1ABCTL</name>
         <value>0x5f0</value>
      </symbol>
      <symbol id="sm-2ef">
         <name>UCA1IRCTL</name>
         <value>0x5f2</value>
      </symbol>
      <symbol id="sm-2f0">
         <name>UCA1IRCTL_L</name>
         <value>0x5f2</value>
      </symbol>
      <symbol id="sm-2f1">
         <name>UCA1IRCTL_H</name>
         <value>0x5f3</value>
      </symbol>
      <symbol id="sm-2f2">
         <name>UCA1IE</name>
         <value>0x5fa</value>
      </symbol>
      <symbol id="sm-2f3">
         <name>UCA1IE_L</name>
         <value>0x5fa</value>
      </symbol>
      <symbol id="sm-2f4">
         <name>UCA1IE_H</name>
         <value>0x5fb</value>
      </symbol>
      <symbol id="sm-2f5">
         <name>UCA1IFG</name>
         <value>0x5fc</value>
      </symbol>
      <symbol id="sm-2f6">
         <name>UCA1IFG_L</name>
         <value>0x5fc</value>
      </symbol>
      <symbol id="sm-2f7">
         <name>UCA1IFG_H</name>
         <value>0x5fd</value>
      </symbol>
      <symbol id="sm-2f8">
         <name>UCA1IV</name>
         <value>0x5fe</value>
      </symbol>
      <symbol id="sm-2f9">
         <name>UCB0CTLW0</name>
         <value>0x640</value>
      </symbol>
      <symbol id="sm-2fa">
         <name>UCB0CTLW0_L</name>
         <value>0x640</value>
      </symbol>
      <symbol id="sm-2fb">
         <name>UCB0CTLW0_H</name>
         <value>0x641</value>
      </symbol>
      <symbol id="sm-2fc">
         <name>UCB0CTLW1</name>
         <value>0x642</value>
      </symbol>
      <symbol id="sm-2fd">
         <name>UCB0CTLW1_L</name>
         <value>0x642</value>
      </symbol>
      <symbol id="sm-2fe">
         <name>UCB0CTLW1_H</name>
         <value>0x643</value>
      </symbol>
      <symbol id="sm-2ff">
         <name>UCB0BRW</name>
         <value>0x646</value>
      </symbol>
      <symbol id="sm-300">
         <name>UCB0BRW_L</name>
         <value>0x646</value>
      </symbol>
      <symbol id="sm-301">
         <name>UCB0BRW_H</name>
         <value>0x647</value>
      </symbol>
      <symbol id="sm-302">
         <name>UCB0STATW</name>
         <value>0x648</value>
      </symbol>
      <symbol id="sm-303">
         <name>UCB0STATW_L</name>
         <value>0x648</value>
      </symbol>
      <symbol id="sm-304">
         <name>UCB0STATW_H</name>
         <value>0x649</value>
      </symbol>
      <symbol id="sm-305">
         <name>UCB0TBCNT</name>
         <value>0x64a</value>
      </symbol>
      <symbol id="sm-306">
         <name>UCB0TBCNT_L</name>
         <value>0x64a</value>
      </symbol>
      <symbol id="sm-307">
         <name>UCB0TBCNT_H</name>
         <value>0x64b</value>
      </symbol>
      <symbol id="sm-308">
         <name>UCB0RXBUF</name>
         <value>0x64c</value>
      </symbol>
      <symbol id="sm-309">
         <name>UCB0RXBUF_L</name>
         <value>0x64c</value>
      </symbol>
      <symbol id="sm-30a">
         <name>UCB0RXBUF_H</name>
         <value>0x64d</value>
      </symbol>
      <symbol id="sm-30b">
         <name>UCB0TXBUF</name>
         <value>0x64e</value>
      </symbol>
      <symbol id="sm-30c">
         <name>UCB0TXBUF_L</name>
         <value>0x64e</value>
      </symbol>
      <symbol id="sm-30d">
         <name>UCB0TXBUF_H</name>
         <value>0x64f</value>
      </symbol>
      <symbol id="sm-30e">
         <name>UCB0I2COA0</name>
         <value>0x654</value>
      </symbol>
      <symbol id="sm-30f">
         <name>UCB0I2COA0_L</name>
         <value>0x654</value>
      </symbol>
      <symbol id="sm-310">
         <name>UCB0I2COA0_H</name>
         <value>0x655</value>
      </symbol>
      <symbol id="sm-311">
         <name>UCB0I2COA1</name>
         <value>0x656</value>
      </symbol>
      <symbol id="sm-312">
         <name>UCB0I2COA1_L</name>
         <value>0x656</value>
      </symbol>
      <symbol id="sm-313">
         <name>UCB0I2COA1_H</name>
         <value>0x657</value>
      </symbol>
      <symbol id="sm-314">
         <name>UCB0I2COA2</name>
         <value>0x658</value>
      </symbol>
      <symbol id="sm-315">
         <name>UCB0I2COA2_L</name>
         <value>0x658</value>
      </symbol>
      <symbol id="sm-316">
         <name>UCB0I2COA2_H</name>
         <value>0x659</value>
      </symbol>
      <symbol id="sm-317">
         <name>UCB0I2COA3</name>
         <value>0x65a</value>
      </symbol>
      <symbol id="sm-318">
         <name>UCB0I2COA3_L</name>
         <value>0x65a</value>
      </symbol>
      <symbol id="sm-319">
         <name>UCB0I2COA3_H</name>
         <value>0x65b</value>
      </symbol>
      <symbol id="sm-31a">
         <name>UCB0ADDRX</name>
         <value>0x65c</value>
      </symbol>
      <symbol id="sm-31b">
         <name>UCB0ADDRX_L</name>
         <value>0x65c</value>
      </symbol>
      <symbol id="sm-31c">
         <name>UCB0ADDRX_H</name>
         <value>0x65d</value>
      </symbol>
      <symbol id="sm-31d">
         <name>UCB0ADDMASK</name>
         <value>0x65e</value>
      </symbol>
      <symbol id="sm-31e">
         <name>UCB0ADDMASK_L</name>
         <value>0x65e</value>
      </symbol>
      <symbol id="sm-31f">
         <name>UCB0ADDMASK_H</name>
         <value>0x65f</value>
      </symbol>
      <symbol id="sm-320">
         <name>UCB0I2CSA</name>
         <value>0x660</value>
      </symbol>
      <symbol id="sm-321">
         <name>UCB0I2CSA_L</name>
         <value>0x660</value>
      </symbol>
      <symbol id="sm-322">
         <name>UCB0I2CSA_H</name>
         <value>0x661</value>
      </symbol>
      <symbol id="sm-323">
         <name>UCB0IE</name>
         <value>0x66a</value>
      </symbol>
      <symbol id="sm-324">
         <name>UCB0IE_L</name>
         <value>0x66a</value>
      </symbol>
      <symbol id="sm-325">
         <name>UCB0IE_H</name>
         <value>0x66b</value>
      </symbol>
      <symbol id="sm-326">
         <name>UCB0IFG</name>
         <value>0x66c</value>
      </symbol>
      <symbol id="sm-327">
         <name>UCB0IFG_L</name>
         <value>0x66c</value>
      </symbol>
      <symbol id="sm-328">
         <name>UCB0IFG_H</name>
         <value>0x66d</value>
      </symbol>
      <symbol id="sm-329">
         <name>UCB0IV</name>
         <value>0x66e</value>
      </symbol>
      <symbol id="sm-32a">
         <name>WDTCTL</name>
         <value>0x15c</value>
      </symbol>
      <symbol id="sm-32b">
         <name>WDTCTL_L</name>
         <value>0x15c</value>
      </symbol>
      <symbol id="sm-32c">
         <name>WDTCTL_H</name>
         <value>0x15d</value>
      </symbol>
      <symbol id="sm-32d">
         <name>__STACK_SIZE</name>
         <value>0xa0</value>
      </symbol>
      <symbol id="sm-32e">
         <name>__STACK_END</name>
         <value>0x2400</value>
      </symbol>
      <symbol id="sm-32f">
         <name>__c_args__</name>
         <value>0xffffffff</value>
      </symbol>
      <symbol id="sm-330">
         <name>__TI_pprof_out_hndl</name>
         <value>0xffffffff</value>
      </symbol>
      <symbol id="sm-331">
         <name>__TI_prof_data_start</name>
         <value>0xffffffff</value>
      </symbol>
      <symbol id="sm-332">
         <name>__TI_prof_data_size</name>
         <value>0xffffffff</value>
      </symbol>
      <symbol id="sm-3ac">
         <name>RWData</name>
         <value>0x1c08</value>
      </symbol>
      <symbol id="sm-3ad">
         <name>main</name>
         <value>0xc6f8</value>
         <object_component_ref idref="oc-524"/>
      </symbol>
      <symbol id="sm-3ae">
         <name>_system_pre_init</name>
         <value>0xc994</value>
         <object_component_ref idref="oc-51e"/>
      </symbol>
      <symbol id="sm-3e7">
         <name>ADXL_REAsxD_STATUS</name>
         <value>0xc9a6</value>
         <object_component_ref idref="oc-3c9"/>
      </symbol>
      <symbol id="sm-3e8">
         <name>ACCEL_initialize</name>
         <value>0xc796</value>
         <object_component_ref idref="oc-e"/>
      </symbol>
      <symbol id="sm-3e9">
         <name>ADXL_READ_XYZ_8BIT</name>
         <value>0xc998</value>
         <object_component_ref idref="oc-3ce"/>
      </symbol>
      <symbol id="sm-3ea">
         <name>ADXL_CONFIG_MEAS</name>
         <value>0xc9a2</value>
         <object_component_ref idref="oc-3b0"/>
      </symbol>
      <symbol id="sm-3eb">
         <name>ACCEL_range</name>
         <value>0xc7be</value>
         <object_component_ref idref="oc-14"/>
      </symbol>
      <symbol id="sm-3ec">
         <name>ACCEL_singleSample</name>
         <value>0xc584</value>
         <object_component_ref idref="oc-20"/>
      </symbol>
      <symbol id="sm-3ed">
         <name>ADXL_CONFIG_FILTER</name>
         <value>0xc99e</value>
         <object_component_ref idref="oc-3c5"/>
      </symbol>
      <symbol id="sm-3ee">
         <name>ACCEL_readStat</name>
         <value>0xc732</value>
         <object_component_ref idref="oc-1a"/>
      </symbol>
      <symbol id="sm-494">
         <name>INT_ADC12</name>
         <value>0xc832</value>
         <object_component_ref idref="oc-4a3"/>
      </symbol>
      <symbol id="sm-495">
         <name>ADC_enableInterrupts</name>
         <value>0xc88a</value>
         <object_component_ref idref="oc-3eb"/>
      </symbol>
      <symbol id="sm-496">
         <name>ADC_read</name>
         <value>0xc766</value>
         <object_component_ref idref="oc-44"/>
      </symbol>
      <symbol id="sm-497">
         <name>ADC_rawToTemperature</name>
         <value>0xc29c</value>
         <object_component_ref idref="oc-38"/>
      </symbol>
      <symbol id="sm-498">
         <name>ADC_rawCorrection</name>
         <value>0xc8ba</value>
         <object_component_ref idref="oc-32"/>
      </symbol>
      <symbol id="sm-499">
         <name>ADC_asyncRead</name>
         <value>0xc93a</value>
         <object_component_ref idref="oc-436"/>
      </symbol>
      <symbol id="sm-49a">
         <name>ADC_setPrecision</name>
         <value>0xc95e</value>
         <object_component_ref idref="oc-3e5"/>
      </symbol>
      <symbol id="sm-49b">
         <name>ADC_init</name>
         <value>0xc91a</value>
         <object_component_ref idref="oc-26"/>
      </symbol>
      <symbol id="sm-49c">
         <name>ADC_rawToVoltage</name>
         <value>0xc322</value>
         <object_component_ref idref="oc-3e"/>
      </symbol>
      <symbol id="sm-49d">
         <name>ADC_getReference</name>
         <value>0xc988</value>
         <object_component_ref idref="oc-414"/>
      </symbol>
      <symbol id="sm-49e">
         <name>ADC_getPrecision</name>
         <value>0xc982</value>
         <object_component_ref idref="oc-425"/>
      </symbol>
      <symbol id="sm-49f">
         <name>ADC_enableConversion</name>
         <value>0xc954</value>
         <object_component_ref idref="oc-3f7"/>
      </symbol>
      <symbol id="sm-4a0">
         <name>ADC_isBusy</name>
         <value>0xc97a</value>
         <object_component_ref idref="oc-43c"/>
      </symbol>
      <symbol id="sm-4a1">
         <name>ADC_enable</name>
         <value>0xc972</value>
         <object_component_ref idref="oc-3d9"/>
      </symbol>
      <symbol id="sm-4a2">
         <name>ADC_setInputChannel</name>
         <value>0xc680</value>
         <object_component_ref idref="oc-3f1"/>
      </symbol>
      <symbol id="sm-4a3">
         <name>ADC_setReference</name>
         <value>0xc7e6</value>
         <object_component_ref idref="oc-3d3"/>
      </symbol>
      <symbol id="sm-4a4">
         <name>ADC_setSampleHold</name>
         <value>0xc8ce</value>
         <object_component_ref idref="oc-3df"/>
      </symbol>
      <symbol id="sm-4a5">
         <name>ADC_initCustom</name>
         <value>0xc604</value>
         <object_component_ref idref="oc-2c"/>
      </symbol>
      <symbol id="sm-4d7">
         <name>gpRxBuf</name>
         <value>0x1c76</value>
      </symbol>
      <symbol id="sm-4d8">
         <name>SPI_transaction</name>
         <value>0xc39e</value>
         <object_component_ref idref="oc-3b3"/>
      </symbol>
      <symbol id="sm-4d9">
         <name>SPI_releasePort</name>
         <value>0xc908</value>
         <object_component_ref idref="oc-3b9"/>
      </symbol>
      <symbol id="sm-4da">
         <name>SPI_initialize</name>
         <value>0xc6bc</value>
         <object_component_ref idref="oc-4a"/>
      </symbol>
      <symbol id="sm-4db">
         <name>SPI_acquirePort</name>
         <value>0xc8f6</value>
         <object_component_ref idref="oc-3a7"/>
      </symbol>
      <symbol id="sm-4e4">
         <name>usrBank</name>
         <value>0x1c38</value>
      </symbol>
      <symbol id="sm-4f8">
         <name>rfid</name>
         <value>0x1caa</value>
      </symbol>
      <symbol id="sm-4f9">
         <name>cmd</name>
         <value>0x1c58</value>
      </symbol>
      <symbol id="sm-4fa">
         <name>dataBuf</name>
         <value>0x1c9a</value>
      </symbol>
      <symbol id="sm-4fb">
         <name>isDoingLowPwrSleep</name>
         <value>0x1cd4</value>
      </symbol>
      <symbol id="sm-4fc">
         <name>WISP_init</name>
         <value>0xc1ee</value>
         <object_component_ref idref="oc-54a"/>
      </symbol>
      <symbol id="sm-4fd">
         <name>CopyWispISRs</name>
         <value>0xc4e6</value>
         <object_component_ref idref="oc-38d"/>
      </symbol>
      <symbol id="sm-508">
         <name>RX_ISR</name>
         <value>0xc004</value>
         <object_component_ref idref="oc-389"/>
      </symbol>
      <symbol id="sm-527">
         <name>IEMctx</name>
         <value>0x1cc6</value>
      </symbol>
      <symbol id="sm-528">
         <name>TIMER3_A0_ISR</name>
         <value>0xc536</value>
         <object_component_ref idref="oc-49d"/>
      </symbol>
      <symbol id="sm-529">
         <name>TIMER0_B0_ISR</name>
         <value>0xc86e</value>
         <object_component_ref idref="oc-497"/>
      </symbol>
      <symbol id="sm-53b">
         <name>Timer0A0_ISR</name>
         <value>0xc11e</value>
         <object_component_ref idref="oc-394"/>
      </symbol>
      <symbol id="sm-546">
         <name>Timer0A1_ISR</name>
         <value>0xc41a</value>
         <object_component_ref idref="oc-399"/>
      </symbol>
      <symbol id="sm-54e">
         <name>Timer1A0_ISR</name>
         <value>0xc948</value>
         <object_component_ref idref="oc-39e"/>
      </symbol>
      <symbol id="sm-55a">
         <name>__mspabi_remli</name>
         <value>0xc5c4</value>
         <object_component_ref idref="oc-41a"/>
      </symbol>
      <symbol id="sm-55b">
         <name>__mspabi_divli</name>
         <value>0xc5c4</value>
         <object_component_ref idref="oc-41a"/>
      </symbol>
      <symbol id="sm-569">
         <name>__mspabi_remul</name>
         <value>0xc48e</value>
         <object_component_ref idref="oc-4e0"/>
      </symbol>
      <symbol id="sm-56a">
         <name>__mspabi_divul</name>
         <value>0xc48e</value>
         <object_component_ref idref="oc-4e0"/>
      </symbol>
      <symbol id="sm-575">
         <name>__mspabi_mpyl_f5hw</name>
         <value>0xc80e</value>
         <object_component_ref idref="oc-41f"/>
      </symbol>
      <symbol id="sm-57e">
         <name>__mspabi_mpyul_f5hw</name>
         <value>0xc852</value>
         <object_component_ref idref="oc-404"/>
      </symbol>
      <symbol id="sm-588">
         <name>__mspabi_sral_15</name>
         <value>0xc642</value>
         <object_component_ref idref="oc-409"/>
      </symbol>
      <symbol id="sm-589">
         <name>__mspabi_sral_14</name>
         <value>0xc646</value>
         <object_component_ref idref="oc-409"/>
      </symbol>
      <symbol id="sm-58a">
         <name>__mspabi_sral_13</name>
         <value>0xc64a</value>
         <object_component_ref idref="oc-409"/>
      </symbol>
      <symbol id="sm-58b">
         <name>__mspabi_sral_12</name>
         <value>0xc64e</value>
         <object_component_ref idref="oc-409"/>
      </symbol>
      <symbol id="sm-58c">
         <name>__mspabi_sral_11</name>
         <value>0xc652</value>
         <object_component_ref idref="oc-409"/>
      </symbol>
      <symbol id="sm-58d">
         <name>__mspabi_sral_10</name>
         <value>0xc656</value>
         <object_component_ref idref="oc-409"/>
      </symbol>
      <symbol id="sm-58e">
         <name>__mspabi_sral_8</name>
         <value>0xc65e</value>
         <object_component_ref idref="oc-409"/>
      </symbol>
      <symbol id="sm-58f">
         <name>__mspabi_sral_9</name>
         <value>0xc65a</value>
         <object_component_ref idref="oc-409"/>
      </symbol>
      <symbol id="sm-590">
         <name>__mspabi_sral_6</name>
         <value>0xc666</value>
         <object_component_ref idref="oc-409"/>
      </symbol>
      <symbol id="sm-591">
         <name>__mspabi_sral_7</name>
         <value>0xc662</value>
         <object_component_ref idref="oc-409"/>
      </symbol>
      <symbol id="sm-592">
         <name>__mspabi_sral_4</name>
         <value>0xc66e</value>
         <object_component_ref idref="oc-409"/>
      </symbol>
      <symbol id="sm-593">
         <name>__mspabi_sral_5</name>
         <value>0xc66a</value>
         <object_component_ref idref="oc-409"/>
      </symbol>
      <symbol id="sm-594">
         <name>__mspabi_sral_2</name>
         <value>0xc676</value>
         <object_component_ref idref="oc-409"/>
      </symbol>
      <symbol id="sm-595">
         <name>__mspabi_sral_3</name>
         <value>0xc672</value>
         <object_component_ref idref="oc-409"/>
      </symbol>
      <symbol id="sm-596">
         <name>__mspabi_sral_1</name>
         <value>0xc67a</value>
         <object_component_ref idref="oc-409"/>
      </symbol>
      <symbol id="sm-59f">
         <name>__mspabi_srli</name>
         <value>0xc968</value>
         <object_component_ref idref="oc-430"/>
      </symbol>
      <symbol id="sm-5a9">
         <name>__mspabi_srll</name>
         <value>0xc92a</value>
         <object_component_ref idref="oc-42b"/>
      </symbol>
      <symbol id="sm-5b8">
         <name>_c_int00_noinit_noargs</name>
         <value>0xc8e2</value>
         <object_component_ref idref="oc-463"/>
      </symbol>
      <symbol id="sm-5b9">
         <name>_stack</name>
         <value>0x2360</value>
         <object_component_ref idref="oc-3a3"/>
      </symbol>
      <symbol id="sm-5ba">
         <name>_reset_vector</name>
         <value>0xfffe</value>
         <object_component_ref idref="oc-3a6"/>
      </symbol>
      <symbol id="sm-5c8">
         <name>C$$EXIT</name>
         <value>0xc98e</value>
         <object_component_ref idref="oc-551"/>
      </symbol>
      <symbol id="sm-5c9">
         <name>abort</name>
         <value>0xc98e</value>
         <object_component_ref idref="oc-551"/>
      </symbol>
      <symbol id="sm-5de">
         <name>prevDecryptOffset</name>
         <value>0x1cd0</value>
      </symbol>
      <symbol id="sm-5df">
         <name>receivedWords</name>
         <value>0x1ccc</value>
      </symbol>
      <symbol id="sm-5e0">
         <name>secuCommMode</name>
         <value>0x1cd2</value>
      </symbol>
      <symbol id="sm-5e1">
         <name>initAuthenticateState</name>
         <value>0xc8a4</value>
         <object_component_ref idref="oc-59c"/>
      </symbol>
   </symbol_table>
   <title>Link successful</title>
</link_info>
