<?xml version="1.0" encoding="ISO-8859-1" ?>
<link_info>
   <banner>MSP430 Linker PC v20.2.0.LTS</banner>
   <copyright>Copyright (c) 2003-2018 Texas Instruments Incorporated</copyright>
   <link_time>0x61778968</link_time>
   <link_errors>0x0</link_errors>
   <output_file>MPU_protection_test.out</output_file>
   <entry_point>
      <name>_c_int00_noinit_noargs</name>
      <address>0xcaa6</address>
   </entry_point>
   <input_file_list>
      <input_file id="fl-2">
         <path>.\</path>
         <kind>object</kind>
         <file>main.obj</file>
         <name>main.obj</name>
      </input_file>
      <input_file id="fl-3">
         <path>.\</path>
         <kind>object</kind>
         <file>secure_area.obj</file>
         <name>secure_area.obj</name>
      </input_file>
      <input_file id="fl-4">
         <path>.\AppMgr\</path>
         <kind>object</kind>
         <file>Crc.obj</file>
         <name>Crc.obj</name>
      </input_file>
      <input_file id="fl-5">
         <path>.\AppMgr\</path>
         <kind>object</kind>
         <file>TI_MSPBoot_AppMgrDualImg.obj</file>
         <name>TI_MSPBoot_AppMgrDualImg.obj</name>
      </input_file>
      <input_file id="fl-6">
         <path>.\Comm\NWK_APP\</path>
         <kind>object</kind>
         <file>TI_MSPBoot_CI_NWK_APP_BSL_CC1101.obj</file>
         <name>TI_MSPBoot_CI_NWK_APP_BSL_CC1101.obj</name>
      </input_file>
      <input_file id="fl-7">
         <path>.\Comm\PHY_DataLink\</path>
         <kind>object</kind>
         <file>TI_MSPBoot_CI_PHYDL_wisp5.obj</file>
         <name>TI_MSPBoot_CI_PHYDL_wisp5.obj</name>
      </input_file>
      <input_file id="fl-8">
         <path>.\MI\</path>
         <kind>object</kind>
         <file>TI_MSPBoot_MI_FRAMDualImg.obj</file>
         <name>TI_MSPBoot_MI_FRAMDualImg.obj</name>
      </input_file>
      <input_file id="fl-10">
         <kind>object</kind>
         <file>&lt;internal&gt;</file>
         <name>&lt;internal&gt;</name>
      </input_file>
      <input_file id="fl-30">
         <path>C:\Users\nokia\Documents\GitHub\Wisecr\src\wisp5-base\CCS\wisp-base\build\</path>
         <kind>archive</kind>
         <file>wisp-base.lib</file>
         <name>accel.obj</name>
      </input_file>
      <input_file id="fl-31">
         <path>C:\Users\nokia\Documents\GitHub\Wisecr\src\wisp5-base\CCS\wisp-base\build\</path>
         <kind>archive</kind>
         <file>wisp-base.lib</file>
         <name>adc.obj</name>
      </input_file>
      <input_file id="fl-32">
         <path>C:\Users\nokia\Documents\GitHub\Wisecr\src\wisp5-base\CCS\wisp-base\build\</path>
         <kind>archive</kind>
         <file>wisp-base.lib</file>
         <name>spi.obj</name>
      </input_file>
      <input_file id="fl-33">
         <path>C:\Users\nokia\Documents\GitHub\Wisecr\src\wisp5-base\CCS\wisp-base\build\</path>
         <kind>archive</kind>
         <file>wisp-base.lib</file>
         <name>timer.obj</name>
      </input_file>
      <input_file id="fl-34">
         <path>C:\Users\nokia\Documents\GitHub\Wisecr\src\wisp5-base\CCS\wisp-base\build\</path>
         <kind>archive</kind>
         <file>wisp-base.lib</file>
         <name>WISP_doRFID.obj</name>
      </input_file>
      <input_file id="fl-35">
         <path>C:\Users\nokia\Documents\GitHub\Wisecr\src\wisp5-base\CCS\wisp-base\build\</path>
         <kind>archive</kind>
         <file>wisp-base.lib</file>
         <name>Clocking.obj</name>
      </input_file>
      <input_file id="fl-36">
         <path>C:\Users\nokia\Documents\GitHub\Wisecr\src\wisp5-base\CCS\wisp-base\build\</path>
         <kind>archive</kind>
         <file>wisp-base.lib</file>
         <name>interface.obj</name>
      </input_file>
      <input_file id="fl-37">
         <path>C:\Users\nokia\Documents\GitHub\Wisecr\src\wisp5-base\CCS\wisp-base\build\</path>
         <kind>archive</kind>
         <file>wisp-base.lib</file>
         <name>wisp-init.obj</name>
      </input_file>
      <input_file id="fl-38">
         <path>C:\Users\nokia\Documents\GitHub\Wisecr\src\wisp5-base\CCS\wisp-base\build\</path>
         <kind>archive</kind>
         <file>wisp-base.lib</file>
         <name>RX_ISR.obj</name>
      </input_file>
      <input_file id="fl-39">
         <path>C:\Users\nokia\Documents\GitHub\Wisecr\src\wisp5-base\CCS\wisp-base\build\</path>
         <kind>archive</kind>
         <file>wisp-base.lib</file>
         <name>IEM.obj</name>
      </input_file>
      <input_file id="fl-3a">
         <path>C:\Users\nokia\Documents\GitHub\Wisecr\src\wisp5-base\CCS\wisp-base\build\</path>
         <kind>archive</kind>
         <file>wisp-base.lib</file>
         <name>Timer0A0_ISR.obj</name>
      </input_file>
      <input_file id="fl-3b">
         <path>C:\Users\nokia\Documents\GitHub\Wisecr\src\wisp5-base\CCS\wisp-base\build\</path>
         <kind>archive</kind>
         <file>wisp-base.lib</file>
         <name>Timer0A1_ISR.obj</name>
      </input_file>
      <input_file id="fl-3c">
         <path>C:\Users\nokia\Documents\GitHub\Wisecr\src\wisp5-base\CCS\wisp-base\build\</path>
         <kind>archive</kind>
         <file>wisp-base.lib</file>
         <name>Timer1A0_ISR.obj</name>
      </input_file>
      <input_file id="fl-3d">
         <path>C:\ti\ccs1000\ccs\tools\compiler\ti-cgt-msp430_20.2.0.LTS\lib\</path>
         <kind>archive</kind>
         <file>rts430x_lc_ld_eabi.lib</file>
         <name>copy_decompress_lzss.c.obj</name>
      </input_file>
      <input_file id="fl-3e">
         <path>C:\ti\ccs1000\ccs\tools\compiler\ti-cgt-msp430_20.2.0.LTS\lib\</path>
         <kind>archive</kind>
         <file>rts430x_lc_ld_eabi.lib</file>
         <name>copy_decompress_none.c.obj</name>
      </input_file>
      <input_file id="fl-3f">
         <path>C:\ti\ccs1000\ccs\tools\compiler\ti-cgt-msp430_20.2.0.LTS\lib\</path>
         <kind>archive</kind>
         <file>rts430x_lc_ld_eabi.lib</file>
         <name>div32s.asm.obj</name>
      </input_file>
      <input_file id="fl-40">
         <path>C:\ti\ccs1000\ccs\tools\compiler\ti-cgt-msp430_20.2.0.LTS\lib\</path>
         <kind>archive</kind>
         <file>rts430x_lc_ld_eabi.lib</file>
         <name>div32u.asm.obj</name>
      </input_file>
      <input_file id="fl-41">
         <path>C:\ti\ccs1000\ccs\tools\compiler\ti-cgt-msp430_20.2.0.LTS\lib\</path>
         <kind>archive</kind>
         <file>rts430x_lc_ld_eabi.lib</file>
         <name>mult16_f5hw.asm.obj</name>
      </input_file>
      <input_file id="fl-42">
         <path>C:\ti\ccs1000\ccs\tools\compiler\ti-cgt-msp430_20.2.0.LTS\lib\</path>
         <kind>archive</kind>
         <file>rts430x_lc_ld_eabi.lib</file>
         <name>mult32_f5hw.asm.obj</name>
      </input_file>
      <input_file id="fl-43">
         <path>C:\ti\ccs1000\ccs\tools\compiler\ti-cgt-msp430_20.2.0.LTS\lib\</path>
         <kind>archive</kind>
         <file>rts430x_lc_ld_eabi.lib</file>
         <name>mult64_f5hw.asm.obj</name>
      </input_file>
      <input_file id="fl-44">
         <path>C:\ti\ccs1000\ccs\tools\compiler\ti-cgt-msp430_20.2.0.LTS\lib\</path>
         <kind>archive</kind>
         <file>rts430x_lc_ld_eabi.lib</file>
         <name>mult1632_f5hw.asm.obj</name>
      </input_file>
      <input_file id="fl-45">
         <path>C:\ti\ccs1000\ccs\tools\compiler\ti-cgt-msp430_20.2.0.LTS\lib\</path>
         <kind>archive</kind>
         <file>rts430x_lc_ld_eabi.lib</file>
         <name>mult3264_f5hw.asm.obj</name>
      </input_file>
      <input_file id="fl-46">
         <path>C:\ti\ccs1000\ccs\tools\compiler\ti-cgt-msp430_20.2.0.LTS\lib\</path>
         <kind>archive</kind>
         <file>rts430x_lc_ld_eabi.lib</file>
         <name>asr32.asm.obj</name>
      </input_file>
      <input_file id="fl-47">
         <path>C:\ti\ccs1000\ccs\tools\compiler\ti-cgt-msp430_20.2.0.LTS\lib\</path>
         <kind>archive</kind>
         <file>rts430x_lc_ld_eabi.lib</file>
         <name>lsr16.asm.obj</name>
      </input_file>
      <input_file id="fl-48">
         <path>C:\ti\ccs1000\ccs\tools\compiler\ti-cgt-msp430_20.2.0.LTS\lib\</path>
         <kind>archive</kind>
         <file>rts430x_lc_ld_eabi.lib</file>
         <name>lsr32.asm.obj</name>
      </input_file>
      <input_file id="fl-49">
         <path>C:\ti\ccs1000\ccs\tools\compiler\ti-cgt-msp430_20.2.0.LTS\lib\</path>
         <kind>archive</kind>
         <file>rts430x_lc_ld_eabi.lib</file>
         <name>boot.c.obj</name>
      </input_file>
      <input_file id="fl-4a">
         <path>C:\ti\ccs1000\ccs\tools\compiler\ti-cgt-msp430_20.2.0.LTS\lib\</path>
         <kind>archive</kind>
         <file>rts430x_lc_ld_eabi.lib</file>
         <name>mpu_init.c.obj</name>
      </input_file>
      <input_file id="fl-4b">
         <path>C:\ti\ccs1000\ccs\tools\compiler\ti-cgt-msp430_20.2.0.LTS\lib\</path>
         <kind>archive</kind>
         <file>rts430x_lc_ld_eabi.lib</file>
         <name>args_main.c.obj</name>
      </input_file>
      <input_file id="fl-4c">
         <path>C:\ti\ccs1000\ccs\tools\compiler\ti-cgt-msp430_20.2.0.LTS\lib\</path>
         <kind>archive</kind>
         <file>rts430x_lc_ld_eabi.lib</file>
         <name>autoinit.c.obj</name>
      </input_file>
      <input_file id="fl-4d">
         <path>C:\ti\ccs1000\ccs\tools\compiler\ti-cgt-msp430_20.2.0.LTS\lib\</path>
         <kind>archive</kind>
         <file>rts430x_lc_ld_eabi.lib</file>
         <name>startup.c.obj</name>
      </input_file>
      <input_file id="fl-4e">
         <path>C:\ti\ccs1000\ccs\tools\compiler\ti-cgt-msp430_20.2.0.LTS\lib\</path>
         <kind>archive</kind>
         <file>rts430x_lc_ld_eabi.lib</file>
         <name>pre_init.c.obj</name>
      </input_file>
      <input_file id="fl-4f">
         <path>C:\ti\ccs1000\ccs\tools\compiler\ti-cgt-msp430_20.2.0.LTS\lib\</path>
         <kind>archive</kind>
         <file>rts430x_lc_ld_eabi.lib</file>
         <name>cpy_tbl.c.obj</name>
      </input_file>
      <input_file id="fl-50">
         <path>C:\ti\ccs1000\ccs\tools\compiler\ti-cgt-msp430_20.2.0.LTS\lib\</path>
         <kind>archive</kind>
         <file>rts430x_lc_ld_eabi.lib</file>
         <name>mult16.asm.obj</name>
      </input_file>
      <input_file id="fl-51">
         <path>C:\Users\nokia\Documents\GitHub\Wisecr\src\wisp5-base\CCS\wisp-base\build\</path>
         <kind>archive</kind>
         <file>wisp-base.lib</file>
         <name>crc16_ccitt.obj</name>
      </input_file>
      <input_file id="fl-52">
         <path>C:\ti\ccs1000\ccs\tools\compiler\ti-cgt-msp430_20.2.0.LTS\lib\</path>
         <kind>archive</kind>
         <file>rts430x_lc_ld_eabi.lib</file>
         <name>exit.c.obj</name>
      </input_file>
      <input_file id="fl-53">
         <path>C:\ti\ccs1000\ccs\tools\compiler\ti-cgt-msp430_20.2.0.LTS\lib\</path>
         <kind>archive</kind>
         <file>rts430x_lc_ld_eabi.lib</file>
         <name>exit_gvars.c.obj</name>
      </input_file>
      <input_file id="fl-54">
         <path>C:\ti\ccs1000\ccs\tools\compiler\ti-cgt-msp430_20.2.0.LTS\lib\</path>
         <kind>archive</kind>
         <file>rts430x_lc_ld_eabi.lib</file>
         <name>_lock.c.obj</name>
      </input_file>
      <input_file id="fl-55">
         <path>C:\Users\nokia\Documents\GitHub\Wisecr\src\wisp5-base\CCS\wisp-base\build\</path>
         <kind>archive</kind>
         <file>wisp-base.lib</file>
         <name>rfid_Handles.obj</name>
      </input_file>
      <input_file id="fl-56">
         <path>C:\Users\nokia\Documents\GitHub\Wisecr\src\wisp5-base\CCS\wisp-base\build\</path>
         <kind>archive</kind>
         <file>wisp-base.lib</file>
         <name>TxFM0.obj</name>
      </input_file>
      <input_file id="fl-57">
         <path>C:\Users\nokia\Documents\GitHub\Wisecr\src\wisp5-base\CCS\wisp-base\build\</path>
         <kind>archive</kind>
         <file>wisp-base.lib</file>
         <name>rfid_BlockWriteHandle.obj</name>
      </input_file>
      <input_file id="fl-58">
         <path>C:\Users\nokia\Documents\GitHub\Wisecr\src\wisp5-base\CCS\wisp-base\build\</path>
         <kind>archive</kind>
         <file>wisp-base.lib</file>
         <name>authenticate.obj</name>
      </input_file>
      <input_file id="fl-59">
         <path>C:\Users\nokia\Documents\GitHub\Wisecr\src\wisp5-base\CCS\wisp-base\build\</path>
         <kind>archive</kind>
         <file>wisp-base.lib</file>
         <name>aes256.obj</name>
      </input_file>
      <input_file id="fl-5a">
         <path>C:\Users\nokia\Documents\GitHub\Wisecr\src\wisp5-base\CCS\wisp-base\build\</path>
         <kind>archive</kind>
         <file>wisp-base.lib</file>
         <name>tina.obj</name>
      </input_file>
      <input_file id="fl-5b">
         <path>C:\Users\nokia\Documents\GitHub\Wisecr\src\wisp5-base\CCS\wisp-base\build\</path>
         <kind>archive</kind>
         <file>wisp-base.lib</file>
         <name>rfid_ReadHandle.obj</name>
      </input_file>
      <input_file id="fl-5c">
         <path>C:\Users\nokia\Documents\GitHub\Wisecr\src\wisp5-base\CCS\wisp-base\build\</path>
         <kind>archive</kind>
         <file>wisp-base.lib</file>
         <name>rfid_WriteHandle.obj</name>
      </input_file>
      <input_file id="fl-5d">
         <path>C:\ti\ccs1000\ccs\tools\compiler\ti-cgt-msp430_20.2.0.LTS\lib\</path>
         <kind>archive</kind>
         <file>rts430x_lc_ld_eabi.lib</file>
         <name>memcpy.c.obj</name>
      </input_file>
      <input_file id="fl-5e">
         <path>C:\ti\ccs1000\ccs\tools\compiler\ti-cgt-msp430_20.2.0.LTS\lib\</path>
         <kind>archive</kind>
         <file>rts430x_lc_ld_eabi.lib</file>
         <name>memset.c.obj</name>
      </input_file>
      <input_file id="fl-5f">
         <path>C:\Users\nokia\Documents\GitHub\Wisecr\src\wisp5-base\CCS\wisp-base\build\</path>
         <kind>archive</kind>
         <file>wisp-base.lib</file>
         <name>cmac_mode.obj</name>
      </input_file>
   </input_file_list>
   <object_component_list>
      <object_component id="oc-538">
         <name>.bss:temp1$1</name>
         <uninitialized>true</uninitialized>
         <run_address>0x1ccc</run_address>
         <size>0x4</size>
         <input_file_ref idref="fl-2"/>
      </object_component>
      <object_component id="oc-53f">
         <name>.bss:temp2$2</name>
         <uninitialized>true</uninitialized>
         <run_address>0x1cd0</run_address>
         <size>0x4</size>
         <input_file_ref idref="fl-2"/>
      </object_component>
      <object_component id="oc-3e5">
         <name>.bss:ADC_SM</name>
         <uninitialized>true</uninitialized>
         <run_address>0x1cba</run_address>
         <size>0xc</size>
         <input_file_ref idref="fl-31"/>
      </object_component>
      <object_component id="oc-412">
         <name>.bss:spiSM</name>
         <uninitialized>true</uninitialized>
         <run_address>0x1c8a</run_address>
         <size>0x10</size>
         <input_file_ref idref="fl-32"/>
      </object_component>
      <object_component id="oc-5db">
         <name>.bss</name>
         <uninitialized>true</uninitialized>
         <run_address>0x1cdc</run_address>
         <size>0x1</size>
         <input_file_ref idref="fl-33"/>
      </object_component>
      <object_component id="oc-46b">
         <name>.common:RWData</name>
         <uninitialized>true</uninitialized>
         <run_address>0x1c08</run_address>
         <size>0x30</size>
      </object_component>
      <object_component id="oc-3bf">
         <name>.common:gpRxBuf</name>
         <uninitialized>true</uninitialized>
         <run_address>0x1c76</run_address>
         <size>0x14</size>
      </object_component>
      <object_component id="oc-46e">
         <name>.common:usrBank</name>
         <uninitialized>true</uninitialized>
         <run_address>0x1c38</run_address>
         <size>0x20</size>
      </object_component>
      <object_component id="oc-467">
         <name>.common:rfid</name>
         <uninitialized>true</uninitialized>
         <run_address>0x1caa</run_address>
         <size>0x10</size>
      </object_component>
      <object_component id="oc-48d">
         <name>.common:cmd</name>
         <uninitialized>true</uninitialized>
         <run_address>0x1c58</run_address>
         <size>0x1e</size>
      </object_component>
      <object_component id="oc-46a">
         <name>.common:dataBuf</name>
         <uninitialized>true</uninitialized>
         <run_address>0x1c9a</run_address>
         <size>0x10</size>
      </object_component>
      <object_component id="oc-471">
         <name>.common:isDoingLowPwrSleep</name>
         <uninitialized>true</uninitialized>
         <run_address>0x1cdd</run_address>
         <size>0x1</size>
      </object_component>
      <object_component id="oc-51a">
         <name>.common:IEMctx</name>
         <uninitialized>true</uninitialized>
         <run_address>0x1cc6</run_address>
         <size>0x6</size>
      </object_component>
      <object_component id="oc-517">
         <name>.common:prevDecryptOffset</name>
         <uninitialized>true</uninitialized>
         <run_address>0x1cd8</run_address>
         <size>0x2</size>
      </object_component>
      <object_component id="oc-513">
         <name>.common:receivedWords</name>
         <uninitialized>true</uninitialized>
         <run_address>0x1cd4</run_address>
         <size>0x4</size>
      </object_component>
      <object_component id="oc-516">
         <name>.common:secuCommMode</name>
         <uninitialized>true</uninitialized>
         <run_address>0x1cda</run_address>
         <size>0x2</size>
      </object_component>
      <object_component id="oc-3b5">
         <name>.stack</name>
         <uninitialized>true</uninitialized>
         <run_address>0x2360</run_address>
         <size>0x4</size>
         <input_file_ref idref="fl-49"/>
      </object_component>
      <object_component id="oc-648">
         <name>.stack</name>
         <uninitialized>true</uninitialized>
         <run_address>0x2360</run_address>
         <size>0x0</size>
      </object_component>
      <object_component id="oc-395">
         <name>.text</name>
         <load_address>0xc004</load_address>
         <run_address>0xc004</run_address>
         <size>0x11a</size>
         <input_file_ref idref="fl-38"/>
      </object_component>
      <object_component id="oc-396">
         <name>.text:WISP_init</name>
         <load_address>0xc11e</load_address>
         <run_address>0xc11e</run_address>
         <size>0xe4</size>
         <input_file_ref idref="fl-37"/>
      </object_component>
      <object_component id="oc-38">
         <name>.text:ADC_rawToTemperature</name>
         <load_address>0xc202</load_address>
         <run_address>0xc202</run_address>
         <size>0xd0</size>
         <input_file_ref idref="fl-31"/>
      </object_component>
      <object_component id="oc-3a6">
         <name>.text</name>
         <load_address>0xc2d2</load_address>
         <run_address>0xc2d2</run_address>
         <size>0xd0</size>
         <input_file_ref idref="fl-3a"/>
      </object_component>
      <object_component id="oc-3e">
         <name>.text:ADC_rawToVoltage</name>
         <load_address>0xc3a2</load_address>
         <run_address>0xc3a2</run_address>
         <size>0xb0</size>
         <input_file_ref idref="fl-31"/>
      </object_component>
      <object_component id="oc-2c">
         <name>.text:ADC_initCustom</name>
         <load_address>0xc452</load_address>
         <run_address>0xc452</run_address>
         <size>0x8c</size>
         <input_file_ref idref="fl-31"/>
      </object_component>
      <object_component id="oc-3ab">
         <name>.text</name>
         <load_address>0xc4de</load_address>
         <run_address>0xc4de</run_address>
         <size>0x74</size>
         <input_file_ref idref="fl-3b"/>
      </object_component>
      <object_component id="oc-539">
         <name>.text:MPU_init_app</name>
         <load_address>0xc552</load_address>
         <run_address>0xc552</run_address>
         <size>0x60</size>
         <input_file_ref idref="fl-2"/>
      </object_component>
      <object_component id="oc-3c5">
         <name>.text:SPI_transaction</name>
         <load_address>0xc5b2</load_address>
         <run_address>0xc5b2</run_address>
         <size>0x5e</size>
         <input_file_ref idref="fl-32"/>
      </object_component>
      <object_component id="oc-4bd">
         <name>.text</name>
         <load_address>0xc610</load_address>
         <run_address>0xc610</run_address>
         <size>0x58</size>
         <input_file_ref idref="fl-40"/>
      </object_component>
      <object_component id="oc-4e0">
         <name>.text:main</name>
         <load_address>0xc668</load_address>
         <run_address>0xc668</run_address>
         <size>0x54</size>
         <input_file_ref idref="fl-2"/>
      </object_component>
      <object_component id="oc-532">
         <name>.text:MPU_init_bootloader</name>
         <load_address>0xc6bc</load_address>
         <run_address>0xc6bc</run_address>
         <size>0x4e</size>
         <input_file_ref idref="fl-2"/>
      </object_component>
      <object_component id="oc-47e">
         <name>.text:_isr:TIMER3_A0_ISR</name>
         <load_address>0xc70a</load_address>
         <run_address>0xc70a</run_address>
         <size>0x4e</size>
         <input_file_ref idref="fl-39"/>
      </object_component>
      <object_component id="oc-44">
         <name>.text:ADC_read</name>
         <load_address>0xc758</load_address>
         <run_address>0xc758</run_address>
         <size>0x4a</size>
         <input_file_ref idref="fl-31"/>
      </object_component>
      <object_component id="oc-20">
         <name>.text:ACCEL_singleSample</name>
         <load_address>0xc7a2</load_address>
         <run_address>0xc7a2</run_address>
         <size>0x40</size>
         <input_file_ref idref="fl-30"/>
      </object_component>
      <object_component id="oc-400">
         <name>.text</name>
         <load_address>0xc7e2</load_address>
         <run_address>0xc7e2</run_address>
         <size>0x40</size>
         <input_file_ref idref="fl-3f"/>
      </object_component>
      <object_component id="oc-3f5">
         <name>.text:l_asr_const</name>
         <load_address>0xc822</load_address>
         <run_address>0xc822</run_address>
         <size>0x3e</size>
         <input_file_ref idref="fl-46"/>
      </object_component>
      <object_component id="oc-540">
         <name>.text:ledBlinks</name>
         <load_address>0xc860</load_address>
         <run_address>0xc860</run_address>
         <size>0x3e</size>
         <input_file_ref idref="fl-2"/>
      </object_component>
      <object_component id="oc-3e8">
         <name>.text:ADC_setInputChannel</name>
         <load_address>0xc89e</load_address>
         <run_address>0xc89e</run_address>
         <size>0x3c</size>
         <input_file_ref idref="fl-31"/>
      </object_component>
      <object_component id="oc-4a">
         <name>.text:SPI_initialize</name>
         <load_address>0xc8da</load_address>
         <run_address>0xc8da</run_address>
         <size>0x3c</size>
         <input_file_ref idref="fl-32"/>
      </object_component>
      <object_component id="oc-3a0">
         <name>.text:CopyWispISRs</name>
         <load_address>0xc916</load_address>
         <run_address>0xc916</run_address>
         <size>0x3a</size>
         <input_file_ref idref="fl-37"/>
      </object_component>
      <object_component id="oc-1a">
         <name>.text:ACCEL_readStat</name>
         <load_address>0xc950</load_address>
         <run_address>0xc950</run_address>
         <size>0x34</size>
         <input_file_ref idref="fl-30"/>
      </object_component>
      <object_component id="oc-52c">
         <name>.text:HW_init</name>
         <load_address>0xc984</load_address>
         <run_address>0xc984</run_address>
         <size>0x2c</size>
         <input_file_ref idref="fl-2"/>
      </object_component>
      <object_component id="oc-5a1">
         <name>.text:Timer_LooseDelay</name>
         <load_address>0xc9b0</load_address>
         <run_address>0xc9b0</run_address>
         <size>0x2c</size>
         <input_file_ref idref="fl-33"/>
      </object_component>
      <object_component id="oc-e">
         <name>.text:ACCEL_initialize</name>
         <load_address>0xc9dc</load_address>
         <run_address>0xc9dc</run_address>
         <size>0x28</size>
         <input_file_ref idref="fl-30"/>
      </object_component>
      <object_component id="oc-14">
         <name>.text:ACCEL_range</name>
         <load_address>0xca04</load_address>
         <run_address>0xca04</run_address>
         <size>0x28</size>
         <input_file_ref idref="fl-30"/>
      </object_component>
      <object_component id="oc-32">
         <name>.text:ADC_rawCorrection</name>
         <load_address>0xca2c</load_address>
         <run_address>0xca2c</run_address>
         <size>0x28</size>
         <input_file_ref idref="fl-31"/>
      </object_component>
      <object_component id="oc-484">
         <name>.text:_isr:INT_ADC12</name>
         <load_address>0xca54</load_address>
         <run_address>0xca54</run_address>
         <size>0x20</size>
         <input_file_ref idref="fl-31"/>
      </object_component>
      <object_component id="oc-478">
         <name>.text:_isr:TIMER0_B0_ISR</name>
         <load_address>0xca74</load_address>
         <run_address>0xca74</run_address>
         <size>0x1c</size>
         <input_file_ref idref="fl-39"/>
      </object_component>
      <object_component id="oc-472">
         <name>.text:initAuthenticateState</name>
         <load_address>0xca90</load_address>
         <run_address>0xca90</run_address>
         <size>0x16</size>
         <input_file_ref idref="fl-58"/>
      </object_component>
      <object_component id="oc-42e">
         <name>.text:_isr:_c_int00_noinit_noargs</name>
         <load_address>0xcaa6</load_address>
         <run_address>0xcaa6</run_address>
         <size>0x14</size>
         <input_file_ref idref="fl-49"/>
      </object_component>
      <object_component id="oc-3b9">
         <name>.text:SPI_acquirePort</name>
         <load_address>0xcaba</load_address>
         <run_address>0xcaba</run_address>
         <size>0x12</size>
         <input_file_ref idref="fl-32"/>
      </object_component>
      <object_component id="oc-3cb">
         <name>.text:SPI_releasePort</name>
         <load_address>0xcacc</load_address>
         <run_address>0xcacc</run_address>
         <size>0x12</size>
         <input_file_ref idref="fl-32"/>
      </object_component>
      <object_component id="oc-26">
         <name>.text:ADC_init</name>
         <load_address>0xcade</load_address>
         <run_address>0xcade</run_address>
         <size>0x10</size>
         <input_file_ref idref="fl-31"/>
      </object_component>
      <object_component id="oc-406">
         <name>.text:l_lsr</name>
         <load_address>0xcaee</load_address>
         <run_address>0xcaee</run_address>
         <size>0x10</size>
         <input_file_ref idref="fl-48"/>
      </object_component>
      <object_component id="oc-3b0">
         <name>.text</name>
         <load_address>0xcafe</load_address>
         <run_address>0xcafe</run_address>
         <size>0xc</size>
         <input_file_ref idref="fl-3c"/>
      </object_component>
      <object_component id="oc-40b">
         <name>.text</name>
         <load_address>0xcb0a</load_address>
         <run_address>0xcb0a</run_address>
         <size>0xa</size>
         <input_file_ref idref="fl-47"/>
      </object_component>
      <object_component id="oc-547">
         <name>.text:abort</name>
         <load_address>0xcb14</load_address>
         <run_address>0xcb14</run_address>
         <size>0x6</size>
         <input_file_ref idref="fl-52"/>
      </object_component>
      <object_component id="oc-4da">
         <name>.text:_system_pre_init</name>
         <load_address>0xcb1a</load_address>
         <run_address>0xcb1a</run_address>
         <size>0x4</size>
         <input_file_ref idref="fl-4e"/>
      </object_component>
      <object_component id="oc-3e0">
         <name>.const:.string:ADXL_READ_XYZ_8BIT</name>
         <load_address>0xcb1e</load_address>
         <run_address>0xcb1e</run_address>
         <size>0x5</size>
         <input_file_ref idref="fl-30"/>
      </object_component>
      <object_component id="oc-3d7">
         <name>.const:.string:ADXL_CONFIG_FILTER</name>
         <load_address>0xcb24</load_address>
         <run_address>0xcb24</run_address>
         <size>0x3</size>
         <input_file_ref idref="fl-30"/>
      </object_component>
      <object_component id="oc-3c2">
         <name>.const:.string:ADXL_CONFIG_MEAS</name>
         <load_address>0xcb28</load_address>
         <run_address>0xcb28</run_address>
         <size>0x3</size>
         <input_file_ref idref="fl-30"/>
      </object_component>
      <object_component id="oc-3db">
         <name>.const:.string:ADXL_REAsxD_STATUS</name>
         <load_address>0xcb2c</load_address>
         <run_address>0xcb2c</run_address>
         <size>0x3</size>
         <input_file_ref idref="fl-30"/>
      </object_component>
      <object_component id="oc-3b8">
         <name>.reset</name>
         <load_address>0xfffe</load_address>
         <run_address>0xfffe</run_address>
         <size>0x2</size>
         <input_file_ref idref="fl-49"/>
      </object_component>
      <object_component id="oc-389">
         <name>.TI.bound:_Device_Id</name>
         <load_address>0x1800</load_address>
         <run_address>0x1800</run_address>
         <size>0x2</size>
         <input_file_ref idref="fl-3"/>
      </object_component>
      <object_component id="oc-38c">
         <name>.TI.bound:_Device_Version</name>
         <load_address>0xa200</load_address>
         <run_address>0xa200</run_address>
         <size>0x2</size>
         <input_file_ref idref="fl-3"/>
      </object_component>
      <object_component id="oc-38f">
         <name>.TI.bound:_Device_Key</name>
         <load_address>0xa202</load_address>
         <run_address>0xa202</run_address>
         <size>0x10</size>
         <input_file_ref idref="fl-3"/>
      </object_component>
      <object_component id="oc-392">
         <name>.TI.bound:_Device_Serial</name>
         <load_address>0xa212</load_address>
         <run_address>0xa212</run_address>
         <size>0x10</size>
         <input_file_ref idref="fl-3"/>
      </object_component>
      <object_component id="oc-49f">
         <name>.debug_info</name>
         <load_address>0x0</load_address>
         <run_address>0x0</run_address>
         <size>0x3f5</size>
         <input_file_ref idref="fl-2"/>
      </object_component>
      <object_component id="oc-541">
         <name>.debug_info</name>
         <load_address>0x3f5</load_address>
         <run_address>0x3f5</run_address>
         <size>0x194</size>
         <input_file_ref idref="fl-2"/>
      </object_component>
      <object_component id="oc-4e1">
         <name>.debug_info</name>
         <load_address>0x589</load_address>
         <run_address>0x589</run_address>
         <size>0x190</size>
         <input_file_ref idref="fl-2"/>
      </object_component>
      <object_component id="oc-52d">
         <name>.debug_info</name>
         <load_address>0x719</load_address>
         <run_address>0x719</run_address>
         <size>0x10a</size>
         <input_file_ref idref="fl-2"/>
      </object_component>
      <object_component id="oc-533">
         <name>.debug_info</name>
         <load_address>0x823</load_address>
         <run_address>0x823</run_address>
         <size>0x122</size>
         <input_file_ref idref="fl-2"/>
      </object_component>
      <object_component id="oc-53a">
         <name>.debug_info</name>
         <load_address>0x945</load_address>
         <run_address>0x945</run_address>
         <size>0x114</size>
         <input_file_ref idref="fl-2"/>
      </object_component>
      <object_component id="oc-3ef">
         <name>.debug_info</name>
         <load_address>0xa59</load_address>
         <run_address>0xa59</run_address>
         <size>0x1c3</size>
         <input_file_ref idref="fl-2"/>
      </object_component>
      <object_component id="oc-496">
         <name>.debug_info</name>
         <load_address>0xc1c</load_address>
         <run_address>0xc1c</run_address>
         <size>0x26b</size>
         <input_file_ref idref="fl-2"/>
      </object_component>
      <object_component id="oc-507">
         <name>.debug_info</name>
         <load_address>0xe87</load_address>
         <run_address>0xe87</run_address>
         <size>0x72</size>
         <input_file_ref idref="fl-2"/>
      </object_component>
      <object_component id="oc-3d2">
         <name>.debug_info</name>
         <load_address>0xef9</load_address>
         <run_address>0xef9</run_address>
         <size>0x276</size>
         <input_file_ref idref="fl-2"/>
      </object_component>
      <object_component id="oc-4a7">
         <name>.debug_info</name>
         <load_address>0x116f</load_address>
         <run_address>0x116f</run_address>
         <size>0xc5</size>
         <input_file_ref idref="fl-2"/>
      </object_component>
      <object_component id="oc-502">
         <name>.debug_info</name>
         <load_address>0x1234</load_address>
         <run_address>0x1234</run_address>
         <size>0x9a</size>
         <input_file_ref idref="fl-2"/>
      </object_component>
      <object_component id="oc-588">
         <name>.debug_info</name>
         <load_address>0x12ce</load_address>
         <run_address>0x12ce</run_address>
         <size>0x58</size>
         <input_file_ref idref="fl-2"/>
      </object_component>
      <object_component id="oc-41c">
         <name>.debug_info</name>
         <load_address>0x1326</load_address>
         <run_address>0x1326</run_address>
         <size>0x84</size>
         <input_file_ref idref="fl-2"/>
      </object_component>
      <object_component id="oc-4b8">
         <name>.debug_info</name>
         <load_address>0x13aa</load_address>
         <run_address>0x13aa</run_address>
         <size>0x282</size>
         <input_file_ref idref="fl-2"/>
      </object_component>
      <object_component id="oc-3fb">
         <name>.debug_info</name>
         <load_address>0x162c</load_address>
         <run_address>0x162c</run_address>
         <size>0xbb</size>
         <input_file_ref idref="fl-2"/>
      </object_component>
      <object_component id="oc-592">
         <name>.debug_info</name>
         <load_address>0x16e7</load_address>
         <run_address>0x16e7</run_address>
         <size>0x53</size>
         <input_file_ref idref="fl-2"/>
      </object_component>
      <object_component id="oc-50c">
         <name>.debug_info</name>
         <load_address>0x173a</load_address>
         <run_address>0x173a</run_address>
         <size>0xc6</size>
         <input_file_ref idref="fl-2"/>
      </object_component>
      <object_component id="oc-460">
         <name>.debug_info</name>
         <load_address>0x1800</load_address>
         <run_address>0x1800</run_address>
         <size>0xfa</size>
         <input_file_ref idref="fl-3"/>
      </object_component>
      <object_component id="oc-38a">
         <name>.debug_info</name>
         <load_address>0x18fa</load_address>
         <run_address>0x18fa</run_address>
         <size>0xeb</size>
         <input_file_ref idref="fl-3"/>
      </object_component>
      <object_component id="oc-38d">
         <name>.debug_info</name>
         <load_address>0x19e5</load_address>
         <run_address>0x19e5</run_address>
         <size>0xf5</size>
         <input_file_ref idref="fl-3"/>
      </object_component>
      <object_component id="oc-390">
         <name>.debug_info</name>
         <load_address>0x1ada</load_address>
         <run_address>0x1ada</run_address>
         <size>0xed</size>
         <input_file_ref idref="fl-3"/>
      </object_component>
      <object_component id="oc-393">
         <name>.debug_info</name>
         <load_address>0x1bc7</load_address>
         <run_address>0x1bc7</run_address>
         <size>0xf3</size>
         <input_file_ref idref="fl-3"/>
      </object_component>
      <object_component id="oc-46c">
         <name>.debug_info</name>
         <load_address>0x1cba</load_address>
         <run_address>0x1cba</run_address>
         <size>0x37e</size>
         <input_file_ref idref="fl-7"/>
      </object_component>
      <object_component id="oc-3df">
         <name>.debug_info</name>
         <load_address>0x2038</load_address>
         <run_address>0x2038</run_address>
         <size>0x2a6</size>
         <input_file_ref idref="fl-30"/>
      </object_component>
      <object_component id="oc-3dc">
         <name>.debug_info</name>
         <load_address>0x22de</load_address>
         <run_address>0x22de</run_address>
         <size>0x106</size>
         <input_file_ref idref="fl-30"/>
      </object_component>
      <object_component id="oc-3e1">
         <name>.debug_info</name>
         <load_address>0x23e4</load_address>
         <run_address>0x23e4</run_address>
         <size>0x106</size>
         <input_file_ref idref="fl-30"/>
      </object_component>
      <object_component id="oc-3c3">
         <name>.debug_info</name>
         <load_address>0x24ea</load_address>
         <run_address>0x24ea</run_address>
         <size>0x102</size>
         <input_file_ref idref="fl-30"/>
      </object_component>
      <object_component id="oc-3d8">
         <name>.debug_info</name>
         <load_address>0x25ec</load_address>
         <run_address>0x25ec</run_address>
         <size>0x106</size>
         <input_file_ref idref="fl-30"/>
      </object_component>
      <object_component id="oc-21">
         <name>.debug_info</name>
         <load_address>0x26f2</load_address>
         <run_address>0x26f2</run_address>
         <size>0x1b2</size>
         <input_file_ref idref="fl-30"/>
      </object_component>
      <object_component id="oc-1b">
         <name>.debug_info</name>
         <load_address>0x28a4</load_address>
         <run_address>0x28a4</run_address>
         <size>0x1aa</size>
         <input_file_ref idref="fl-30"/>
      </object_component>
      <object_component id="oc-15">
         <name>.debug_info</name>
         <load_address>0x2a4e</load_address>
         <run_address>0x2a4e</run_address>
         <size>0x17a</size>
         <input_file_ref idref="fl-30"/>
      </object_component>
      <object_component id="oc-f">
         <name>.debug_info</name>
         <load_address>0x2bc8</load_address>
         <run_address>0x2bc8</run_address>
         <size>0x184</size>
         <input_file_ref idref="fl-30"/>
      </object_component>
      <object_component id="oc-3f4">
         <name>.debug_info</name>
         <load_address>0x2d4c</load_address>
         <run_address>0x2d4c</run_address>
         <size>0x388</size>
         <input_file_ref idref="fl-31"/>
      </object_component>
      <object_component id="oc-3e6">
         <name>.debug_info</name>
         <load_address>0x30d4</load_address>
         <run_address>0x30d4</run_address>
         <size>0xeb</size>
         <input_file_ref idref="fl-31"/>
      </object_component>
      <object_component id="oc-486">
         <name>.debug_info</name>
         <load_address>0x31bf</load_address>
         <run_address>0x31bf</run_address>
         <size>0x132</size>
         <input_file_ref idref="fl-31"/>
      </object_component>
      <object_component id="oc-3ea">
         <name>.debug_info</name>
         <load_address>0x32f1</load_address>
         <run_address>0x32f1</run_address>
         <size>0x16f</size>
         <input_file_ref idref="fl-31"/>
      </object_component>
      <object_component id="oc-46">
         <name>.debug_info</name>
         <load_address>0x3460</load_address>
         <run_address>0x3460</run_address>
         <size>0x12c</size>
         <input_file_ref idref="fl-31"/>
      </object_component>
      <object_component id="oc-34">
         <name>.debug_info</name>
         <load_address>0x358c</load_address>
         <run_address>0x358c</run_address>
         <size>0x173</size>
         <input_file_ref idref="fl-31"/>
      </object_component>
      <object_component id="oc-40">
         <name>.debug_info</name>
         <load_address>0x36ff</load_address>
         <run_address>0x36ff</run_address>
         <size>0x1d9</size>
         <input_file_ref idref="fl-31"/>
      </object_component>
      <object_component id="oc-3a">
         <name>.debug_info</name>
         <load_address>0x38d8</load_address>
         <run_address>0x38d8</run_address>
         <size>0x1f5</size>
         <input_file_ref idref="fl-31"/>
      </object_component>
      <object_component id="oc-2e">
         <name>.debug_info</name>
         <load_address>0x3acd</load_address>
         <run_address>0x3acd</run_address>
         <size>0x1e8</size>
         <input_file_ref idref="fl-31"/>
      </object_component>
      <object_component id="oc-28">
         <name>.debug_info</name>
         <load_address>0x3cb5</load_address>
         <run_address>0x3cb5</run_address>
         <size>0x138</size>
         <input_file_ref idref="fl-31"/>
      </object_component>
      <object_component id="oc-4b0">
         <name>.debug_info</name>
         <load_address>0x3ded</load_address>
         <run_address>0x3ded</run_address>
         <size>0x8d</size>
         <input_file_ref idref="fl-31"/>
      </object_component>
      <object_component id="oc-3c0">
         <name>.debug_info</name>
         <load_address>0x3e7a</load_address>
         <run_address>0x3e7a</run_address>
         <size>0x2c2</size>
         <input_file_ref idref="fl-32"/>
      </object_component>
      <object_component id="oc-413">
         <name>.debug_info</name>
         <load_address>0x413c</load_address>
         <run_address>0x413c</run_address>
         <size>0xe7</size>
         <input_file_ref idref="fl-32"/>
      </object_component>
      <object_component id="oc-3c8">
         <name>.debug_info</name>
         <load_address>0x4223</load_address>
         <run_address>0x4223</run_address>
         <size>0x1a2</size>
         <input_file_ref idref="fl-32"/>
      </object_component>
      <object_component id="oc-3ce">
         <name>.debug_info</name>
         <load_address>0x43c5</load_address>
         <run_address>0x43c5</run_address>
         <size>0x13a</size>
         <input_file_ref idref="fl-32"/>
      </object_component>
      <object_component id="oc-4d">
         <name>.debug_info</name>
         <load_address>0x44ff</load_address>
         <run_address>0x44ff</run_address>
         <size>0x132</size>
         <input_file_ref idref="fl-32"/>
      </object_component>
      <object_component id="oc-3bc">
         <name>.debug_info</name>
         <load_address>0x4631</load_address>
         <run_address>0x4631</run_address>
         <size>0x13a</size>
         <input_file_ref idref="fl-32"/>
      </object_component>
      <object_component id="oc-4c7">
         <name>.debug_info</name>
         <load_address>0x476b</load_address>
         <run_address>0x476b</run_address>
         <size>0xb5</size>
         <input_file_ref idref="fl-32"/>
      </object_component>
      <object_component id="oc-5df">
         <name>.debug_info</name>
         <load_address>0x4820</load_address>
         <run_address>0x4820</run_address>
         <size>0x253</size>
         <input_file_ref idref="fl-33"/>
      </object_component>
      <object_component id="oc-5dc">
         <name>.debug_info</name>
         <load_address>0x4a73</load_address>
         <run_address>0x4a73</run_address>
         <size>0x100</size>
         <input_file_ref idref="fl-33"/>
      </object_component>
      <object_component id="oc-5a2">
         <name>.debug_info</name>
         <load_address>0x4b73</load_address>
         <run_address>0x4b73</run_address>
         <size>0x179</size>
         <input_file_ref idref="fl-33"/>
      </object_component>
      <object_component id="oc-46f">
         <name>.debug_info</name>
         <load_address>0x4cec</load_address>
         <run_address>0x4cec</run_address>
         <size>0x223</size>
         <input_file_ref idref="fl-36"/>
      </object_component>
      <object_component id="oc-468">
         <name>.debug_info</name>
         <load_address>0x4f0f</load_address>
         <run_address>0x4f0f</run_address>
         <size>0x56a</size>
         <input_file_ref idref="fl-37"/>
      </object_component>
      <object_component id="oc-3a3">
         <name>.debug_info</name>
         <load_address>0x5479</load_address>
         <run_address>0x5479</run_address>
         <size>0x148</size>
         <input_file_ref idref="fl-37"/>
      </object_component>
      <object_component id="oc-397">
         <name>.debug_info</name>
         <load_address>0x55c1</load_address>
         <run_address>0x55c1</run_address>
         <size>0x15e</size>
         <input_file_ref idref="fl-37"/>
      </object_component>
      <object_component id="oc-39d">
         <name>.debug_info</name>
         <load_address>0x571f</load_address>
         <run_address>0x571f</run_address>
         <size>0xf3</size>
         <input_file_ref idref="fl-38"/>
      </object_component>
      <object_component id="oc-51b">
         <name>.debug_info</name>
         <load_address>0x5812</load_address>
         <run_address>0x5812</run_address>
         <size>0x345</size>
         <input_file_ref idref="fl-39"/>
      </object_component>
      <object_component id="oc-480">
         <name>.debug_info</name>
         <load_address>0x5b57</load_address>
         <run_address>0x5b57</run_address>
         <size>0x13f</size>
         <input_file_ref idref="fl-39"/>
      </object_component>
      <object_component id="oc-47a">
         <name>.debug_info</name>
         <load_address>0x5c96</load_address>
         <run_address>0x5c96</run_address>
         <size>0x139</size>
         <input_file_ref idref="fl-39"/>
      </object_component>
      <object_component id="oc-599">
         <name>.debug_info</name>
         <load_address>0x5dcf</load_address>
         <run_address>0x5dcf</run_address>
         <size>0x86</size>
         <input_file_ref idref="fl-39"/>
      </object_component>
      <object_component id="oc-3a7">
         <name>.debug_info</name>
         <load_address>0x5e55</load_address>
         <run_address>0x5e55</run_address>
         <size>0xff</size>
         <input_file_ref idref="fl-3a"/>
      </object_component>
      <object_component id="oc-3ac">
         <name>.debug_info</name>
         <load_address>0x5f54</load_address>
         <run_address>0x5f54</run_address>
         <size>0xfe</size>
         <input_file_ref idref="fl-3b"/>
      </object_component>
      <object_component id="oc-3b2">
         <name>.debug_info</name>
         <load_address>0x6052</load_address>
         <run_address>0x6052</run_address>
         <size>0xfe</size>
         <input_file_ref idref="fl-3c"/>
      </object_component>
      <object_component id="oc-403">
         <name>.debug_info</name>
         <load_address>0x6150</load_address>
         <run_address>0x6150</run_address>
         <size>0x106</size>
         <input_file_ref idref="fl-3f"/>
      </object_component>
      <object_component id="oc-4be">
         <name>.debug_info</name>
         <load_address>0x6256</load_address>
         <run_address>0x6256</run_address>
         <size>0xf1</size>
         <input_file_ref idref="fl-40"/>
      </object_component>
      <object_component id="oc-3f8">
         <name>.debug_info</name>
         <load_address>0x6347</load_address>
         <run_address>0x6347</run_address>
         <size>0xf4</size>
         <input_file_ref idref="fl-46"/>
      </object_component>
      <object_component id="oc-40c">
         <name>.debug_info</name>
         <load_address>0x643b</load_address>
         <run_address>0x643b</run_address>
         <size>0xee</size>
         <input_file_ref idref="fl-47"/>
      </object_component>
      <object_component id="oc-408">
         <name>.debug_info</name>
         <load_address>0x6529</load_address>
         <run_address>0x6529</run_address>
         <size>0xee</size>
         <input_file_ref idref="fl-48"/>
      </object_component>
      <object_component id="oc-3b6">
         <name>.debug_info</name>
         <load_address>0x6617</load_address>
         <run_address>0x6617</run_address>
         <size>0xce</size>
         <input_file_ref idref="fl-49"/>
      </object_component>
      <object_component id="oc-42f">
         <name>.debug_info</name>
         <load_address>0x66e5</load_address>
         <run_address>0x66e5</run_address>
         <size>0x145</size>
         <input_file_ref idref="fl-49"/>
      </object_component>
      <object_component id="oc-4dc">
         <name>.debug_info</name>
         <load_address>0x682a</load_address>
         <run_address>0x682a</run_address>
         <size>0x121</size>
         <input_file_ref idref="fl-4e"/>
      </object_component>
      <object_component id="oc-548">
         <name>.debug_info</name>
         <load_address>0x694b</load_address>
         <run_address>0x694b</run_address>
         <size>0xf0</size>
         <input_file_ref idref="fl-52"/>
      </object_component>
      <object_component id="oc-514">
         <name>.debug_info</name>
         <load_address>0x6a3b</load_address>
         <run_address>0x6a3b</run_address>
         <size>0x6fc</size>
         <input_file_ref idref="fl-58"/>
      </object_component>
      <object_component id="oc-473">
         <name>.debug_info</name>
         <load_address>0x7137</load_address>
         <run_address>0x7137</run_address>
         <size>0x163</size>
         <input_file_ref idref="fl-58"/>
      </object_component>
      <object_component id="oc-58d">
         <name>.debug_info</name>
         <load_address>0x729a</load_address>
         <run_address>0x729a</run_address>
         <size>0x48</size>
         <input_file_ref idref="fl-58"/>
      </object_component>
      <object_component id="oc-64b">
         <name>.debug_info</name>
         <load_address>0x72e2</load_address>
         <run_address>0x72e2</run_address>
         <size>0xaf</size>
      </object_component>
      <object_component id="oc-520">
         <name>.debug_line</name>
         <load_address>0x0</load_address>
         <run_address>0x0</run_address>
         <size>0x16a</size>
         <input_file_ref idref="fl-2"/>
      </object_component>
      <object_component id="oc-545">
         <name>.debug_line</name>
         <load_address>0x16a</load_address>
         <run_address>0x16a</run_address>
         <size>0x4d</size>
         <input_file_ref idref="fl-2"/>
      </object_component>
      <object_component id="oc-4e4">
         <name>.debug_line</name>
         <load_address>0x1b7</load_address>
         <run_address>0x1b7</run_address>
         <size>0x54</size>
         <input_file_ref idref="fl-2"/>
      </object_component>
      <object_component id="oc-530">
         <name>.debug_line</name>
         <load_address>0x20b</load_address>
         <run_address>0x20b</run_address>
         <size>0x48</size>
         <input_file_ref idref="fl-2"/>
      </object_component>
      <object_component id="oc-536">
         <name>.debug_line</name>
         <load_address>0x253</load_address>
         <run_address>0x253</run_address>
         <size>0x4c</size>
         <input_file_ref idref="fl-2"/>
      </object_component>
      <object_component id="oc-53d">
         <name>.debug_line</name>
         <load_address>0x29f</load_address>
         <run_address>0x29f</run_address>
         <size>0x4e</size>
         <input_file_ref idref="fl-2"/>
      </object_component>
      <object_component id="oc-3f2">
         <name>.debug_line</name>
         <load_address>0x2ed</load_address>
         <run_address>0x2ed</run_address>
         <size>0x75</size>
         <input_file_ref idref="fl-2"/>
      </object_component>
      <object_component id="oc-499">
         <name>.debug_line</name>
         <load_address>0x362</load_address>
         <run_address>0x362</run_address>
         <size>0x72</size>
         <input_file_ref idref="fl-2"/>
      </object_component>
      <object_component id="oc-50a">
         <name>.debug_line</name>
         <load_address>0x3d4</load_address>
         <run_address>0x3d4</run_address>
         <size>0x86</size>
         <input_file_ref idref="fl-2"/>
      </object_component>
      <object_component id="oc-3d5">
         <name>.debug_line</name>
         <load_address>0x45a</load_address>
         <run_address>0x45a</run_address>
         <size>0x71</size>
         <input_file_ref idref="fl-2"/>
      </object_component>
      <object_component id="oc-4aa">
         <name>.debug_line</name>
         <load_address>0x4cb</load_address>
         <run_address>0x4cb</run_address>
         <size>0x77</size>
         <input_file_ref idref="fl-2"/>
      </object_component>
      <object_component id="oc-505">
         <name>.debug_line</name>
         <load_address>0x542</load_address>
         <run_address>0x542</run_address>
         <size>0x73</size>
         <input_file_ref idref="fl-2"/>
      </object_component>
      <object_component id="oc-58b">
         <name>.debug_line</name>
         <load_address>0x5b5</load_address>
         <run_address>0x5b5</run_address>
         <size>0x7a</size>
         <input_file_ref idref="fl-2"/>
      </object_component>
      <object_component id="oc-41f">
         <name>.debug_line</name>
         <load_address>0x62f</load_address>
         <run_address>0x62f</run_address>
         <size>0x20</size>
         <input_file_ref idref="fl-2"/>
      </object_component>
      <object_component id="oc-4bb">
         <name>.debug_line</name>
         <load_address>0x64f</load_address>
         <run_address>0x64f</run_address>
         <size>0x76</size>
         <input_file_ref idref="fl-2"/>
      </object_component>
      <object_component id="oc-3fe">
         <name>.debug_line</name>
         <load_address>0x6c5</load_address>
         <run_address>0x6c5</run_address>
         <size>0x73</size>
         <input_file_ref idref="fl-2"/>
      </object_component>
      <object_component id="oc-595">
         <name>.debug_line</name>
         <load_address>0x738</load_address>
         <run_address>0x738</run_address>
         <size>0x6e</size>
         <input_file_ref idref="fl-2"/>
      </object_component>
      <object_component id="oc-50f">
         <name>.debug_line</name>
         <load_address>0x7a6</load_address>
         <run_address>0x7a6</run_address>
         <size>0x7d</size>
         <input_file_ref idref="fl-2"/>
      </object_component>
      <object_component id="oc-4fd">
         <name>.debug_line</name>
         <load_address>0x823</load_address>
         <run_address>0x823</run_address>
         <size>0x20</size>
         <input_file_ref idref="fl-3"/>
      </object_component>
      <object_component id="oc-45f">
         <name>.debug_line</name>
         <load_address>0x843</load_address>
         <run_address>0x843</run_address>
         <size>0x34</size>
         <input_file_ref idref="fl-3"/>
      </object_component>
      <object_component id="oc-462">
         <name>.debug_line</name>
         <load_address>0x877</load_address>
         <run_address>0x877</run_address>
         <size>0x34</size>
         <input_file_ref idref="fl-3"/>
      </object_component>
      <object_component id="oc-464">
         <name>.debug_line</name>
         <load_address>0x8ab</load_address>
         <run_address>0x8ab</run_address>
         <size>0x34</size>
         <input_file_ref idref="fl-3"/>
      </object_component>
      <object_component id="oc-466">
         <name>.debug_line</name>
         <load_address>0x8df</load_address>
         <run_address>0x8df</run_address>
         <size>0x34</size>
         <input_file_ref idref="fl-3"/>
      </object_component>
      <object_component id="oc-501">
         <name>.debug_line</name>
         <load_address>0x913</load_address>
         <run_address>0x913</run_address>
         <size>0x14b</size>
         <input_file_ref idref="fl-7"/>
      </object_component>
      <object_component id="oc-4a6">
         <name>.debug_line</name>
         <load_address>0xa5e</load_address>
         <run_address>0xa5e</run_address>
         <size>0x79</size>
         <input_file_ref idref="fl-30"/>
      </object_component>
      <object_component id="oc-4a4">
         <name>.debug_line</name>
         <load_address>0xad7</load_address>
         <run_address>0xad7</run_address>
         <size>0x36</size>
         <input_file_ref idref="fl-30"/>
      </object_component>
      <object_component id="oc-4ad">
         <name>.debug_line</name>
         <load_address>0xb0d</load_address>
         <run_address>0xb0d</run_address>
         <size>0x36</size>
         <input_file_ref idref="fl-30"/>
      </object_component>
      <object_component id="oc-49c">
         <name>.debug_line</name>
         <load_address>0xb43</load_address>
         <run_address>0xb43</run_address>
         <size>0x36</size>
         <input_file_ref idref="fl-30"/>
      </object_component>
      <object_component id="oc-4a2">
         <name>.debug_line</name>
         <load_address>0xb79</load_address>
         <run_address>0xb79</run_address>
         <size>0x36</size>
         <input_file_ref idref="fl-30"/>
      </object_component>
      <object_component id="oc-24">
         <name>.debug_line</name>
         <load_address>0xbaf</load_address>
         <run_address>0xbaf</run_address>
         <size>0x53</size>
         <input_file_ref idref="fl-30"/>
      </object_component>
      <object_component id="oc-1f">
         <name>.debug_line</name>
         <load_address>0xc02</load_address>
         <run_address>0xc02</run_address>
         <size>0x51</size>
         <input_file_ref idref="fl-30"/>
      </object_component>
      <object_component id="oc-18">
         <name>.debug_line</name>
         <load_address>0xc53</load_address>
         <run_address>0xc53</run_address>
         <size>0x4f</size>
         <input_file_ref idref="fl-30"/>
      </object_component>
      <object_component id="oc-12">
         <name>.debug_line</name>
         <load_address>0xca2</load_address>
         <run_address>0xca2</run_address>
         <size>0x50</size>
         <input_file_ref idref="fl-30"/>
      </object_component>
      <object_component id="oc-4b6">
         <name>.debug_line</name>
         <load_address>0xcf2</load_address>
         <run_address>0xcf2</run_address>
         <size>0x5c</size>
         <input_file_ref idref="fl-31"/>
      </object_component>
      <object_component id="oc-4af">
         <name>.debug_line</name>
         <load_address>0xd4e</load_address>
         <run_address>0xd4e</run_address>
         <size>0x34</size>
         <input_file_ref idref="fl-31"/>
      </object_component>
      <object_component id="oc-489">
         <name>.debug_line</name>
         <load_address>0xd82</load_address>
         <run_address>0xd82</run_address>
         <size>0x4e</size>
         <input_file_ref idref="fl-31"/>
      </object_component>
      <object_component id="oc-3ed">
         <name>.debug_line</name>
         <load_address>0xdd0</load_address>
         <run_address>0xdd0</run_address>
         <size>0x56</size>
         <input_file_ref idref="fl-31"/>
      </object_component>
      <object_component id="oc-49">
         <name>.debug_line</name>
         <load_address>0xe26</load_address>
         <run_address>0xe26</run_address>
         <size>0x68</size>
         <input_file_ref idref="fl-31"/>
      </object_component>
      <object_component id="oc-37">
         <name>.debug_line</name>
         <load_address>0xe8e</load_address>
         <run_address>0xe8e</run_address>
         <size>0x47</size>
         <input_file_ref idref="fl-31"/>
      </object_component>
      <object_component id="oc-43">
         <name>.debug_line</name>
         <load_address>0xed5</load_address>
         <run_address>0xed5</run_address>
         <size>0x59</size>
         <input_file_ref idref="fl-31"/>
      </object_component>
      <object_component id="oc-3d">
         <name>.debug_line</name>
         <load_address>0xf2e</load_address>
         <run_address>0xf2e</run_address>
         <size>0x71</size>
         <input_file_ref idref="fl-31"/>
      </object_component>
      <object_component id="oc-30">
         <name>.debug_line</name>
         <load_address>0xf9f</load_address>
         <run_address>0xf9f</run_address>
         <size>0x78</size>
         <input_file_ref idref="fl-31"/>
      </object_component>
      <object_component id="oc-2a">
         <name>.debug_line</name>
         <load_address>0x1017</load_address>
         <run_address>0x1017</run_address>
         <size>0x44</size>
         <input_file_ref idref="fl-31"/>
      </object_component>
      <object_component id="oc-4b2">
         <name>.debug_line</name>
         <load_address>0x105b</load_address>
         <run_address>0x105b</run_address>
         <size>0x34</size>
         <input_file_ref idref="fl-31"/>
      </object_component>
      <object_component id="oc-495">
         <name>.debug_line</name>
         <load_address>0x108f</load_address>
         <run_address>0x108f</run_address>
         <size>0x6e</size>
         <input_file_ref idref="fl-32"/>
      </object_component>
      <object_component id="oc-4c6">
         <name>.debug_line</name>
         <load_address>0x10fd</load_address>
         <run_address>0x10fd</run_address>
         <size>0x32</size>
         <input_file_ref idref="fl-32"/>
      </object_component>
      <object_component id="oc-3ca">
         <name>.debug_line</name>
         <load_address>0x112f</load_address>
         <run_address>0x112f</run_address>
         <size>0x65</size>
         <input_file_ref idref="fl-32"/>
      </object_component>
      <object_component id="oc-3d0">
         <name>.debug_line</name>
         <load_address>0x1194</load_address>
         <run_address>0x1194</run_address>
         <size>0x4c</size>
         <input_file_ref idref="fl-32"/>
      </object_component>
      <object_component id="oc-4f">
         <name>.debug_line</name>
         <load_address>0x11e0</load_address>
         <run_address>0x11e0</run_address>
         <size>0x4f</size>
         <input_file_ref idref="fl-32"/>
      </object_component>
      <object_component id="oc-3be">
         <name>.debug_line</name>
         <load_address>0x122f</load_address>
         <run_address>0x122f</run_address>
         <size>0x4a</size>
         <input_file_ref idref="fl-32"/>
      </object_component>
      <object_component id="oc-4c9">
         <name>.debug_line</name>
         <load_address>0x1279</load_address>
         <run_address>0x1279</run_address>
         <size>0x32</size>
         <input_file_ref idref="fl-32"/>
      </object_component>
      <object_component id="oc-610">
         <name>.debug_line</name>
         <load_address>0x12ab</load_address>
         <run_address>0x12ab</run_address>
         <size>0x5c</size>
         <input_file_ref idref="fl-33"/>
      </object_component>
      <object_component id="oc-60e">
         <name>.debug_line</name>
         <load_address>0x1307</load_address>
         <run_address>0x1307</run_address>
         <size>0x35</size>
         <input_file_ref idref="fl-33"/>
      </object_component>
      <object_component id="oc-5a5">
         <name>.debug_line</name>
         <load_address>0x133c</load_address>
         <run_address>0x133c</run_address>
         <size>0x50</size>
         <input_file_ref idref="fl-33"/>
      </object_component>
      <object_component id="oc-512">
         <name>.debug_line</name>
         <load_address>0x138c</load_address>
         <run_address>0x138c</run_address>
         <size>0x4f</size>
         <input_file_ref idref="fl-36"/>
      </object_component>
      <object_component id="oc-4ff">
         <name>.debug_line</name>
         <load_address>0x13db</load_address>
         <run_address>0x13db</run_address>
         <size>0xb4</size>
         <input_file_ref idref="fl-37"/>
      </object_component>
      <object_component id="oc-3a5">
         <name>.debug_line</name>
         <load_address>0x148f</load_address>
         <run_address>0x148f</run_address>
         <size>0x55</size>
         <input_file_ref idref="fl-37"/>
      </object_component>
      <object_component id="oc-39b">
         <name>.debug_line</name>
         <load_address>0x14e4</load_address>
         <run_address>0x14e4</run_address>
         <size>0x75</size>
         <input_file_ref idref="fl-37"/>
      </object_component>
      <object_component id="oc-39c">
         <name>.debug_line</name>
         <load_address>0x1559</load_address>
         <run_address>0x1559</run_address>
         <size>0x97</size>
         <input_file_ref idref="fl-38"/>
      </object_component>
      <object_component id="oc-598">
         <name>.debug_line</name>
         <load_address>0x15f0</load_address>
         <run_address>0x15f0</run_address>
         <size>0x72</size>
         <input_file_ref idref="fl-39"/>
      </object_component>
      <object_component id="oc-482">
         <name>.debug_line</name>
         <load_address>0x1662</load_address>
         <run_address>0x1662</run_address>
         <size>0x55</size>
         <input_file_ref idref="fl-39"/>
      </object_component>
      <object_component id="oc-47d">
         <name>.debug_line</name>
         <load_address>0x16b7</load_address>
         <run_address>0x16b7</run_address>
         <size>0x49</size>
         <input_file_ref idref="fl-39"/>
      </object_component>
      <object_component id="oc-59c">
         <name>.debug_line</name>
         <load_address>0x1700</load_address>
         <run_address>0x1700</run_address>
         <size>0x36</size>
         <input_file_ref idref="fl-39"/>
      </object_component>
      <object_component id="oc-3aa">
         <name>.debug_line</name>
         <load_address>0x1736</load_address>
         <run_address>0x1736</run_address>
         <size>0x92</size>
         <input_file_ref idref="fl-3a"/>
      </object_component>
      <object_component id="oc-3af">
         <name>.debug_line</name>
         <load_address>0x17c8</load_address>
         <run_address>0x17c8</run_address>
         <size>0x66</size>
         <input_file_ref idref="fl-3b"/>
      </object_component>
      <object_component id="oc-3b1">
         <name>.debug_line</name>
         <load_address>0x182e</load_address>
         <run_address>0x182e</run_address>
         <size>0x49</size>
         <input_file_ref idref="fl-3c"/>
      </object_component>
      <object_component id="oc-402">
         <name>.debug_line</name>
         <load_address>0x1877</load_address>
         <run_address>0x1877</run_address>
         <size>0x5a</size>
         <input_file_ref idref="fl-3f"/>
      </object_component>
      <object_component id="oc-4c1">
         <name>.debug_line</name>
         <load_address>0x18d1</load_address>
         <run_address>0x18d1</run_address>
         <size>0x64</size>
         <input_file_ref idref="fl-40"/>
      </object_component>
      <object_component id="oc-3f6">
         <name>.debug_line</name>
         <load_address>0x1935</load_address>
         <run_address>0x1935</run_address>
         <size>0x56</size>
         <input_file_ref idref="fl-46"/>
      </object_component>
      <object_component id="oc-40f">
         <name>.debug_line</name>
         <load_address>0x198b</load_address>
         <run_address>0x198b</run_address>
         <size>0x3b</size>
         <input_file_ref idref="fl-47"/>
      </object_component>
      <object_component id="oc-40a">
         <name>.debug_line</name>
         <load_address>0x19c6</load_address>
         <run_address>0x19c6</run_address>
         <size>0x41</size>
         <input_file_ref idref="fl-48"/>
      </object_component>
      <object_component id="oc-492">
         <name>.debug_line</name>
         <load_address>0x1a07</load_address>
         <run_address>0x1a07</run_address>
         <size>0x2a</size>
         <input_file_ref idref="fl-49"/>
      </object_component>
      <object_component id="oc-433">
         <name>.debug_line</name>
         <load_address>0x1a31</load_address>
         <run_address>0x1a31</run_address>
         <size>0x43</size>
         <input_file_ref idref="fl-49"/>
      </object_component>
      <object_component id="oc-4de">
         <name>.debug_line</name>
         <load_address>0x1a74</load_address>
         <run_address>0x1a74</run_address>
         <size>0x3e</size>
         <input_file_ref idref="fl-4e"/>
      </object_component>
      <object_component id="oc-54b">
         <name>.debug_line</name>
         <load_address>0x1ab2</load_address>
         <run_address>0x1ab2</run_address>
         <size>0x3d</size>
         <input_file_ref idref="fl-52"/>
      </object_component>
      <object_component id="oc-587">
         <name>.debug_line</name>
         <load_address>0x1aef</load_address>
         <run_address>0x1aef</run_address>
         <size>0x122</size>
         <input_file_ref idref="fl-58"/>
      </object_component>
      <object_component id="oc-476">
         <name>.debug_line</name>
         <load_address>0x1c11</load_address>
         <run_address>0x1c11</run_address>
         <size>0x55</size>
         <input_file_ref idref="fl-58"/>
      </object_component>
      <object_component id="oc-590">
         <name>.debug_line</name>
         <load_address>0x1c66</load_address>
         <run_address>0x1c66</run_address>
         <size>0x37</size>
         <input_file_ref idref="fl-58"/>
      </object_component>
      <object_component id="oc-544">
         <name>.debug_frame</name>
         <load_address>0x0</load_address>
         <run_address>0x0</run_address>
         <size>0x40</size>
         <input_file_ref idref="fl-2"/>
      </object_component>
      <object_component id="oc-4e5">
         <name>.debug_frame</name>
         <load_address>0x40</load_address>
         <run_address>0x40</run_address>
         <size>0x3c</size>
         <input_file_ref idref="fl-2"/>
      </object_component>
      <object_component id="oc-531">
         <name>.debug_frame</name>
         <load_address>0x7c</load_address>
         <run_address>0x7c</run_address>
         <size>0x3c</size>
         <input_file_ref idref="fl-2"/>
      </object_component>
      <object_component id="oc-537">
         <name>.debug_frame</name>
         <load_address>0xb8</load_address>
         <run_address>0xb8</run_address>
         <size>0x3c</size>
         <input_file_ref idref="fl-2"/>
      </object_component>
      <object_component id="oc-53e">
         <name>.debug_frame</name>
         <load_address>0xf4</load_address>
         <run_address>0xf4</run_address>
         <size>0x3c</size>
         <input_file_ref idref="fl-2"/>
      </object_component>
      <object_component id="oc-25">
         <name>.debug_frame</name>
         <load_address>0x130</load_address>
         <run_address>0x130</run_address>
         <size>0x44</size>
         <input_file_ref idref="fl-30"/>
      </object_component>
      <object_component id="oc-1e">
         <name>.debug_frame</name>
         <load_address>0x174</load_address>
         <run_address>0x174</run_address>
         <size>0x44</size>
         <input_file_ref idref="fl-30"/>
      </object_component>
      <object_component id="oc-19">
         <name>.debug_frame</name>
         <load_address>0x1b8</load_address>
         <run_address>0x1b8</run_address>
         <size>0x3c</size>
         <input_file_ref idref="fl-30"/>
      </object_component>
      <object_component id="oc-13">
         <name>.debug_frame</name>
         <load_address>0x1f4</load_address>
         <run_address>0x1f4</run_address>
         <size>0x3c</size>
         <input_file_ref idref="fl-30"/>
      </object_component>
      <object_component id="oc-488">
         <name>.debug_frame</name>
         <load_address>0x230</load_address>
         <run_address>0x230</run_address>
         <size>0x4c</size>
         <input_file_ref idref="fl-31"/>
      </object_component>
      <object_component id="oc-3ec">
         <name>.debug_frame</name>
         <load_address>0x27c</load_address>
         <run_address>0x27c</run_address>
         <size>0x3c</size>
         <input_file_ref idref="fl-31"/>
      </object_component>
      <object_component id="oc-48">
         <name>.debug_frame</name>
         <load_address>0x2b8</load_address>
         <run_address>0x2b8</run_address>
         <size>0x3c</size>
         <input_file_ref idref="fl-31"/>
      </object_component>
      <object_component id="oc-36">
         <name>.debug_frame</name>
         <load_address>0x2f4</load_address>
         <run_address>0x2f4</run_address>
         <size>0x3c</size>
         <input_file_ref idref="fl-31"/>
      </object_component>
      <object_component id="oc-42">
         <name>.debug_frame</name>
         <load_address>0x330</load_address>
         <run_address>0x330</run_address>
         <size>0x40</size>
         <input_file_ref idref="fl-31"/>
      </object_component>
      <object_component id="oc-3c">
         <name>.debug_frame</name>
         <load_address>0x370</load_address>
         <run_address>0x370</run_address>
         <size>0x48</size>
         <input_file_ref idref="fl-31"/>
      </object_component>
      <object_component id="oc-31">
         <name>.debug_frame</name>
         <load_address>0x3b8</load_address>
         <run_address>0x3b8</run_address>
         <size>0x40</size>
         <input_file_ref idref="fl-31"/>
      </object_component>
      <object_component id="oc-2b">
         <name>.debug_frame</name>
         <load_address>0x3f8</load_address>
         <run_address>0x3f8</run_address>
         <size>0x3c</size>
         <input_file_ref idref="fl-31"/>
      </object_component>
      <object_component id="oc-3c6">
         <name>.debug_frame</name>
         <load_address>0x434</load_address>
         <run_address>0x434</run_address>
         <size>0x48</size>
         <input_file_ref idref="fl-32"/>
      </object_component>
      <object_component id="oc-3cc">
         <name>.debug_frame</name>
         <load_address>0x47c</load_address>
         <run_address>0x47c</run_address>
         <size>0x40</size>
         <input_file_ref idref="fl-32"/>
      </object_component>
      <object_component id="oc-4b">
         <name>.debug_frame</name>
         <load_address>0x4bc</load_address>
         <run_address>0x4bc</run_address>
         <size>0x3c</size>
         <input_file_ref idref="fl-32"/>
      </object_component>
      <object_component id="oc-3ba">
         <name>.debug_frame</name>
         <load_address>0x4f8</load_address>
         <run_address>0x4f8</run_address>
         <size>0x40</size>
         <input_file_ref idref="fl-32"/>
      </object_component>
      <object_component id="oc-5a6">
         <name>.debug_frame</name>
         <load_address>0x538</load_address>
         <run_address>0x538</run_address>
         <size>0x3c</size>
         <input_file_ref idref="fl-33"/>
      </object_component>
      <object_component id="oc-3a1">
         <name>.debug_frame</name>
         <load_address>0x574</load_address>
         <run_address>0x574</run_address>
         <size>0x3c</size>
         <input_file_ref idref="fl-37"/>
      </object_component>
      <object_component id="oc-39a">
         <name>.debug_frame</name>
         <load_address>0x5b0</load_address>
         <run_address>0x5b0</run_address>
         <size>0x40</size>
         <input_file_ref idref="fl-37"/>
      </object_component>
      <object_component id="oc-483">
         <name>.debug_frame</name>
         <load_address>0x5f0</load_address>
         <run_address>0x5f0</run_address>
         <size>0x40</size>
         <input_file_ref idref="fl-39"/>
      </object_component>
      <object_component id="oc-47c">
         <name>.debug_frame</name>
         <load_address>0x630</load_address>
         <run_address>0x630</run_address>
         <size>0x44</size>
         <input_file_ref idref="fl-39"/>
      </object_component>
      <object_component id="oc-432">
         <name>.debug_frame</name>
         <load_address>0x674</load_address>
         <run_address>0x674</run_address>
         <size>0x34</size>
         <input_file_ref idref="fl-49"/>
      </object_component>
      <object_component id="oc-4df">
         <name>.debug_frame</name>
         <load_address>0x6a8</load_address>
         <run_address>0x6a8</run_address>
         <size>0x3c</size>
         <input_file_ref idref="fl-4e"/>
      </object_component>
      <object_component id="oc-54c">
         <name>.debug_frame</name>
         <load_address>0x6e4</load_address>
         <run_address>0x6e4</run_address>
         <size>0x3c</size>
         <input_file_ref idref="fl-52"/>
      </object_component>
      <object_component id="oc-477">
         <name>.debug_frame</name>
         <load_address>0x720</load_address>
         <run_address>0x720</run_address>
         <size>0x3c</size>
         <input_file_ref idref="fl-58"/>
      </object_component>
      <object_component id="oc-51f">
         <name>.debug_abbrev</name>
         <load_address>0x0</load_address>
         <run_address>0x0</run_address>
         <size>0x106</size>
         <input_file_ref idref="fl-2"/>
      </object_component>
      <object_component id="oc-5a7">
         <name>.debug_abbrev</name>
         <load_address>0x106</load_address>
         <run_address>0x106</run_address>
         <size>0x7a</size>
         <input_file_ref idref="fl-2"/>
      </object_component>
      <object_component id="oc-546">
         <name>.debug_abbrev</name>
         <load_address>0x180</load_address>
         <run_address>0x180</run_address>
         <size>0x62</size>
         <input_file_ref idref="fl-2"/>
      </object_component>
      <object_component id="oc-59e">
         <name>.debug_abbrev</name>
         <load_address>0x1e2</load_address>
         <run_address>0x1e2</run_address>
         <size>0x4e</size>
         <input_file_ref idref="fl-2"/>
      </object_component>
      <object_component id="oc-59f">
         <name>.debug_abbrev</name>
         <load_address>0x230</load_address>
         <run_address>0x230</run_address>
         <size>0x4e</size>
         <input_file_ref idref="fl-2"/>
      </object_component>
      <object_component id="oc-5a0">
         <name>.debug_abbrev</name>
         <load_address>0x27e</load_address>
         <run_address>0x27e</run_address>
         <size>0x4e</size>
         <input_file_ref idref="fl-2"/>
      </object_component>
      <object_component id="oc-3f1">
         <name>.debug_abbrev</name>
         <load_address>0x2cc</load_address>
         <run_address>0x2cc</run_address>
         <size>0x42</size>
         <input_file_ref idref="fl-2"/>
      </object_component>
      <object_component id="oc-498">
         <name>.debug_abbrev</name>
         <load_address>0x30e</load_address>
         <run_address>0x30e</run_address>
         <size>0x69</size>
         <input_file_ref idref="fl-2"/>
      </object_component>
      <object_component id="oc-509">
         <name>.debug_abbrev</name>
         <load_address>0x377</load_address>
         <run_address>0x377</run_address>
         <size>0x49</size>
         <input_file_ref idref="fl-2"/>
      </object_component>
      <object_component id="oc-3d4">
         <name>.debug_abbrev</name>
[...]
         <value>0x5e3</value>
      </symbol>
      <symbol id="sm-2e1">
         <name>UCA1BRW</name>
         <value>0x5e6</value>
      </symbol>
      <symbol id="sm-2e2">
         <name>UCA1BRW_L</name>
         <value>0x5e6</value>
      </symbol>
      <symbol id="sm-2e3">
         <name>UCA1BRW_H</name>
         <value>0x5e7</value>
      </symbol>
      <symbol id="sm-2e4">
         <name>UCA1MCTLW</name>
         <value>0x5e8</value>
      </symbol>
      <symbol id="sm-2e5">
         <name>UCA1MCTLW_L</name>
         <value>0x5e8</value>
      </symbol>
      <symbol id="sm-2e6">
         <name>UCA1MCTLW_H</name>
         <value>0x5e9</value>
      </symbol>
      <symbol id="sm-2e7">
         <name>UCA1STATW</name>
         <value>0x5ea</value>
      </symbol>
      <symbol id="sm-2e8">
         <name>UCA1RXBUF</name>
         <value>0x5ec</value>
      </symbol>
      <symbol id="sm-2e9">
         <name>UCA1RXBUF_L</name>
         <value>0x5ec</value>
      </symbol>
      <symbol id="sm-2ea">
         <name>UCA1RXBUF_H</name>
         <value>0x5ed</value>
      </symbol>
      <symbol id="sm-2eb">
         <name>UCA1TXBUF</name>
         <value>0x5ee</value>
      </symbol>
      <symbol id="sm-2ec">
         <name>UCA1TXBUF_L</name>
         <value>0x5ee</value>
      </symbol>
      <symbol id="sm-2ed">
         <name>UCA1TXBUF_H</name>
         <value>0x5ef</value>
      </symbol>
      <symbol id="sm-2ee">
         <name>UCA1ABCTL</name>
         <value>0x5f0</value>
      </symbol>
      <symbol id="sm-2ef">
         <name>UCA1IRCTL</name>
         <value>0x5f2</value>
      </symbol>
      <symbol id="sm-2f0">
         <name>UCA1IRCTL_L</name>
         <value>0x5f2</value>
      </symbol>
      <symbol id="sm-2f1">
         <name>UCA1IRCTL_H</name>
         <value>0x5f3</value>
      </symbol>
      <symbol id="sm-2f2">
         <name>UCA1IE</name>
         <value>0x5fa</value>
      </symbol>
      <symbol id="sm-2f3">
         <name>UCA1IE_L</name>
         <value>0x5fa</value>
      </symbol>
      <symbol id="sm-2f4">
         <name>UCA1IE_H</name>
         <value>0x5fb</value>
      </symbol>
      <symbol id="sm-2f5">
         <name>UCA1IFG</name>
         <value>0x5fc</value>
      </symbol>
      <symbol id="sm-2f6">
         <name>UCA1IFG_L</name>
         <value>0x5fc</value>
      </symbol>
      <symbol id="sm-2f7">
         <name>UCA1IFG_H</name>
         <value>0x5fd</value>
      </symbol>
      <symbol id="sm-2f8">
         <name>UCA1IV</name>
         <value>0x5fe</value>
      </symbol>
      <symbol id="sm-2f9">
         <name>UCB0CTLW0</name>
         <value>0x640</value>
      </symbol>
      <symbol id="sm-2fa">
         <name>UCB0CTLW0_L</name>
         <value>0x640</value>
      </symbol>
      <symbol id="sm-2fb">
         <name>UCB0CTLW0_H</name>
         <value>0x641</value>
      </symbol>
      <symbol id="sm-2fc">
         <name>UCB0CTLW1</name>
         <value>0x642</value>
      </symbol>
      <symbol id="sm-2fd">
         <name>UCB0CTLW1_L</name>
         <value>0x642</value>
      </symbol>
      <symbol id="sm-2fe">
         <name>UCB0CTLW1_H</name>
         <value>0x643</value>
      </symbol>
      <symbol id="sm-2ff">
         <name>UCB0BRW</name>
         <value>0x646</value>
      </symbol>
      <symbol id="sm-300">
         <name>UCB0BRW_L</name>
         <value>0x646</value>
      </symbol>
      <symbol id="sm-301">
         <name>UCB0BRW_H</name>
         <value>0x647</value>
      </symbol>
      <symbol id="sm-302">
         <name>UCB0STATW</name>
         <value>0x648</value>
      </symbol>
      <symbol id="sm-303">
         <name>UCB0STATW_L</name>
         <value>0x648</value>
      </symbol>
      <symbol id="sm-304">
         <name>UCB0STATW_H</name>
         <value>0x649</value>
      </symbol>
      <symbol id="sm-305">
         <name>UCB0TBCNT</name>
         <value>0x64a</value>
      </symbol>
      <symbol id="sm-306">
         <name>UCB0TBCNT_L</name>
         <value>0x64a</value>
      </symbol>
      <symbol id="sm-307">
         <name>UCB0TBCNT_H</name>
         <value>0x64b</value>
      </symbol>
      <symbol id="sm-308">
         <name>UCB0RXBUF</name>
         <value>0x64c</value>
      </symbol>
      <symbol id="sm-309">
         <name>UCB0RXBUF_L</name>
         <value>0x64c</value>
      </symbol>
      <symbol id="sm-30a">
         <name>UCB0RXBUF_H</name>
         <value>0x64d</value>
      </symbol>
      <symbol id="sm-30b">
         <name>UCB0TXBUF</name>
         <value>0x64e</value>
      </symbol>
      <symbol id="sm-30c">
         <name>UCB0TXBUF_L</name>
         <value>0x64e</value>
      </symbol>
      <symbol id="sm-30d">
         <name>UCB0TXBUF_H</name>
         <value>0x64f</value>
      </symbol>
      <symbol id="sm-30e">
         <name>UCB0I2COA0</name>
         <value>0x654</value>
      </symbol>
      <symbol id="sm-30f">
         <name>UCB0I2COA0_L</name>
         <value>0x654</value>
      </symbol>
      <symbol id="sm-310">
         <name>UCB0I2COA0_H</name>
         <value>0x655</value>
      </symbol>
      <symbol id="sm-311">
         <name>UCB0I2COA1</name>
         <value>0x656</value>
      </symbol>
      <symbol id="sm-312">
         <name>UCB0I2COA1_L</name>
         <value>0x656</value>
      </symbol>
      <symbol id="sm-313">
         <name>UCB0I2COA1_H</name>
         <value>0x657</value>
      </symbol>
      <symbol id="sm-314">
         <name>UCB0I2COA2</name>
         <value>0x658</value>
      </symbol>
      <symbol id="sm-315">
         <name>UCB0I2COA2_L</name>
         <value>0x658</value>
      </symbol>
      <symbol id="sm-316">
         <name>UCB0I2COA2_H</name>
         <value>0x659</value>
      </symbol>
      <symbol id="sm-317">
         <name>UCB0I2COA3</name>
         <value>0x65a</value>
      </symbol>
      <symbol id="sm-318">
         <name>UCB0I2COA3_L</name>
         <value>0x65a</value>
      </symbol>
      <symbol id="sm-319">
         <name>UCB0I2COA3_H</name>
         <value>0x65b</value>
      </symbol>
      <symbol id="sm-31a">
         <name>UCB0ADDRX</name>
         <value>0x65c</value>
      </symbol>
      <symbol id="sm-31b">
         <name>UCB0ADDRX_L</name>
         <value>0x65c</value>
      </symbol>
      <symbol id="sm-31c">
         <name>UCB0ADDRX_H</name>
         <value>0x65d</value>
      </symbol>
      <symbol id="sm-31d">
         <name>UCB0ADDMASK</name>
         <value>0x65e</value>
      </symbol>
      <symbol id="sm-31e">
         <name>UCB0ADDMASK_L</name>
         <value>0x65e</value>
      </symbol>
      <symbol id="sm-31f">
         <name>UCB0ADDMASK_H</name>
         <value>0x65f</value>
      </symbol>
      <symbol id="sm-320">
         <name>UCB0I2CSA</name>
         <value>0x660</value>
      </symbol>
      <symbol id="sm-321">
         <name>UCB0I2CSA_L</name>
         <value>0x660</value>
      </symbol>
      <symbol id="sm-322">
         <name>UCB0I2CSA_H</name>
         <value>0x661</value>
      </symbol>
      <symbol id="sm-323">
         <name>UCB0IE</name>
         <value>0x66a</value>
      </symbol>
      <symbol id="sm-324">
         <name>UCB0IE_L</name>
         <value>0x66a</value>
      </symbol>
      <symbol id="sm-325">
         <name>UCB0IE_H</name>
         <value>0x66b</value>
      </symbol>
      <symbol id="sm-326">
         <name>UCB0IFG</name>
         <value>0x66c</value>
      </symbol>
      <symbol id="sm-327">
         <name>UCB0IFG_L</name>
         <value>0x66c</value>
      </symbol>
      <symbol id="sm-328">
         <name>UCB0IFG_H</name>
         <value>0x66d</value>
      </symbol>
      <symbol id="sm-329">
         <name>UCB0IV</name>
         <value>0x66e</value>
      </symbol>
      <symbol id="sm-32a">
         <name>WDTCTL</name>
         <value>0x15c</value>
      </symbol>
      <symbol id="sm-32b">
         <name>WDTCTL_L</name>
         <value>0x15c</value>
      </symbol>
      <symbol id="sm-32c">
         <name>WDTCTL_H</name>
         <value>0x15d</value>
      </symbol>
      <symbol id="sm-32d">
         <name>__STACK_SIZE</name>
         <value>0xa0</value>
      </symbol>
      <symbol id="sm-32e">
         <name>__STACK_END</name>
         <value>0x2400</value>
      </symbol>
      <symbol id="sm-32f">
         <name>__c_args__</name>
         <value>0xffffffff</value>
      </symbol>
      <symbol id="sm-330">
         <name>__TI_pprof_out_hndl</name>
         <value>0xffffffff</value>
      </symbol>
      <symbol id="sm-331">
         <name>__TI_prof_data_start</name>
         <value>0xffffffff</value>
      </symbol>
      <symbol id="sm-332">
         <name>__TI_prof_data_size</name>
         <value>0xffffffff</value>
      </symbol>
      <symbol id="sm-3ba">
         <name>ledBlinks</name>
         <value>0xc860</value>
         <object_component_ref idref="oc-540"/>
      </symbol>
      <symbol id="sm-3bb">
         <name>main</name>
         <value>0xc668</value>
         <object_component_ref idref="oc-4e0"/>
      </symbol>
      <symbol id="sm-3d4">
         <name>_Device_Version</name>
         <value>0xa200</value>
         <object_component_ref idref="oc-38c"/>
      </symbol>
      <symbol id="sm-3d5">
         <name>_Device_Key</name>
         <value>0xa202</value>
         <object_component_ref idref="oc-38f"/>
      </symbol>
      <symbol id="sm-3d6">
         <name>_Device_Serial</name>
         <value>0xa212</value>
         <object_component_ref idref="oc-392"/>
      </symbol>
      <symbol id="sm-3d7">
         <name>_Device_Id</name>
         <value>0x1800</value>
         <object_component_ref idref="oc-389"/>
      </symbol>
      <symbol id="sm-3e0">
         <name>RWData</name>
         <value>0x1c08</value>
      </symbol>
      <symbol id="sm-41b">
         <name>ADXL_REAsxD_STATUS</name>
         <value>0xcb2c</value>
         <object_component_ref idref="oc-3db"/>
      </symbol>
      <symbol id="sm-41c">
         <name>ACCEL_initialize</name>
         <value>0xc9dc</value>
         <object_component_ref idref="oc-e"/>
      </symbol>
      <symbol id="sm-41d">
         <name>ADXL_READ_XYZ_8BIT</name>
         <value>0xcb1e</value>
         <object_component_ref idref="oc-3e0"/>
      </symbol>
      <symbol id="sm-41e">
         <name>ADXL_CONFIG_MEAS</name>
         <value>0xcb28</value>
         <object_component_ref idref="oc-3c2"/>
      </symbol>
      <symbol id="sm-41f">
         <name>ACCEL_range</name>
         <value>0xca04</value>
         <object_component_ref idref="oc-14"/>
      </symbol>
      <symbol id="sm-420">
         <name>ACCEL_singleSample</name>
         <value>0xc7a2</value>
         <object_component_ref idref="oc-20"/>
      </symbol>
      <symbol id="sm-421">
         <name>ADXL_CONFIG_FILTER</name>
         <value>0xcb24</value>
         <object_component_ref idref="oc-3d7"/>
      </symbol>
      <symbol id="sm-422">
         <name>ACCEL_readStat</name>
         <value>0xc950</value>
         <object_component_ref idref="oc-1a"/>
      </symbol>
      <symbol id="sm-483">
         <name>INT_ADC12</name>
         <value>0xca54</value>
         <object_component_ref idref="oc-484"/>
      </symbol>
      <symbol id="sm-484">
         <name>ADC_read</name>
         <value>0xc758</value>
         <object_component_ref idref="oc-44"/>
      </symbol>
      <symbol id="sm-485">
         <name>ADC_rawToTemperature</name>
         <value>0xc202</value>
         <object_component_ref idref="oc-38"/>
      </symbol>
      <symbol id="sm-486">
         <name>ADC_rawCorrection</name>
         <value>0xca2c</value>
         <object_component_ref idref="oc-32"/>
      </symbol>
      <symbol id="sm-487">
         <name>ADC_init</name>
         <value>0xcade</value>
         <object_component_ref idref="oc-26"/>
      </symbol>
      <symbol id="sm-488">
         <name>ADC_rawToVoltage</name>
         <value>0xc3a2</value>
         <object_component_ref idref="oc-3e"/>
      </symbol>
      <symbol id="sm-489">
         <name>ADC_setInputChannel</name>
         <value>0xc89e</value>
         <object_component_ref idref="oc-3e8"/>
      </symbol>
      <symbol id="sm-48a">
         <name>ADC_initCustom</name>
         <value>0xc452</value>
         <object_component_ref idref="oc-2c"/>
      </symbol>
      <symbol id="sm-4bd">
         <name>gpRxBuf</name>
         <value>0x1c76</value>
      </symbol>
      <symbol id="sm-4be">
         <name>SPI_transaction</name>
         <value>0xc5b2</value>
         <object_component_ref idref="oc-3c5"/>
      </symbol>
      <symbol id="sm-4bf">
         <name>SPI_releasePort</name>
         <value>0xcacc</value>
         <object_component_ref idref="oc-3cb"/>
      </symbol>
      <symbol id="sm-4c0">
         <name>SPI_initialize</name>
         <value>0xc8da</value>
         <object_component_ref idref="oc-4a"/>
      </symbol>
      <symbol id="sm-4c1">
         <name>SPI_acquirePort</name>
         <value>0xcaba</value>
         <object_component_ref idref="oc-3b9"/>
      </symbol>
      <symbol id="sm-4d4">
         <name>Timer_LooseDelay</name>
         <value>0xc9b0</value>
         <object_component_ref idref="oc-5a1"/>
      </symbol>
      <symbol id="sm-4dc">
         <name>usrBank</name>
         <value>0x1c38</value>
      </symbol>
      <symbol id="sm-4f0">
         <name>rfid</name>
         <value>0x1caa</value>
      </symbol>
      <symbol id="sm-4f1">
         <name>cmd</name>
         <value>0x1c58</value>
      </symbol>
      <symbol id="sm-4f2">
         <name>dataBuf</name>
         <value>0x1c9a</value>
      </symbol>
      <symbol id="sm-4f3">
         <name>isDoingLowPwrSleep</name>
         <value>0x1cdd</value>
      </symbol>
      <symbol id="sm-4f4">
         <name>WISP_init</name>
         <value>0xc11e</value>
         <object_component_ref idref="oc-396"/>
      </symbol>
      <symbol id="sm-4f5">
         <name>CopyWispISRs</name>
         <value>0xc916</value>
         <object_component_ref idref="oc-3a0"/>
      </symbol>
      <symbol id="sm-500">
         <name>RX_ISR</name>
         <value>0xc004</value>
         <object_component_ref idref="oc-395"/>
      </symbol>
      <symbol id="sm-51a">
         <name>IEMctx</name>
         <value>0x1cc6</value>
      </symbol>
      <symbol id="sm-51b">
         <name>TIMER3_A0_ISR</name>
         <value>0xc70a</value>
         <object_component_ref idref="oc-47e"/>
      </symbol>
      <symbol id="sm-51c">
         <name>TIMER0_B0_ISR</name>
         <value>0xca74</value>
         <object_component_ref idref="oc-478"/>
      </symbol>
      <symbol id="sm-52e">
         <name>Timer0A0_ISR</name>
         <value>0xc2d2</value>
         <object_component_ref idref="oc-3a6"/>
      </symbol>
      <symbol id="sm-539">
         <name>Timer0A1_ISR</name>
         <value>0xc4de</value>
         <object_component_ref idref="oc-3ab"/>
      </symbol>
      <symbol id="sm-541">
         <name>Timer1A0_ISR</name>
         <value>0xcafe</value>
         <object_component_ref idref="oc-3b0"/>
      </symbol>
      <symbol id="sm-54f">
         <name>__mspabi_remli</name>
         <value>0xc7e2</value>
         <object_component_ref idref="oc-400"/>
      </symbol>
      <symbol id="sm-550">
         <name>__mspabi_divli</name>
         <value>0xc7e2</value>
         <object_component_ref idref="oc-400"/>
      </symbol>
      <symbol id="sm-55e">
         <name>__mspabi_remul</name>
         <value>0xc610</value>
         <object_component_ref idref="oc-4bd"/>
      </symbol>
      <symbol id="sm-55f">
         <name>__mspabi_divul</name>
         <value>0xc610</value>
         <object_component_ref idref="oc-4bd"/>
      </symbol>
      <symbol id="sm-56c">
         <name>__mspabi_sral_15</name>
         <value>0xc822</value>
         <object_component_ref idref="oc-3f5"/>
      </symbol>
      <symbol id="sm-56d">
         <name>__mspabi_sral_14</name>
         <value>0xc826</value>
         <object_component_ref idref="oc-3f5"/>
      </symbol>
      <symbol id="sm-56e">
         <name>__mspabi_sral_13</name>
         <value>0xc82a</value>
         <object_component_ref idref="oc-3f5"/>
      </symbol>
      <symbol id="sm-56f">
         <name>__mspabi_sral_12</name>
         <value>0xc82e</value>
         <object_component_ref idref="oc-3f5"/>
      </symbol>
      <symbol id="sm-570">
         <name>__mspabi_sral_11</name>
         <value>0xc832</value>
         <object_component_ref idref="oc-3f5"/>
      </symbol>
      <symbol id="sm-571">
         <name>__mspabi_sral_10</name>
         <value>0xc836</value>
         <object_component_ref idref="oc-3f5"/>
      </symbol>
      <symbol id="sm-572">
         <name>__mspabi_sral_8</name>
         <value>0xc83e</value>
         <object_component_ref idref="oc-3f5"/>
      </symbol>
      <symbol id="sm-573">
         <name>__mspabi_sral_9</name>
         <value>0xc83a</value>
         <object_component_ref idref="oc-3f5"/>
      </symbol>
      <symbol id="sm-574">
         <name>__mspabi_sral_6</name>
         <value>0xc846</value>
         <object_component_ref idref="oc-3f5"/>
      </symbol>
      <symbol id="sm-575">
         <name>__mspabi_sral_7</name>
         <value>0xc842</value>
         <object_component_ref idref="oc-3f5"/>
      </symbol>
      <symbol id="sm-576">
         <name>__mspabi_sral_4</name>
         <value>0xc84e</value>
         <object_component_ref idref="oc-3f5"/>
      </symbol>
      <symbol id="sm-577">
         <name>__mspabi_sral_5</name>
         <value>0xc84a</value>
         <object_component_ref idref="oc-3f5"/>
      </symbol>
      <symbol id="sm-578">
         <name>__mspabi_sral_2</name>
         <value>0xc856</value>
         <object_component_ref idref="oc-3f5"/>
      </symbol>
      <symbol id="sm-579">
         <name>__mspabi_sral_3</name>
         <value>0xc852</value>
         <object_component_ref idref="oc-3f5"/>
      </symbol>
      <symbol id="sm-57a">
         <name>__mspabi_sral_1</name>
         <value>0xc85a</value>
         <object_component_ref idref="oc-3f5"/>
      </symbol>
      <symbol id="sm-583">
         <name>__mspabi_srli</name>
         <value>0xcb0a</value>
         <object_component_ref idref="oc-40b"/>
      </symbol>
      <symbol id="sm-58d">
         <name>__mspabi_srll</name>
         <value>0xcaee</value>
         <object_component_ref idref="oc-406"/>
      </symbol>
      <symbol id="sm-59c">
         <name>_c_int00_noinit_noargs</name>
         <value>0xcaa6</value>
         <object_component_ref idref="oc-42e"/>
      </symbol>
      <symbol id="sm-59d">
         <name>_stack</name>
         <value>0x2360</value>
         <object_component_ref idref="oc-3b5"/>
      </symbol>
      <symbol id="sm-59e">
         <name>_reset_vector</name>
         <value>0xfffe</value>
         <object_component_ref idref="oc-3b8"/>
      </symbol>
      <symbol id="sm-5ab">
         <name>_system_pre_init</name>
         <value>0xcb1a</value>
         <object_component_ref idref="oc-4da"/>
      </symbol>
      <symbol id="sm-5b8">
         <name>C$$EXIT</name>
         <value>0xcb14</value>
         <object_component_ref idref="oc-547"/>
      </symbol>
      <symbol id="sm-5b9">
         <name>abort</name>
         <value>0xcb14</value>
         <object_component_ref idref="oc-547"/>
      </symbol>
      <symbol id="sm-5d0">
         <name>prevDecryptOffset</name>
         <value>0x1cd8</value>
      </symbol>
      <symbol id="sm-5d1">
         <name>receivedWords</name>
         <value>0x1cd4</value>
      </symbol>
      <symbol id="sm-5d2">
         <name>secuCommMode</name>
         <value>0x1cda</value>
      </symbol>
      <symbol id="sm-5d3">
         <name>initAuthenticateState</name>
         <value>0xca90</value>
         <object_component_ref idref="oc-472"/>
      </symbol>
   </symbol_table>
   <title>Link successful</title>
</link_info>
