******************************************************************************
                  MSP430 Linker PC v18.12.4                    
******************************************************************************
>> Linked Mon Dec 21 21:05:17 2020

OUTPUT FILE NAME:   <wisp5-bootloader.out>
ENTRY POINT SYMBOL: "_c_int00_noargs"  address: 0000e714


MEMORY CONFIGURATION

         name            origin    length      used     unused   attr    fill
----------------------  --------  ---------  --------  --------  ----  --------
  SFR                   00000000   00000010  00000000  00000010  RWIX
  PERIPHERALS_8BIT      00000010   000000f0  00000000  000000f0  RWIX
  PERIPHERALS_16BIT     00000100   00000100  00000000  00000100  RWIX
  $BOUND$0x1800         00001800   00000002  00000002  00000000  R IX
  RAM                   00001c08   000007f8  00000355  000004a3  RWIX
  SECURE_MEM            0000a200   00001dfc  00000022  00001dda  RWIX
  FLASH                 0000c004   00003f76  00002917  0000165f  RWIX
  INT_VECTOR_TABLE      0000ff90   0000006e  00000000  0000006e  RWIX
  RESET                 0000fffe   00000002  00000002  00000000  RWIX


SECTION ALLOCATION MAP

 output                                  attributes/
section   page    origin      length       input sections
--------  ----  ----------  ----------   ----------------
.TI.bound:_Device_Id 
*          0    00001800    00000002     
                  00001800    00000002     secure_area.obj (.TI.bound:_Device_Id)

.bss       0    00001c08    000002ab     UNINITIALIZED
                  00001c08    000000fe     (.common:RxPacket)
                  00001d06    00000048     (.common:rfidBuf)
                  00001d4e    00000030     (.common:RWData)
                  00001d7e    00000020     (.common:aes_ctx)
                  00001d9e    00000020     (.common:ctx)
                  00001dbe    00000020     (.common:usrBank)
                  00001dde    0000001e     (.common:cmd)
                  00001dfc    00000014     (.common:gpRxBuf)
                  00001e10    00000014     (.common:wispData)
                  00001e24    00000010     wisp-base.lib : spi.obj (.bss:spiSM)
                  00001e34    00000010     (.common:SesKey)
                  00001e44    00000010     (.common:dataBuf)
                  00001e54    00000010     (.common:fastData)
                  00001e64    00000010     (.common:rfid)
                  00001e74    00000010     (.common:s_prover)
                  00001e84    0000000c                   : adc.obj (.bss:ADC_SM)
                  00001e90    00000006     (.common:IEMctx)
                  00001e96    00000004     (.common:receivedWords)
                  00001e9a    00000002     TI_MSPBoot_CI_NWK_APP_BSL_CC1101.obj (.bss)
                  00001e9c    00000002     (.common:attMode)
                  00001e9e    00000002     (.common:firm_addr)
                  00001ea0    00000002     (.common:firm_len)
                  00001ea2    00000002     (.common:id)
                  00001ea4    00000002     (.common:miliVolt_start)
                  00001ea6    00000002     (.common:prevDecryptOffset)
                  00001ea8    00000002     (.common:rawV)
                  00001eaa    00000002     (.common:secuCommMode)
                  00001eac    00000001     (.common:CommStatus)
                  00001ead    00000001     (.common:TxByte)
                  00001eae    00000001     (.common:activeT)
                  00001eaf    00000001     (.common:isDoingLowPwrSleep)
                  00001eb0    00000001     (.common:nver)
                  00001eb1    00000001     (.common:sleepT)
                  00001eb2    00000001     (.common:veri)

.data      0    00001eb4    0000000a     UNINITIALIZED
                  00001eb4    00000008     TI_MSPBoot_CI_PHYDL_wisp5.obj (.data)
                  00001ebc    00000002     wisp-base.lib : authenticate.obj (.data)

.stack     0    00002360    000000a0     UNINITIALIZED
                  00002360    00000004     rts430x_lc_ld_eabi.lib : boot.c.obj (.stack)
                  00002364    0000009c     --HOLE--

.cinit     0    0000e904    00000018     
                  0000e904    00000008     (__TI_handler_table)
                  0000e90c    00000007     (.cinit..data.load) [load image, compression = lzss]
                  0000e913    00000001     --HOLE-- [fill = 0]
                  0000e914    00000008     (__TI_cinit_table)

.reset     0    0000fffe    00000002     
                  0000fffe    00000002     rts430x_lc_ld_eabi.lib : boot.c.obj (.reset)

.TI.bound:_Device_Version 
*          0    0000a200    00000002     
                  0000a200    00000002     secure_area.obj (.TI.bound:_Device_Version)

.TI.bound:_Device_Key 
*          0    0000a202    00000010     
                  0000a202    00000010     secure_area.obj (.TI.bound:_Device_Key)

.TI.bound:_Device_Serial 
*          0    0000a212    00000010     
                  0000a212    00000010     secure_area.obj (.TI.bound:_Device_Serial)

.text      0    0000c004    000028d2     
                  0000c004    000004b0     wisp-base.lib : TxFM0.obj (.text)
                  0000c4b4    000003fe     main.obj (.text:main)
                  0000c8b2    000002d8     wisp-base.lib : rfid_Handles.obj (.text)
                  0000cb8a    00000258                   : rfid_ReadHandle.obj (.text)
                  0000cde2    00000250                   : authenticate.obj (.text:blockWriteControlMessage)
                  0000d032    00000192                   : WISP_doRFID.obj (.text)
                  0000d1c4    00000190                   : rfid_BlockWriteHandle.obj (.text)
                  0000d354    00000154                   : rfid_WriteHandle.obj (.text)
                  0000d4a8    0000013a                   : cmac_mode.obj (.text:tc_cmac_update)
                  0000d5e2    0000011a                   : RX_ISR.obj (.text)
                  0000d6fc    000000d0                   : Timer0A0_ISR.obj (.text)
                  0000d7cc    000000ae                   : wisp-init.obj (.text:WISP_init)
                  0000d87a    000000a2     TI_MSPBoot_CI_NWK_APP_BSL_CC1101.obj (.text:CI_NWK_Rx_Callback$4)
                  0000d91c    0000009c     wisp-base.lib : authenticate.obj (.text:validateData)
                  0000d9b8    00000090                   : tina.obj (.text:doTINA)
                  0000da48    00000088                   : cmac_mode.obj (.text:tc_cmac_final)
                  0000dad0    00000086                   : adc.obj (.text:ADC_rawToTemperature)
                  0000db56    0000007c                   : adc.obj (.text:ADC_rawToVoltage)
                  0000dbd2    0000007c                   : spi.obj (.text:SPI_transaction)
                  0000dc4e    00000078     rts430x_lc_ld_eabi.lib : autoinit.c.obj (.text:__TI_auto_init_nobinit_nopinit_hold_wdt:__TI_auto_init_nobinit_nopinit_hold_wdt)
                  0000dcc6    00000076                            : copy_decompress_lzss.c.obj (.text:decompress:lzss:__TI_decompress_lzss)
                  0000dd3c    00000074     wisp-base.lib : Timer0A1_ISR.obj (.text)
                  0000ddb0    00000070                   : aes256.obj (.text:AES256_setDecipherKey)
                  0000de20    0000006e                   : aes256.obj (.text:AES256_setCipherKey)
                  0000de8e    00000066                   : cmac_mode.obj (.text:tc_cmac_setup)
                  0000def4    00000060                   : aes256.obj (.text:AES_CBC_decrypt)
                  0000df54    0000005c                   : aes256.obj (.text:AES256_encryptData)
                  0000dfb0    0000005a                   : aes256.obj (.text:AES256_decryptData)
                  0000e00a    00000058     rts430x_lc_ld_eabi.lib : div32u.asm.obj (.text)
                  0000e062    00000052     wisp-base.lib : Clocking.obj (.text)
                  0000e0b4    0000004e                   : IEM.obj (.text:_isr:TIMER3_A0_ISR)
                  0000e102    00000046                   : IEM.obj (.text:EnterPAM)
                  0000e148    00000044                   : cmac_mode.obj (.text:tc_cmac_init)
                  0000e18c    00000042                   : crc16_ccitt.obj (.text)
                  0000e1ce    00000040                   : accel.obj (.text:ACCEL_singleSample)
                  0000e20e    00000040     rts430x_lc_ld_eabi.lib : div32s.asm.obj (.text)
                  0000e24e    0000003e     wisp-base.lib : adc.obj (.text:ADC_initCustom)
                  0000e28c    0000003e     rts430x_lc_ld_eabi.lib : asr32.asm.obj (.text:l_asr_const)
                  0000e2ca    0000003c     wisp-base.lib : adc.obj (.text:ADC_setInputChannel)
                  0000e306    0000003c                   : spi.obj (.text:SPI_initialize)
                  0000e342    0000003c                   : cmac_mode.obj (.text:gf_double)
                  0000e37e    0000003c     rts430x_lc_ld_eabi.lib : memcpy.c.obj (.text:memcpy)
                  0000e3ba    0000003a     wisp-base.lib : wisp-init.obj (.text:CopyWispISRs)
                  0000e3f4    0000003a                   : authenticate.obj (.text:decryptAll)
                  0000e42e    00000036                   : cmac_mode.obj (.text:tc_aes_encrypt)
                  0000e464    00000034                   : accel.obj (.text:ACCEL_readStat)
                  0000e498    00000034                   : authenticate.obj (.text:decryptCurrentBlock)
                  0000e4cc    00000032                   : cmac_mode.obj (.text:tc_cmac_AIO)
                  0000e4fe    00000030                   : adc.obj (.text:ADC_read)
                  0000e52e    0000002e                   : cmac_mode.obj (.text:_copy)
                  0000e55c    0000002e                   : authenticate.obj (.text:runHash)
                  0000e58a    0000002a                   : interface.obj (.text:WISP_getDataBuffers)
                  0000e5b4    00000028                   : accel.obj (.text:ACCEL_initialize)
                  0000e5dc    00000028                   : accel.obj (.text:ACCEL_range)
                  0000e604    00000028                   : adc.obj (.text:ADC_setReference)
                  0000e62c    00000026                   : aes256.obj (.text:AES_init_ctx_iv)
                  0000e652    00000026                   : IEM.obj (.text:TTIEM)
                  0000e678    00000024     rts430x_lc_ld_eabi.lib : mult32_f5hw.asm.obj (.text)
                  0000e69c    00000020     wisp-base.lib : adc.obj (.text:_isr:INT_ADC12)
                  0000e6bc    00000020     rts430x_lc_ld_eabi.lib : memset.c.obj (.text:memset)
                  0000e6dc    0000001c                            : mult1632_f5hw.asm.obj (.text:__mpyul)
                  0000e6f8    0000001c     wisp-base.lib : IEM.obj (.text:_isr:TIMER0_B0_ISR)
                  0000e714    0000001c     rts430x_lc_ld_eabi.lib : boot.c.obj (.text:_isr:_c_int00_noargs)
                  0000e730    0000001a     wisp-base.lib : adc.obj (.text:ADC_enableInterrupts)
                  0000e74a    00000018                   : aes256.obj (.text:XorWithIv)
                  0000e762    00000018                   : authenticate.obj (.text:blockWriteRxWord)
                  0000e77a    00000018     rts430x_lc_ld_eabi.lib : mult16_f5hw.asm.obj (.text)
                  0000e792    00000018     wisp-base.lib : cmac_mode.obj (.text:tc_cmac_erase)
                  0000e7aa    00000016     rts430x_lc_ld_eabi.lib : copy_decompress_none.c.obj (.text:decompress:none:__TI_decompress_none)
                  0000e7c0    00000016     wisp-base.lib : authenticate.obj (.text:initAuthenticateState)
                  0000e7d6    00000014                   : adc.obj (.text:ADC_rawCorrection)
                  0000e7ea    00000014                   : adc.obj (.text:ADC_setSampleHold)
                  0000e7fe    00000012                   : spi.obj (.text:SPI_acquirePort)
                  0000e810    00000012                   : spi.obj (.text:SPI_releasePort)
                  0000e822    00000012     TI_MSPBoot_AppMgrDualImg.obj (.text:TI_MSPBoot_AppMgr_RestartInBootMode)
                  0000e834    00000010     wisp-base.lib : adc.obj (.text:ADC_init)
                  0000e844    00000010                   : IEM.obj (.text:ExitPAM)
                  0000e854    00000010     rts430x_lc_ld_eabi.lib : lsr32.asm.obj (.text:l_lsr)
                  0000e864    0000000e     wisp-base.lib : adc.obj (.text:ADC_asyncRead)
                  0000e872    0000000c                   : Timer1A0_ISR.obj (.text)
                  0000e87e    0000000a                   : adc.obj (.text:ADC_enableConversion)
                  0000e888    0000000a                   : adc.obj (.text:ADC_setPrecision)
                  0000e892    0000000a     rts430x_lc_ld_eabi.lib : lsr16.asm.obj (.text)
                  0000e89c    00000008     wisp-base.lib : adc.obj (.text:ADC_enable)
                  0000e8a4    00000008                   : adc.obj (.text:ADC_isBusy)
                  0000e8ac    00000006                   : adc.obj (.text:ADC_getPrecision)
                  0000e8b2    00000006                   : adc.obj (.text:ADC_getReference)
                  0000e8b8    00000006                   : interface.obj (.text:WISP_setAbortConditions)
                  0000e8be    00000006                   : interface.obj (.text:WISP_setMode)
                  0000e8c4    00000006                   : cmac_mode.obj (.text:_set)
                  0000e8ca    00000006     rts430x_lc_ld_eabi.lib : exit.c.obj (.text:abort)
                  0000e8d0    00000004                            : pre_init.c.obj (.text:_system_pre_init)
                  0000e8d4    00000002                            : startup.c.obj (.text:_system_post_cinit)

.const     0    0000e8d6    0000002d     
                  0000e8d6    00000010     wisp-base.lib : authenticate.obj (.const:.string:IV)
                  0000e8e6    0000000c     TI_MSPBoot_CI_NWK_APP_BSL_CC1101.obj (.const:CI_Callback_s$4)
                  0000e8f2    00000005     wisp-base.lib : accel.obj (.const:.string:ADXL_READ_XYZ_8BIT)
                  0000e8f7    00000001     --HOLE-- [fill = 0]
                  0000e8f8    00000003                   : accel.obj (.const:.string:ADXL_CONFIG_FILTER)
                  0000e8fb    00000001     --HOLE-- [fill = 0]
                  0000e8fc    00000003                   : accel.obj (.const:.string:ADXL_CONFIG_MEAS)
                  0000e8ff    00000001     --HOLE-- [fill = 0]
                  0000e900    00000003                   : accel.obj (.const:.string:ADXL_REAsxD_STATUS)

MODULE SUMMARY

       Module                                   code    ro data   rw data
       ------                                   ----    -------   -------
    .\
       main.obj                                 1022    0         0      
       secure_area.obj                          0       36        0      
    +--+----------------------------------------+-------+---------+---------+
       Total:                                   1022    36        0      
                                                                         
    .\AppMgr\
       TI_MSPBoot_AppMgrDualImg.obj             18      0         0      
    +--+----------------------------------------+-------+---------+---------+
       Total:                                   18      0         0      
                                                                         
    .\Comm\NWK_APP\
       TI_MSPBoot_CI_NWK_APP_BSL_CC1101.obj     162     12        2      
    +--+----------------------------------------+-------+---------+---------+
       Total:                                   162     12        2      
                                                                         
    .\Comm\PHY_DataLink\
       TI_MSPBoot_CI_PHYDL_wisp5.obj            0       0         8      
    +--+----------------------------------------+-------+---------+---------+
       Total:                                   0       0         8      
                                                                         
    C:\Users\nokia\AppData\Local\Temp\
       {91218A7B-250E-4202-874E-24F3FF474B94}   0       0         328    
    +--+----------------------------------------+-------+---------+---------+
       Total:                                   0       0         328    
                                                                         
    C:/Users/nokia/Documents/GitHub/Wisecr/src/wisp5-base/CCS/wisp-base/build/wisp-base.lib
       TxFM0.obj                                1200    0         0      
       authenticate.obj                         950     16        86     
       cmac_mode.obj                            860     0         32     
       rfid_Handles.obj                         728     0         0      
       adc.obj                                  644     0         12     
       rfid_ReadHandle.obj                      600     0         0      
       aes256.obj                               562     0         0      
       WISP_doRFID.obj                          402     0         0      
       rfid_BlockWriteHandle.obj                400     0         0      
       wisp-init.obj                            232     0         135    
       rfid_WriteHandle.obj                     340     0         0      
       RX_ISR.obj                               282     0         0      
       spi.obj                                  220     0         36     
       IEM.obj                                  230     0         6      
       accel.obj                                196     14        0      
       Timer0A0_ISR.obj                         208     0         0      
       tina.obj                                 144     0         16     
       Timer0A1_ISR.obj                         116     0         0      
       interface.obj                            54      0         32     
       Clocking.obj                             82      0         0      
       crc16_ccitt.obj                          66      0         0      
       Timer1A0_ISR.obj                         12      0         0      
    +--+----------------------------------------+-------+---------+---------+
       Total:                                   8528    30        355    
                                                                         
    C:\ti\ccs930\ccs\tools\compiler\ti-cgt-msp430_18.12.4.LTS\lib\rts430x_lc_ld_eabi.lib
       autoinit.c.obj                           120     0         0      
       copy_decompress_lzss.c.obj               118     0         0      
       div32u.asm.obj                           88      0         0      
       div32s.asm.obj                           64      0         0      
       asr32.asm.obj                            62      0         0      
       memcpy.c.obj                             60      0         0      
       mult32_f5hw.asm.obj                      36      0         0      
       memset.c.obj                             32      0         0      
       boot.c.obj                               28      2         0      
       mult1632_f5hw.asm.obj                    28      0         0      
       mult16_f5hw.asm.obj                      24      0         0      
       copy_decompress_none.c.obj               22      0         0      
       lsr32.asm.obj                            16      0         0      
       lsr16.asm.obj                            10      0         0      
       exit.c.obj                               6       0         0      
       pre_init.c.obj                           4       0         0      
       startup.c.obj                            2       0         0      
    +--+----------------------------------------+-------+---------+---------+
       Total:                                   720     2         0      
                                                                         
       Stack:                                   0       0         160    
       Linker Generated:                        0       23        0      
    +--+----------------------------------------+-------+---------+---------+
       Grand Total:                             10450   103       853    


LINKER GENERATED COPY TABLES

__TI_cinit_table @ 0000e914 records: 1, size/record: 8, table size: 8
	.data: load addr=0000e90c, load size=00000007 bytes, run addr=00001eb4, run size=0000000a bytes, compression=lzss


LINKER GENERATED HANDLER TABLE

__TI_handler_table @ 0000e904 records: 2, size/record: 4, table size: 8
	index: 0, handler: __TI_decompress_lzss
	index: 1, handler: __TI_decompress_none


GLOBAL SYMBOLS: SORTED ALPHABETICALLY BY Name 

address   name                                   
-------   ----                                   
0000e5b4  ACCEL_initialize                       
0000e5dc  ACCEL_range                            
0000e464  ACCEL_readStat                         
0000e1ce  ACCEL_singleSample                     
00000800  ADC12CTL0                              
00000801  ADC12CTL0_H                            
00000800  ADC12CTL0_L                            
00000802  ADC12CTL1                              
00000803  ADC12CTL1_H                            
00000802  ADC12CTL1_L                            
00000804  ADC12CTL2                              
00000805  ADC12CTL2_H                            
00000804  ADC12CTL2_L                            
00000806  ADC12CTL3                              
00000807  ADC12CTL3_H                            
00000806  ADC12CTL3_L                            
0000080a  ADC12HI                                
0000080b  ADC12HI_H                              
0000080a  ADC12HI_L                              
00000812  ADC12IER0                              
00000813  ADC12IER0_H                            
00000812  ADC12IER0_L                            
00000814  ADC12IER1                              
00000815  ADC12IER1_H                            
00000814  ADC12IER1_L                            
00000816  ADC12IER2                              
00000817  ADC12IER2_H                            
00000816  ADC12IER2_L                            
0000080c  ADC12IFGR0                             
0000080d  ADC12IFGR0_H                           
0000080c  ADC12IFGR0_L                           
0000080e  ADC12IFGR1                             
0000080f  ADC12IFGR1_H                           
0000080e  ADC12IFGR1_L                           
00000810  ADC12IFGR2                             
00000811  ADC12IFGR2_H                           
00000810  ADC12IFGR2_L                           
00000818  ADC12IV                                
00000819  ADC12IV_H                              
00000818  ADC12IV_L                              
00000808  ADC12LO                                
00000809  ADC12LO_H                              
00000808  ADC12LO_L                              
00000820  ADC12MCTL0                             
00000821  ADC12MCTL0_H                           
00000820  ADC12MCTL0_L                           
00000822  ADC12MCTL1                             
00000834  ADC12MCTL10                            
00000835  ADC12MCTL10_H                          
00000834  ADC12MCTL10_L                          
00000836  ADC12MCTL11                            
00000837  ADC12MCTL11_H                          
00000836  ADC12MCTL11_L                          
00000838  ADC12MCTL12                            
00000839  ADC12MCTL12_H                          
00000838  ADC12MCTL12_L                          
0000083a  ADC12MCTL13                            
0000083b  ADC12MCTL13_H                          
0000083a  ADC12MCTL13_L                          
0000083c  ADC12MCTL14                            
0000083d  ADC12MCTL14_H                          
0000083c  ADC12MCTL14_L                          
0000083e  ADC12MCTL15                            
0000083f  ADC12MCTL15_H                          
0000083e  ADC12MCTL15_L                          
00000840  ADC12MCTL16                            
00000841  ADC12MCTL16_H                          
00000840  ADC12MCTL16_L                          
00000842  ADC12MCTL17                            
00000843  ADC12MCTL17_H                          
00000842  ADC12MCTL17_L                          
00000844  ADC12MCTL18                            
00000845  ADC12MCTL18_H                          
00000844  ADC12MCTL18_L                          
00000846  ADC12MCTL19                            
00000847  ADC12MCTL19_H                          
00000846  ADC12MCTL19_L                          
00000823  ADC12MCTL1_H                           
00000822  ADC12MCTL1_L                           
00000824  ADC12MCTL2                             
00000848  ADC12MCTL20                            
00000849  ADC12MCTL20_H                          
00000848  ADC12MCTL20_L                          
0000084a  ADC12MCTL21                            
0000084b  ADC12MCTL21_H                          
0000084a  ADC12MCTL21_L                          
0000084c  ADC12MCTL22                            
0000084d  ADC12MCTL22_H                          
0000084c  ADC12MCTL22_L                          
0000084e  ADC12MCTL23                            
0000084f  ADC12MCTL23_H                          
0000084e  ADC12MCTL23_L                          
00000850  ADC12MCTL24                            
00000851  ADC12MCTL24_H                          
00000850  ADC12MCTL24_L                          
00000852  ADC12MCTL25                            
00000853  ADC12MCTL25_H                          
00000852  ADC12MCTL25_L                          
00000854  ADC12MCTL26                            
00000855  ADC12MCTL26_H                          
00000854  ADC12MCTL26_L                          
00000856  ADC12MCTL27                            
00000857  ADC12MCTL27_H                          
00000856  ADC12MCTL27_L                          
00000858  ADC12MCTL28                            
00000859  ADC12MCTL28_H                          
00000858  ADC12MCTL28_L                          
0000085a  ADC12MCTL29                            
0000085b  ADC12MCTL29_H                          
0000085a  ADC12MCTL29_L                          
00000825  ADC12MCTL2_H                           
00000824  ADC12MCTL2_L                           
00000826  ADC12MCTL3                             
0000085c  ADC12MCTL30                            
0000085d  ADC12MCTL30_H                          
0000085c  ADC12MCTL30_L                          
0000085e  ADC12MCTL31                            
0000085f  ADC12MCTL31_H                          
0000085e  ADC12MCTL31_L                          
00000827  ADC12MCTL3_H                           
00000826  ADC12MCTL3_L                           
00000828  ADC12MCTL4                             
00000829  ADC12MCTL4_H                           
00000828  ADC12MCTL4_L                           
0000082a  ADC12MCTL5                             
0000082b  ADC12MCTL5_H                           
0000082a  ADC12MCTL5_L                           
0000082c  ADC12MCTL6                             
0000082d  ADC12MCTL6_H                           
0000082c  ADC12MCTL6_L                           
0000082e  ADC12MCTL7                             
0000082f  ADC12MCTL7_H                           
0000082e  ADC12MCTL7_L                           
00000830  ADC12MCTL8                             
00000831  ADC12MCTL8_H                           
00000830  ADC12MCTL8_L                           
00000832  ADC12MCTL9                             
00000833  ADC12MCTL9_H                           
00000832  ADC12MCTL9_L                           
00000860  ADC12MEM0                              
00000861  ADC12MEM0_H                            
00000860  ADC12MEM0_L                            
00000862  ADC12MEM1                              
00000874  ADC12MEM10                             
00000875  ADC12MEM10_H                           
00000874  ADC12MEM10_L                           
00000876  ADC12MEM11                             
00000877  ADC12MEM11_H                           
00000876  ADC12MEM11_L                           
00000878  ADC12MEM12                             
00000879  ADC12MEM12_H                           
00000878  ADC12MEM12_L                           
0000087a  ADC12MEM13                             
0000087b  ADC12MEM13_H                           
0000087a  ADC12MEM13_L                           
0000087c  ADC12MEM14                             
0000087d  ADC12MEM14_H                           
0000087c  ADC12MEM14_L                           
0000087e  ADC12MEM15                             
0000087f  ADC12MEM15_H                           
0000087e  ADC12MEM15_L                           
00000880  ADC12MEM16                             
00000881  ADC12MEM16_H                           
00000880  ADC12MEM16_L                           
00000882  ADC12MEM17                             
00000883  ADC12MEM17_H                           
00000882  ADC12MEM17_L                           
00000884  ADC12MEM18                             
00000885  ADC12MEM18_H                           
00000884  ADC12MEM18_L                           
00000886  ADC12MEM19                             
00000887  ADC12MEM19_H                           
00000886  ADC12MEM19_L                           
00000863  ADC12MEM1_H                            
00000862  ADC12MEM1_L                            
00000864  ADC12MEM2                              
00000888  ADC12MEM20                             
00000889  ADC12MEM20_H                           
00000888  ADC12MEM20_L                           
0000088a  ADC12MEM21                             
0000088b  ADC12MEM21_H                           
0000088a  ADC12MEM21_L                           
0000088c  ADC12MEM22                             
0000088d  ADC12MEM22_H                           
0000088c  ADC12MEM22_L                           
0000088e  ADC12MEM23                             
0000088f  ADC12MEM23_H                           
0000088e  ADC12MEM23_L                           
00000890  ADC12MEM24                             
00000891  ADC12MEM24_H                           
00000890  ADC12MEM24_L                           
00000892  ADC12MEM25                             
00000893  ADC12MEM25_H                           
00000892  ADC12MEM25_L                           
00000894  ADC12MEM26                             
00000895  ADC12MEM26_H                           
00000894  ADC12MEM26_L                           
00000896  ADC12MEM27                             
00000897  ADC12MEM27_H                           
00000896  ADC12MEM27_L                           
00000898  ADC12MEM28                             
00000899  ADC12MEM28_H                           
00000898  ADC12MEM28_L                           
0000089a  ADC12MEM29                             
0000089b  ADC12MEM29_H                           
0000089a  ADC12MEM29_L                           
00000865  ADC12MEM2_H                            
00000864  ADC12MEM2_L                            
00000866  ADC12MEM3                              
0000089c  ADC12MEM30                             
0000089d  ADC12MEM30_H                           
0000089c  ADC12MEM30_L                           
0000089e  ADC12MEM31                             
0000089f  ADC12MEM31_H                           
0000089e  ADC12MEM31_L                           
00000867  ADC12MEM3_H                            
00000866  ADC12MEM3_L                            
00000868  ADC12MEM4                              
00000869  ADC12MEM4_H                            
00000868  ADC12MEM4_L                            
0000086a  ADC12MEM5                              
0000086b  ADC12MEM5_H                            
0000086a  ADC12MEM5_L                            
0000086c  ADC12MEM6                              
0000086d  ADC12MEM6_H                            
0000086c  ADC12MEM6_L                            
0000086e  ADC12MEM7                              
0000086f  ADC12MEM7_H                            
0000086e  ADC12MEM7_L                            
00000870  ADC12MEM8                              
00000871  ADC12MEM8_H                            
00000870  ADC12MEM8_L                            
00000872  ADC12MEM9                              
00000873  ADC12MEM9_H                            
00000872  ADC12MEM9_L                            
0000e864  ADC_asyncRead                          
0000e89c  ADC_enable                             
0000e87e  ADC_enableConversion                   
0000e730  ADC_enableInterrupts                   
0000e8ac  ADC_getPrecision                       
0000e8b2  ADC_getReference                       
0000e834  ADC_init                               
0000e24e  ADC_initCustom                         
0000e8a4  ADC_isBusy                             
0000e7d6  ADC_rawCorrection                      
0000dad0  ADC_rawToTemperature                   
0000db56  ADC_rawToVoltage                       
0000e4fe  ADC_read                               
0000e2ca  ADC_setInputChannel                    
0000e888  ADC_setPrecision                       
0000e604  ADC_setReference                       
0000e7ea  ADC_setSampleHold                      
0000e8f8  ADXL_CONFIG_FILTER                     
0000e8fc  ADXL_CONFIG_MEAS                       
0000e8f2  ADXL_READ_XYZ_8BIT                     
0000e900  ADXL_REAsxD_STATUS                     
0000dfb0  AES256_decryptData                     
0000df54  AES256_encryptData                     
0000de20  AES256_setCipherKey                    
0000ddb0  AES256_setDecipherKey                  
000009c0  AESACTL0                               
000009c1  AESACTL0_H                             
000009c0  AESACTL0_L                             
000009c2  AESACTL1                               
000009c3  AESACTL1_H                             
000009c2  AESACTL1_L                             
000009c8  AESADIN                                
000009c9  AESADIN_H                              
000009c8  AESADIN_L                              
000009ca  AESADOUT                               
000009cb  AESADOUT_H                             
000009ca  AESADOUT_L                             
000009c6  AESAKEY                                
000009c7  AESAKEY_H                              
000009c6  AESAKEY_L                              
000009c4  AESASTAT                               
000009c5  AESASTAT_H                             
000009c4  AESASTAT_L                             
000009cc  AESAXDIN                               
000009cd  AESAXDIN_H                             
000009cc  AESAXDIN_L                             
000009ce  AESAXIN                                
000009cf  AESAXIN_H                              
000009ce  AESAXIN_L                              
0000def4  AES_CBC_decrypt                        
0000e62c  AES_init_ctx_iv                        
000004be  BCD2BIN                                
000004bc  BIN2BCD                                
0000e8ca  C$$EXIT                                
0000043e  CAPTIO0CTL                             
0000043f  CAPTIO0CTL_H                           
0000043e  CAPTIO0CTL_L                           
0000047e  CAPTIO1CTL                             
0000047f  CAPTIO1CTL_H                           
0000047e  CAPTIO1CTL_L                           
000008c0  CECTL0                                 
000008c1  CECTL0_H                               
000008c0  CECTL0_L                               
000008c2  CECTL1                                 
000008c3  CECTL1_H                               
000008c2  CECTL1_L                               
000008c4  CECTL2                                 
000008c5  CECTL2_H                               
000008c4  CECTL2_L                               
000008c6  CECTL3                                 
000008c7  CECTL3_H                               
000008c6  CECTL3_L                               
000008cc  CEINT                                  
000008cd  CEINT_H                                
000008cc  CEINT_L                                
000008ce  CEIV                                   
000008cf  CEIV_H                                 
000008ce  CEIV_L                                 
00001c04  CI_Callback_ptr                        
00001c03  CI_State_Machine                       
00000150  CRCDI                                  
00000152  CRCDIRB                                
00000153  CRCDIRB_H                              
00000152  CRCDIRB_L                              
00000151  CRCDI_H                                
00000150  CRCDI_L                                
00000154  CRCINIRES                              
00000155  CRCINIRES_H                            
00000154  CRCINIRES_L                            
00000156  CRCRESR                                
00000157  CRCRESR_H                              
00000156  CRCRESR_L                              
00000160  CSCTL0                                 
00000161  CSCTL0_H                               
00000160  CSCTL0_L                               
00000162  CSCTL1                                 
00000163  CSCTL1_H                               
00000162  CSCTL1_L                               
00000164  CSCTL2                                 
00000165  CSCTL2_H                               
00000164  CSCTL2_L                               
00000166  CSCTL3                                 
00000167  CSCTL3_H                               
00000166  CSCTL3_L                               
00000168  CSCTL4                                 
00000169  CSCTL4_H                               
00000168  CSCTL4_L                               
0000016a  CSCTL5                                 
0000016b  CSCTL5_H                               
0000016a  CSCTL5_L                               
0000016c  CSCTL6                                 
0000016d  CSCTL6_H                               
0000016c  CSCTL6_L                               
00001eac  CommStatus                             
0000e3ba  CopyWispISRs                           
00000510  DMA0CTL                                
00000516  DMA0DA                                 
00000518  DMA0DAH                                
00000516  DMA0DAL                                
00000512  DMA0SA                                 
00000514  DMA0SAH                                
00000512  DMA0SAL                                
0000051a  DMA0SZ                                 
00000520  DMA1CTL                                
00000526  DMA1DA                                 
00000528  DMA1DAH                                
00000526  DMA1DAL                                
00000522  DMA1SA                                 
00000524  DMA1SAH                                
00000522  DMA1SAL                                
0000052a  DMA1SZ                                 
00000530  DMA2CTL                                
00000536  DMA2DA                                 
00000538  DMA2DAH                                
00000536  DMA2DAL                                
00000532  DMA2SA                                 
00000534  DMA2SAH                                
00000532  DMA2SAL                                
0000053a  DMA2SZ                                 
00000500  DMACTL0                                
00000502  DMACTL1                                
00000504  DMACTL2                                
00000506  DMACTL3                                
00000508  DMACTL4                                
0000050e  DMAIV                                  
0000e102  EnterPAM                               
0000e844  ExitPAM                                
00000140  FRCTL0                                 
00000141  FRCTL0_H                               
00000140  FRCTL0_L                               
00000144  GCCTL0                                 
00000145  GCCTL0_H                               
00000144  GCCTL0_L                               
00000146  GCCTL1                                 
00000147  GCCTL1_H                               
00000146  GCCTL1_L                               
00001e90  IEMctx                                 
0000e69c  INT_ADC12                              
0000e8d6  IV                                     
000004c4  MAC                                    
000004da  MAC32H                                 
000004db  MAC32H_H                               
000004da  MAC32H_L                               
000004d8  MAC32L                                 
000004d9  MAC32L_H                               
000004d8  MAC32L_L                               
000004c6  MACS                                   
000004de  MACS32H                                
000004df  MACS32H_H                              
000004de  MACS32H_L                              
000004dc  MACS32L                                
000004dd  MACS32L_H                              
000004dc  MACS32L_L                              
000004c7  MACS_H                                 
000004c6  MACS_L                                 
000004c5  MAC_H                                  
000004c4  MAC_L                                  
000005a0  MPUCTL0                                
000005a1  MPUCTL0_H                              
000005a0  MPUCTL0_L                              
000005a2  MPUCTL1                                
000005a3  MPUCTL1_H                              
000005a2  MPUCTL1_L                              
000005aa  MPUIPC0                                
000005ab  MPUIPC0_H                              
000005aa  MPUIPC0_L                              
000005ae  MPUIPSEGB1                             
000005af  MPUIPSEGB1_H                           
000005ae  MPUIPSEGB1_L                           
000005ac  MPUIPSEGB2                             
000005ad  MPUIPSEGB2_H                           
000005ac  MPUIPSEGB2_L                           
000005a8  MPUSAM                                 
000005a9  MPUSAM_H                               
000005a8  MPUSAM_L                               
000005a6  MPUSEGB1                               
000005a7  MPUSEGB1_H                             
000005a6  MPUSEGB1_L                             
000005a4  MPUSEGB2                               
000005a5  MPUSEGB2_H                             
000005a4  MPUSEGB2_L                             
000004c0  MPY                                    
000004ec  MPY32CTL0                              
000004ed  MPY32CTL0_H                            
000004ec  MPY32CTL0_L                            
000004d2  MPY32H                                 
000004d3  MPY32H_H                               
000004d2  MPY32H_L                               
000004d0  MPY32L                                 
000004d1  MPY32L_H                               
000004d0  MPY32L_L                               
000004c2  MPYS                                   
000004d6  MPYS32H                                
000004d7  MPYS32H_H                              
000004d6  MPYS32H_L                              
000004d4  MPYS32L                                
000004d5  MPYS32L_H                              
000004d4  MPYS32L_L                              
000004c3  MPYS_H                                 
000004c2  MPYS_L                                 
000004c1  MPY_H                                  
000004c0  MPY_L                                  
000004c8  OP2                                    
000004e2  OP2H                                   
000004e3  OP2H_H                                 
000004e2  OP2H_L                                 
000004e0  OP2L                                   
000004e1  OP2L_H                                 
000004e0  OP2L_L                                 
000004c9  OP2_H                                  
000004c8  OP2_L                                  
0000020e  P1IV                                   
0000021e  P2IV                                   
0000022e  P3IV                                   
0000023e  P4IV                                   
00000204  PADIR                                  
00000205  PADIR_H                                
00000204  PADIR_L                                
0000021a  PAIE                                   
00000218  PAIES                                  
00000219  PAIES_H                                
00000218  PAIES_L                                
0000021b  PAIE_H                                 
0000021a  PAIE_L                                 
0000021c  PAIFG                                  
0000021d  PAIFG_H                                
0000021c  PAIFG_L                                
00000200  PAIN                                   
00000201  PAIN_H                                 
00000200  PAIN_L                                 
00000202  PAOUT                                  
00000203  PAOUT_H                                
00000202  PAOUT_L                                
00000206  PAREN                                  
00000207  PAREN_H                                
00000206  PAREN_L                                
0000020a  PASEL0                                 
0000020b  PASEL0_H                               
0000020a  PASEL0_L                               
0000020c  PASEL1                                 
0000020d  PASEL1_H                               
0000020c  PASEL1_L                               
00000216  PASELC                                 
00000217  PASELC_H                               
00000216  PASELC_L                               
00000224  PBDIR                                  
00000225  PBDIR_H                                
00000224  PBDIR_L                                
0000023a  PBIE                                   
00000238  PBIES                                  
00000239  PBIES_H                                
00000238  PBIES_L                                
0000023b  PBIE_H                                 
0000023a  PBIE_L                                 
0000023c  PBIFG                                  
0000023d  PBIFG_H                                
0000023c  PBIFG_L                                
00000220  PBIN                                   
00000221  PBIN_H                                 
00000220  PBIN_L                                 
00000222  PBOUT                                  
00000223  PBOUT_H                                
00000222  PBOUT_L                                
00000226  PBREN                                  
00000227  PBREN_H                                
00000226  PBREN_L                                
0000022a  PBSEL0                                 
0000022b  PBSEL0_H                               
0000022a  PBSEL0_L                               
0000022c  PBSEL1                                 
0000022d  PBSEL1_H                               
0000022c  PBSEL1_L                               
00000236  PBSELC                                 
00000237  PBSELC_H                               
00000236  PBSELC_L                               
00000324  PJDIR                                  
00000325  PJDIR_H                                
00000324  PJDIR_L                                
00000320  PJIN                                   
00000321  PJIN_H                                 
00000320  PJIN_L                                 
00000322  PJOUT                                  
00000323  PJOUT_H                                
00000322  PJOUT_L                                
00000326  PJREN                                  
00000327  PJREN_H                                
00000326  PJREN_L                                
0000032a  PJSEL0                                 
0000032b  PJSEL0_H                               
0000032a  PJSEL0_L                               
0000032c  PJSEL1                                 
0000032d  PJSEL1_H                               
0000032c  PJSEL1_L                               
00000336  PJSELC                                 
00000337  PJSELC_H                               
00000336  PJSELC_L                               
00000130  PM5CTL0                                
00000131  PM5CTL0_H                              
00000130  PM5CTL0_L                              
00000120  PMMCTL0                                
00000121  PMMCTL0_H                              
00000120  PMMCTL0_L                              
0000012a  PMMIFG                                 
0000012b  PMMIFG_H                               
0000012a  PMMIFG_L                               
00004400  PassWd                                 
000001b0  REFCTL0                                
000001b1  REFCTL0_H                              
000001b0  REFCTL0_L                              
000004e4  RES0                                   
000004e5  RES0_H                                 
000004e4  RES0_L                                 
000004e6  RES1                                   
000004e7  RES1_H                                 
000004e6  RES1_L                                 
000004e8  RES2                                   
000004e9  RES2_H                                 
000004e8  RES2_L                                 
000004ea  RES3                                   
000004eb  RES3_H                                 
000004ea  RES3_L                                 
000004cc  RESHI                                  
000004cd  RESHI_H                                
000004cc  RESHI_L                                
000004ca  RESLO                                  
000004cb  RESLO_H                                
000004ca  RESLO_L                                
000004ba  RTCADOWDAY                             
000004bb  RTCADOWDAY_H                           
000004ba  RTCADOWDAY_L                           
000004b8  RTCAMINHR                              
000004b9  RTCAMINHR_H                            
000004b8  RTCAMINHR_L                            
000004a0  RTCCTL01                               
000004a1  RTCCTL01_H                             
000004a0  RTCCTL01_L                             
000004a2  RTCCTL23                               
000004a3  RTCCTL23_H                             
000004a2  RTCCTL23_L                             
000004b4  RTCDATE                                
000004b5  RTCDATE_H                              
000004b4  RTCDATE_L                              
000004ae  RTCIV                                  
000004ac  RTCPS                                  
000004a8  RTCPS0CTL                              
000004a9  RTCPS0CTL_H                            
000004a8  RTCPS0CTL_L                            
000004aa  RTCPS1CTL                              
000004ab  RTCPS1CTL_H                            
000004aa  RTCPS1CTL_L                            
000004ad  RTCPS_H                                
000004ac  RTCPS_L                                
000004b0  RTCTIM0                                
000004b1  RTCTIM0_H                              
000004b0  RTCTIM0_L                              
000004b2  RTCTIM1                                
000004b3  RTCTIM1_H                              
000004b2  RTCTIM1_L                              
000004b6  RTCYEAR                                
000004b7  RTCYEAR_H                              
000004b6  RTCYEAR_L                              
00001d4e  RWData                                 
0000d5e2  RX_ISR                                 
0000e08c  RxClock                                
00001c08  RxPacket                               
00000100  SFRIE1                                 
00000101  SFRIE1_H                               
00000100  SFRIE1_L                               
00000102  SFRIFG1                                
00000103  SFRIFG1_H                              
00000102  SFRIFG1_L                              
00000104  SFRRPCR                                
00000105  SFRRPCR_H                              
00000104  SFRRPCR_L                              
0000e7fe  SPI_acquirePort                        
0000e306  SPI_initialize                         
0000e810  SPI_releasePort                        
0000dbd2  SPI_transaction                        
000004ce  SUMEXT                                 
000004cf  SUMEXT_H                               
000004ce  SUMEXT_L                               
00000180  SYSCTL                                 
00000181  SYSCTL_H                               
00000180  SYSCTL_L                               
00000186  SYSJMBC                                
00000187  SYSJMBC_H                              
00000186  SYSJMBC_L                              
00000188  SYSJMBI0                               
00000189  SYSJMBI0_H                             
00000188  SYSJMBI0_L                             
0000018a  SYSJMBI1                               
0000018b  SYSJMBI1_H                             
0000018a  SYSJMBI1_L                             
0000018c  SYSJMBO0                               
0000018d  SYSJMBO0_H                             
0000018c  SYSJMBO0_L                             
0000018e  SYSJMBO1                               
0000018f  SYSJMBO1_H                             
0000018e  SYSJMBO1_L                             
0000019e  SYSRSTIV                               
0000019f  SYSRSTIV_H                             
0000019e  SYSRSTIV_L                             
0000019c  SYSSNIV                                
0000019d  SYSSNIV_H                              
0000019c  SYSSNIV_L                              
0000019a  SYSUNIV                                
0000019b  SYSUNIV_H                              
0000019a  SYSUNIV_L                              
00001e34  SesKey                                 
00004402  StatCtrl                               
00000352  TA0CCR0                                
00000354  TA0CCR1                                
00000356  TA0CCR2                                
00000342  TA0CCTL0                               
00000344  TA0CCTL1                               
00000346  TA0CCTL2                               
00000340  TA0CTL                                 
00000360  TA0EX0                                 
0000036e  TA0IV                                  
00000350  TA0R                                   
00000392  TA1CCR0                                
00000394  TA1CCR1                                
00000396  TA1CCR2                                
00000382  TA1CCTL0                               
00000384  TA1CCTL1                               
00000386  TA1CCTL2                               
00000380  TA1CTL                                 
000003a0  TA1EX0                                 
000003ae  TA1IV                                  
00000390  TA1R                                   
00000412  TA2CCR0                                
00000414  TA2CCR1                                
00000402  TA2CCTL0                               
00000404  TA2CCTL1                               
00000400  TA2CTL                                 
00000420  TA2EX0                                 
0000042e  TA2IV                                  
00000410  TA2R                                   
00000452  TA3CCR0                                
00000454  TA3CCR1                                
00000442  TA3CCTL0                               
00000444  TA3CCTL1                               
00000440  TA3CTL                                 
00000460  TA3EX0                                 
0000046e  TA3IV                                  
00000450  TA3R                                   
000003d2  TB0CCR0                                
000003d4  TB0CCR1                                
000003d6  TB0CCR2                                
000003d8  TB0CCR3                                
000003da  TB0CCR4                                
000003dc  TB0CCR5                                
000003de  TB0CCR6                                
000003c2  TB0CCTL0                               
000003c4  TB0CCTL1                               
000003c6  TB0CCTL2                               
000003c8  TB0CCTL3                               
000003ca  TB0CCTL4                               
000003cc  TB0CCTL5                               
000003ce  TB0CCTL6                               
000003c0  TB0CTL                                 
000003e0  TB0EX0                                 
000003ee  TB0IV                                  
000003d0  TB0R                                   
0000e6f8  TIMER0_B0_ISR                          
0000e0b4  TIMER3_A0_ISR                          
0000e822  TI_MSPBoot_AppMgr_RestartInBootMode    
0000e652  TTIEM                                  
0000d6fc  Timer0A0_ISR                           
0000dd3c  Timer0A1_ISR                           
0000e872  Timer1A0_ISR                           
00001ead  TxByte                                 
0000e062  TxClock                                
0000c004  TxFM0                                  
000005d0  UCA0ABCTL                              
000005c6  UCA0BRW                                
000005c7  UCA0BRW_H                              
000005c6  UCA0BRW_L                              
000005c0  UCA0CTLW0                              
000005c1  UCA0CTLW0_H                            
000005c0  UCA0CTLW0_L                            
000005c2  UCA0CTLW1                              
000005c3  UCA0CTLW1_H                            
000005c2  UCA0CTLW1_L                            
000005da  UCA0IE                                 
000005db  UCA0IE_H                               
000005da  UCA0IE_L                               
000005dc  UCA0IFG                                
000005dd  UCA0IFG_H                              
000005dc  UCA0IFG_L                              
000005d2  UCA0IRCTL                              
000005d3  UCA0IRCTL_H                            
000005d2  UCA0IRCTL_L                            
000005de  UCA0IV                                 
000005c8  UCA0MCTLW                              
000005c9  UCA0MCTLW_H                            
000005c8  UCA0MCTLW_L                            
000005cc  UCA0RXBUF                              
000005cd  UCA0RXBUF_H                            
000005cc  UCA0RXBUF_L                            
000005ca  UCA0STATW                              
000005ce  UCA0TXBUF                              
000005cf  UCA0TXBUF_H                            
000005ce  UCA0TXBUF_L                            
000005f0  UCA1ABCTL                              
000005e6  UCA1BRW                                
000005e7  UCA1BRW_H                              
000005e6  UCA1BRW_L                              
000005e0  UCA1CTLW0                              
000005e1  UCA1CTLW0_H                            
000005e0  UCA1CTLW0_L                            
000005e2  UCA1CTLW1                              
000005e3  UCA1CTLW1_H                            
000005e2  UCA1CTLW1_L                            
000005fa  UCA1IE                                 
000005fb  UCA1IE_H                               
000005fa  UCA1IE_L                               
000005fc  UCA1IFG                                
000005fd  UCA1IFG_H                              
000005fc  UCA1IFG_L                              
000005f2  UCA1IRCTL                              
000005f3  UCA1IRCTL_H                            
000005f2  UCA1IRCTL_L                            
000005fe  UCA1IV                                 
000005e8  UCA1MCTLW                              
000005e9  UCA1MCTLW_H                            
000005e8  UCA1MCTLW_L                            
000005ec  UCA1RXBUF                              
000005ed  UCA1RXBUF_H                            
000005ec  UCA1RXBUF_L                            
000005ea  UCA1STATW                              
000005ee  UCA1TXBUF                              
000005ef  UCA1TXBUF_H                            
000005ee  UCA1TXBUF_L                            
0000065e  UCB0ADDMASK                            
0000065f  UCB0ADDMASK_H                          
0000065e  UCB0ADDMASK_L                          
0000065c  UCB0ADDRX                              
0000065d  UCB0ADDRX_H                            
0000065c  UCB0ADDRX_L                            
00000646  UCB0BRW                                
00000647  UCB0BRW_H                              
00000646  UCB0BRW_L                              
00000640  UCB0CTLW0                              
00000641  UCB0CTLW0_H                            
00000640  UCB0CTLW0_L                            
00000642  UCB0CTLW1                              
00000643  UCB0CTLW1_H                            
00000642  UCB0CTLW1_L                            
00000654  UCB0I2COA0                             
00000655  UCB0I2COA0_H                           
00000654  UCB0I2COA0_L                           
00000656  UCB0I2COA1                             
00000657  UCB0I2COA1_H                           
00000656  UCB0I2COA1_L                           
00000658  UCB0I2COA2                             
00000659  UCB0I2COA2_H                           
00000658  UCB0I2COA2_L                           
0000065a  UCB0I2COA3                             
0000065b  UCB0I2COA3_H                           
0000065a  UCB0I2COA3_L                           
00000660  UCB0I2CSA                              
00000661  UCB0I2CSA_H                            
00000660  UCB0I2CSA_L                            
0000066a  UCB0IE                                 
0000066b  UCB0IE_H                               
0000066a  UCB0IE_L                               
0000066c  UCB0IFG                                
0000066d  UCB0IFG_H                              
0000066c  UCB0IFG_L                              
0000066e  UCB0IV                                 
0000064c  UCB0RXBUF                              
0000064d  UCB0RXBUF_H                            
0000064c  UCB0RXBUF_L                            
00000648  UCB0STATW                              
00000649  UCB0STATW_H                            
00000648  UCB0STATW_L                            
0000064a  UCB0TBCNT                              
0000064b  UCB0TBCNT_H                            
0000064a  UCB0TBCNT_L                            
0000064e  UCB0TXBUF                              
0000064f  UCB0TXBUF_H                            
0000064e  UCB0TXBUF_L                            
0000015c  WDTCTL                                 
0000015d  WDTCTL_H                               
0000015c  WDTCTL_L                               
0000d032  WISP_doRFID                            
0000e58a  WISP_getDataBuffers                    
0000d7cc  WISP_init                              
0000e8b8  WISP_setAbortConditions                
0000e8be  WISP_setMode                           
0000a000  _Appl_End                              
00009f90  _Appl_Proxy_Vector_Start               
00009fff  _Appl_Reset_Vector                     
00004400  _Appl_Start                            
00004404  _Appl_Start_Memory                     
00001800  _Device_Id                             
0000a202  _Device_Key                            
0000a212  _Device_Serial                         
0000a200  _Device_Version                        
00013fff  _Down_End                              
00010000  _Down_Start                            
00001ff0  _NonReserved_RAM_Start                 
0000bffc  _Secure_End                            
0000a000  _Secure_Start                          
0000fffe  __Boot_Reset                           
0000c000  __Boot_Start                           
0000ff90  __Boot_VectorTable                     
000023ff  __RAM_End                              
00001c00  __RAM_Start                            
00002400  __STACK_END                            
000000a0  __STACK_SIZE                           
0000e914  __TI_CINIT_Base                        
0000e91c  __TI_CINIT_Limit                       
0000e904  __TI_Handler_Table_Base                
0000e90c  __TI_Handler_Table_Limit               
0000dc4e  __TI_auto_init_nobinit_nopinit_hold_wdt
0000dcc6  __TI_decompress_lzss                   
0000e7aa  __TI_decompress_none                   
ffffffff  __TI_pprof_out_hndl                    
ffffffff  __TI_prof_data_size                    
ffffffff  __TI_prof_data_start                   
ffffffff  __c_args__                             
0000e20e  __mspabi_divli                         
0000e00a  __mspabi_divul                         
0000e77a  __mspabi_mpyi_f5hw                     
0000e678  __mspabi_mpyl_f5hw                     
0000e6dc  __mspabi_mpyul_f5hw                    
0000e20e  __mspabi_remli                         
0000e00a  __mspabi_remul                         
0000e2c4  __mspabi_sral_1                        
0000e2a0  __mspabi_sral_10                       
0000e29c  __mspabi_sral_11                       
0000e298  __mspabi_sral_12                       
0000e294  __mspabi_sral_13                       
0000e290  __mspabi_sral_14                       
0000e28c  __mspabi_sral_15                       
0000e2c0  __mspabi_sral_2                        
0000e2bc  __mspabi_sral_3                        
0000e2b8  __mspabi_sral_4                        
0000e2b4  __mspabi_sral_5                        
0000e2b0  __mspabi_sral_6                        
0000e2ac  __mspabi_sral_7                        
0000e2a8  __mspabi_sral_8                        
0000e2a4  __mspabi_sral_9                        
0000e892  __mspabi_srli                          
0000e854  __mspabi_srll                          
0000e714  _c_int00_noargs                        
0000e52e  _copy                                  
0000fffe  _reset_vector                          
0000e8c4  _set                                   
00002360  _stack                                 
0000e8d4  _system_post_cinit                     
0000e8d0  _system_pre_init                       
0000e8ca  abort                                  
00001eae  activeT                                
00001d7e  aes_ctx                                
00001e9c  attMode                                
0000cde2  blockWriteControlMessage               
0000e762  blockWriteRxWord                       
00001dde  cmd                                    
0000e1a2  crc16Bits_ccitt                        
0000e18c  crc16_ccitt                            
00001d9e  ctx                                    
00001e44  dataBuf                                
0000e3f4  decryptAll                             
0000e498  decryptCurrentBlock                    
0000d9b8  doTINA                                 
00001e54  fastData                               
00001e9e  firm_addr                              
00001ea0  firm_len                               
0000e342  gf_double                              
00001dfc  gpRxBuf                                
0000c982  handleAck                              
0000d1c4  handleBlockWrite                       
0000c9f8  handleQA                               
0000c8b2  handleQR                               
0000c8f4  handleQuery                            
0000cb8a  handleRead                             
0000ca80  handleReqRN                            
0000cb14  handleSelect                           
0000d354  handleWrite                            
00001ea2  id                                     
0000e7c0  initAuthenticateState                  
00001eaf  isDoingLowPwrSleep                     
00001ebc  j                                      
0000c4b4  main                                   
0000e37e  memcpy                                 
0000e6bc  memset                                 
00001ea4  miliVolt_start                         
00001eb0  nver                                   
00001ea6  prevDecryptOffset                      
00001ea8  rawV                                   
00001e96  receivedWords                          
00001e64  rfid                                   
00001d06  rfidBuf                                
0000e55c  runHash                                
00001e74  s_prover                               
00001eaa  secuCommMode                           
00001eb1  sleepT                                 
0000e42e  tc_aes_encrypt                         
0000e4cc  tc_cmac_AIO                            
0000e792  tc_cmac_erase                          
0000da48  tc_cmac_final                          
0000e148  tc_cmac_init                           
0000de8e  tc_cmac_setup                          
0000d4a8  tc_cmac_update                         
00001dbe  usrBank                                
0000d91c  validateData                           
00001eb2  veri                                   
00001e10  wispData                               


GLOBAL SYMBOLS: SORTED BY Symbol Address 

address   name                                   
-------   ----                                   
000000a0  __STACK_SIZE                           
00000100  SFRIE1                                 
00000100  SFRIE1_L                               
00000101  SFRIE1_H                               
00000102  SFRIFG1                                
00000102  SFRIFG1_L                              
00000103  SFRIFG1_H                              
00000104  SFRRPCR                                
00000104  SFRRPCR_L                              
00000105  SFRRPCR_H                              
00000120  PMMCTL0                                
00000120  PMMCTL0_L                              
00000121  PMMCTL0_H                              
0000012a  PMMIFG                                 
0000012a  PMMIFG_L                               
0000012b  PMMIFG_H                               
00000130  PM5CTL0                                
00000130  PM5CTL0_L                              
00000131  PM5CTL0_H                              
00000140  FRCTL0                                 
00000140  FRCTL0_L                               
00000141  FRCTL0_H                               
00000144  GCCTL0                                 
00000144  GCCTL0_L                               
00000145  GCCTL0_H                               
00000146  GCCTL1                                 
00000146  GCCTL1_L                               
00000147  GCCTL1_H                               
00000150  CRCDI                                  
00000150  CRCDI_L                                
00000151  CRCDI_H                                
00000152  CRCDIRB                                
00000152  CRCDIRB_L                              
00000153  CRCDIRB_H                              
00000154  CRCINIRES                              
00000154  CRCINIRES_L                            
00000155  CRCINIRES_H                            
00000156  CRCRESR                                
00000156  CRCRESR_L                              
00000157  CRCRESR_H                              
0000015c  WDTCTL                                 
0000015c  WDTCTL_L                               
0000015d  WDTCTL_H                               
00000160  CSCTL0                                 
00000160  CSCTL0_L                               
00000161  CSCTL0_H                               
00000162  CSCTL1                                 
00000162  CSCTL1_L                               
00000163  CSCTL1_H                               
00000164  CSCTL2                                 
00000164  CSCTL2_L                               
00000165  CSCTL2_H                               
00000166  CSCTL3                                 
00000166  CSCTL3_L                               
00000167  CSCTL3_H                               
00000168  CSCTL4                                 
00000168  CSCTL4_L                               
00000169  CSCTL4_H                               
0000016a  CSCTL5                                 
0000016a  CSCTL5_L                               
0000016b  CSCTL5_H                               
0000016c  CSCTL6                                 
0000016c  CSCTL6_L                               
0000016d  CSCTL6_H                               
00000180  SYSCTL                                 
00000180  SYSCTL_L                               
00000181  SYSCTL_H                               
00000186  SYSJMBC                                
00000186  SYSJMBC_L                              
00000187  SYSJMBC_H                              
00000188  SYSJMBI0                               
00000188  SYSJMBI0_L                             
00000189  SYSJMBI0_H                             
0000018a  SYSJMBI1                               
0000018a  SYSJMBI1_L                             
0000018b  SYSJMBI1_H                             
0000018c  SYSJMBO0                               
0000018c  SYSJMBO0_L                             
0000018d  SYSJMBO0_H                             
0000018e  SYSJMBO1                               
0000018e  SYSJMBO1_L                             
0000018f  SYSJMBO1_H                             
0000019a  SYSUNIV                                
0000019a  SYSUNIV_L                              
0000019b  SYSUNIV_H                              
0000019c  SYSSNIV                                
0000019c  SYSSNIV_L                              
0000019d  SYSSNIV_H                              
0000019e  SYSRSTIV                               
0000019e  SYSRSTIV_L                             
0000019f  SYSRSTIV_H                             
000001b0  REFCTL0                                
000001b0  REFCTL0_L                              
000001b1  REFCTL0_H                              
00000200  PAIN                                   
00000200  PAIN_L                                 
00000201  PAIN_H                                 
00000202  PAOUT                                  
00000202  PAOUT_L                                
00000203  PAOUT_H                                
00000204  PADIR                                  
00000204  PADIR_L                                
00000205  PADIR_H                                
00000206  PAREN                                  
00000206  PAREN_L                                
00000207  PAREN_H                                
0000020a  PASEL0                                 
0000020a  PASEL0_L                               
0000020b  PASEL0_H                               
0000020c  PASEL1                                 
0000020c  PASEL1_L                               
0000020d  PASEL1_H                               
0000020e  P1IV                                   
00000216  PASELC                                 
00000216  PASELC_L                               
00000217  PASELC_H                               
00000218  PAIES                                  
00000218  PAIES_L                                
00000219  PAIES_H                                
0000021a  PAIE                                   
0000021a  PAIE_L                                 
0000021b  PAIE_H                                 
0000021c  PAIFG                                  
0000021c  PAIFG_L                                
0000021d  PAIFG_H                                
0000021e  P2IV                                   
00000220  PBIN                                   
00000220  PBIN_L                                 
00000221  PBIN_H                                 
00000222  PBOUT                                  
00000222  PBOUT_L                                
00000223  PBOUT_H                                
00000224  PBDIR                                  
00000224  PBDIR_L                                
00000225  PBDIR_H                                
00000226  PBREN                                  
00000226  PBREN_L                                
00000227  PBREN_H                                
0000022a  PBSEL0                                 
0000022a  PBSEL0_L                               
0000022b  PBSEL0_H                               
0000022c  PBSEL1                                 
0000022c  PBSEL1_L                               
0000022d  PBSEL1_H                               
0000022e  P3IV                                   
00000236  PBSELC                                 
00000236  PBSELC_L                               
00000237  PBSELC_H                               
00000238  PBIES                                  
00000238  PBIES_L                                
00000239  PBIES_H                                
0000023a  PBIE                                   
0000023a  PBIE_L                                 
0000023b  PBIE_H                                 
0000023c  PBIFG                                  
0000023c  PBIFG_L                                
0000023d  PBIFG_H                                
0000023e  P4IV                                   
00000320  PJIN                                   
00000320  PJIN_L                                 
00000321  PJIN_H                                 
00000322  PJOUT                                  
00000322  PJOUT_L                                
00000323  PJOUT_H                                
00000324  PJDIR                                  
00000324  PJDIR_L                                
00000325  PJDIR_H                                
00000326  PJREN                                  
00000326  PJREN_L                                
00000327  PJREN_H                                
0000032a  PJSEL0                                 
0000032a  PJSEL0_L                               
0000032b  PJSEL0_H                               
0000032c  PJSEL1                                 
0000032c  PJSEL1_L                               
0000032d  PJSEL1_H                               
00000336  PJSELC                                 
00000336  PJSELC_L                               
00000337  PJSELC_H                               
00000340  TA0CTL                                 
00000342  TA0CCTL0                               
00000344  TA0CCTL1                               
00000346  TA0CCTL2                               
00000350  TA0R                                   
00000352  TA0CCR0                                
00000354  TA0CCR1                                
00000356  TA0CCR2                                
00000360  TA0EX0                                 
0000036e  TA0IV                                  
00000380  TA1CTL                                 
00000382  TA1CCTL0                               
00000384  TA1CCTL1                               
00000386  TA1CCTL2                               
00000390  TA1R                                   
00000392  TA1CCR0                                
00000394  TA1CCR1                                
00000396  TA1CCR2                                
000003a0  TA1EX0                                 
000003ae  TA1IV                                  
000003c0  TB0CTL                                 
000003c2  TB0CCTL0                               
000003c4  TB0CCTL1                               
000003c6  TB0CCTL2                               
000003c8  TB0CCTL3                               
000003ca  TB0CCTL4                               
000003cc  TB0CCTL5                               
000003ce  TB0CCTL6                               
000003d0  TB0R                                   
000003d2  TB0CCR0                                
000003d4  TB0CCR1                                
000003d6  TB0CCR2                                
[...]
0000082e  ADC12MCTL7                             
0000082e  ADC12MCTL7_L                           
0000082f  ADC12MCTL7_H                           
00000830  ADC12MCTL8                             
00000830  ADC12MCTL8_L                           
00000831  ADC12MCTL8_H                           
00000832  ADC12MCTL9                             
00000832  ADC12MCTL9_L                           
00000833  ADC12MCTL9_H                           
00000834  ADC12MCTL10                            
00000834  ADC12MCTL10_L                          
00000835  ADC12MCTL10_H                          
00000836  ADC12MCTL11                            
00000836  ADC12MCTL11_L                          
00000837  ADC12MCTL11_H                          
00000838  ADC12MCTL12                            
00000838  ADC12MCTL12_L                          
00000839  ADC12MCTL12_H                          
0000083a  ADC12MCTL13                            
0000083a  ADC12MCTL13_L                          
0000083b  ADC12MCTL13_H                          
0000083c  ADC12MCTL14                            
0000083c  ADC12MCTL14_L                          
0000083d  ADC12MCTL14_H                          
0000083e  ADC12MCTL15                            
0000083e  ADC12MCTL15_L                          
0000083f  ADC12MCTL15_H                          
00000840  ADC12MCTL16                            
00000840  ADC12MCTL16_L                          
00000841  ADC12MCTL16_H                          
00000842  ADC12MCTL17                            
00000842  ADC12MCTL17_L                          
00000843  ADC12MCTL17_H                          
00000844  ADC12MCTL18                            
00000844  ADC12MCTL18_L                          
00000845  ADC12MCTL18_H                          
00000846  ADC12MCTL19                            
00000846  ADC12MCTL19_L                          
00000847  ADC12MCTL19_H                          
00000848  ADC12MCTL20                            
00000848  ADC12MCTL20_L                          
00000849  ADC12MCTL20_H                          
0000084a  ADC12MCTL21                            
0000084a  ADC12MCTL21_L                          
0000084b  ADC12MCTL21_H                          
0000084c  ADC12MCTL22                            
0000084c  ADC12MCTL22_L                          
0000084d  ADC12MCTL22_H                          
0000084e  ADC12MCTL23                            
0000084e  ADC12MCTL23_L                          
0000084f  ADC12MCTL23_H                          
00000850  ADC12MCTL24                            
00000850  ADC12MCTL24_L                          
00000851  ADC12MCTL24_H                          
00000852  ADC12MCTL25                            
00000852  ADC12MCTL25_L                          
00000853  ADC12MCTL25_H                          
00000854  ADC12MCTL26                            
00000854  ADC12MCTL26_L                          
00000855  ADC12MCTL26_H                          
00000856  ADC12MCTL27                            
00000856  ADC12MCTL27_L                          
00000857  ADC12MCTL27_H                          
00000858  ADC12MCTL28                            
00000858  ADC12MCTL28_L                          
00000859  ADC12MCTL28_H                          
0000085a  ADC12MCTL29                            
0000085a  ADC12MCTL29_L                          
0000085b  ADC12MCTL29_H                          
0000085c  ADC12MCTL30                            
0000085c  ADC12MCTL30_L                          
0000085d  ADC12MCTL30_H                          
0000085e  ADC12MCTL31                            
0000085e  ADC12MCTL31_L                          
0000085f  ADC12MCTL31_H                          
00000860  ADC12MEM0                              
00000860  ADC12MEM0_L                            
00000861  ADC12MEM0_H                            
00000862  ADC12MEM1                              
00000862  ADC12MEM1_L                            
00000863  ADC12MEM1_H                            
00000864  ADC12MEM2                              
00000864  ADC12MEM2_L                            
00000865  ADC12MEM2_H                            
00000866  ADC12MEM3                              
00000866  ADC12MEM3_L                            
00000867  ADC12MEM3_H                            
00000868  ADC12MEM4                              
00000868  ADC12MEM4_L                            
00000869  ADC12MEM4_H                            
0000086a  ADC12MEM5                              
0000086a  ADC12MEM5_L                            
0000086b  ADC12MEM5_H                            
0000086c  ADC12MEM6                              
0000086c  ADC12MEM6_L                            
0000086d  ADC12MEM6_H                            
0000086e  ADC12MEM7                              
0000086e  ADC12MEM7_L                            
0000086f  ADC12MEM7_H                            
00000870  ADC12MEM8                              
00000870  ADC12MEM8_L                            
00000871  ADC12MEM8_H                            
00000872  ADC12MEM9                              
00000872  ADC12MEM9_L                            
00000873  ADC12MEM9_H                            
00000874  ADC12MEM10                             
00000874  ADC12MEM10_L                           
00000875  ADC12MEM10_H                           
00000876  ADC12MEM11                             
00000876  ADC12MEM11_L                           
00000877  ADC12MEM11_H                           
00000878  ADC12MEM12                             
00000878  ADC12MEM12_L                           
00000879  ADC12MEM12_H                           
0000087a  ADC12MEM13                             
0000087a  ADC12MEM13_L                           
0000087b  ADC12MEM13_H                           
0000087c  ADC12MEM14                             
0000087c  ADC12MEM14_L                           
0000087d  ADC12MEM14_H                           
0000087e  ADC12MEM15                             
0000087e  ADC12MEM15_L                           
0000087f  ADC12MEM15_H                           
00000880  ADC12MEM16                             
00000880  ADC12MEM16_L                           
00000881  ADC12MEM16_H                           
00000882  ADC12MEM17                             
00000882  ADC12MEM17_L                           
00000883  ADC12MEM17_H                           
00000884  ADC12MEM18                             
00000884  ADC12MEM18_L                           
00000885  ADC12MEM18_H                           
00000886  ADC12MEM19                             
00000886  ADC12MEM19_L                           
00000887  ADC12MEM19_H                           
00000888  ADC12MEM20                             
00000888  ADC12MEM20_L                           
00000889  ADC12MEM20_H                           
0000088a  ADC12MEM21                             
0000088a  ADC12MEM21_L                           
0000088b  ADC12MEM21_H                           
0000088c  ADC12MEM22                             
0000088c  ADC12MEM22_L                           
0000088d  ADC12MEM22_H                           
0000088e  ADC12MEM23                             
0000088e  ADC12MEM23_L                           
0000088f  ADC12MEM23_H                           
00000890  ADC12MEM24                             
00000890  ADC12MEM24_L                           
00000891  ADC12MEM24_H                           
00000892  ADC12MEM25                             
00000892  ADC12MEM25_L                           
00000893  ADC12MEM25_H                           
00000894  ADC12MEM26                             
00000894  ADC12MEM26_L                           
00000895  ADC12MEM26_H                           
00000896  ADC12MEM27                             
00000896  ADC12MEM27_L                           
00000897  ADC12MEM27_H                           
00000898  ADC12MEM28                             
00000898  ADC12MEM28_L                           
00000899  ADC12MEM28_H                           
0000089a  ADC12MEM29                             
0000089a  ADC12MEM29_L                           
0000089b  ADC12MEM29_H                           
0000089c  ADC12MEM30                             
0000089c  ADC12MEM30_L                           
0000089d  ADC12MEM30_H                           
0000089e  ADC12MEM31                             
0000089e  ADC12MEM31_L                           
0000089f  ADC12MEM31_H                           
000008c0  CECTL0                                 
000008c0  CECTL0_L                               
000008c1  CECTL0_H                               
000008c2  CECTL1                                 
000008c2  CECTL1_L                               
000008c3  CECTL1_H                               
000008c4  CECTL2                                 
000008c4  CECTL2_L                               
000008c5  CECTL2_H                               
000008c6  CECTL3                                 
000008c6  CECTL3_L                               
000008c7  CECTL3_H                               
000008cc  CEINT                                  
000008cc  CEINT_L                                
000008cd  CEINT_H                                
000008ce  CEIV                                   
000008ce  CEIV_L                                 
000008cf  CEIV_H                                 
000009c0  AESACTL0                               
000009c0  AESACTL0_L                             
000009c1  AESACTL0_H                             
000009c2  AESACTL1                               
000009c2  AESACTL1_L                             
000009c3  AESACTL1_H                             
000009c4  AESASTAT                               
000009c4  AESASTAT_L                             
000009c5  AESASTAT_H                             
000009c6  AESAKEY                                
000009c6  AESAKEY_L                              
000009c7  AESAKEY_H                              
000009c8  AESADIN                                
000009c8  AESADIN_L                              
000009c9  AESADIN_H                              
000009ca  AESADOUT                               
000009ca  AESADOUT_L                             
000009cb  AESADOUT_H                             
000009cc  AESAXDIN                               
000009cc  AESAXDIN_L                             
000009cd  AESAXDIN_H                             
000009ce  AESAXIN                                
000009ce  AESAXIN_L                              
000009cf  AESAXIN_H                              
00001800  _Device_Id                             
00001c00  __RAM_Start                            
00001c03  CI_State_Machine                       
00001c04  CI_Callback_ptr                        
00001c08  RxPacket                               
00001d06  rfidBuf                                
00001d4e  RWData                                 
00001d7e  aes_ctx                                
00001d9e  ctx                                    
00001dbe  usrBank                                
00001dde  cmd                                    
00001dfc  gpRxBuf                                
00001e10  wispData                               
00001e34  SesKey                                 
00001e44  dataBuf                                
00001e54  fastData                               
00001e64  rfid                                   
00001e74  s_prover                               
00001e90  IEMctx                                 
00001e96  receivedWords                          
00001e9c  attMode                                
00001e9e  firm_addr                              
00001ea0  firm_len                               
00001ea2  id                                     
00001ea4  miliVolt_start                         
00001ea6  prevDecryptOffset                      
00001ea8  rawV                                   
00001eaa  secuCommMode                           
00001eac  CommStatus                             
00001ead  TxByte                                 
00001eae  activeT                                
00001eaf  isDoingLowPwrSleep                     
00001eb0  nver                                   
00001eb1  sleepT                                 
00001eb2  veri                                   
00001ebc  j                                      
00001ff0  _NonReserved_RAM_Start                 
00002360  _stack                                 
000023ff  __RAM_End                              
00002400  __STACK_END                            
00004400  PassWd                                 
00004400  _Appl_Start                            
00004402  StatCtrl                               
00004404  _Appl_Start_Memory                     
00009f90  _Appl_Proxy_Vector_Start               
00009fff  _Appl_Reset_Vector                     
0000a000  _Appl_End                              
0000a000  _Secure_Start                          
0000a200  _Device_Version                        
0000a202  _Device_Key                            
0000a212  _Device_Serial                         
0000bffc  _Secure_End                            
0000c000  __Boot_Start                           
0000c004  TxFM0                                  
0000c4b4  main                                   
0000c8b2  handleQR                               
0000c8f4  handleQuery                            
0000c982  handleAck                              
0000c9f8  handleQA                               
0000ca80  handleReqRN                            
0000cb14  handleSelect                           
0000cb8a  handleRead                             
0000cde2  blockWriteControlMessage               
0000d032  WISP_doRFID                            
0000d1c4  handleBlockWrite                       
0000d354  handleWrite                            
0000d4a8  tc_cmac_update                         
0000d5e2  RX_ISR                                 
0000d6fc  Timer0A0_ISR                           
0000d7cc  WISP_init                              
0000d91c  validateData                           
0000d9b8  doTINA                                 
0000da48  tc_cmac_final                          
0000dad0  ADC_rawToTemperature                   
0000db56  ADC_rawToVoltage                       
0000dbd2  SPI_transaction                        
0000dc4e  __TI_auto_init_nobinit_nopinit_hold_wdt
0000dcc6  __TI_decompress_lzss                   
0000dd3c  Timer0A1_ISR                           
0000ddb0  AES256_setDecipherKey                  
0000de20  AES256_setCipherKey                    
0000de8e  tc_cmac_setup                          
0000def4  AES_CBC_decrypt                        
0000df54  AES256_encryptData                     
0000dfb0  AES256_decryptData                     
0000e00a  __mspabi_divul                         
0000e00a  __mspabi_remul                         
0000e062  TxClock                                
0000e08c  RxClock                                
0000e0b4  TIMER3_A0_ISR                          
0000e102  EnterPAM                               
0000e148  tc_cmac_init                           
0000e18c  crc16_ccitt                            
0000e1a2  crc16Bits_ccitt                        
0000e1ce  ACCEL_singleSample                     
0000e20e  __mspabi_divli                         
0000e20e  __mspabi_remli                         
0000e24e  ADC_initCustom                         
0000e28c  __mspabi_sral_15                       
0000e290  __mspabi_sral_14                       
0000e294  __mspabi_sral_13                       
0000e298  __mspabi_sral_12                       
0000e29c  __mspabi_sral_11                       
0000e2a0  __mspabi_sral_10                       
0000e2a4  __mspabi_sral_9                        
0000e2a8  __mspabi_sral_8                        
0000e2ac  __mspabi_sral_7                        
0000e2b0  __mspabi_sral_6                        
0000e2b4  __mspabi_sral_5                        
0000e2b8  __mspabi_sral_4                        
0000e2bc  __mspabi_sral_3                        
0000e2c0  __mspabi_sral_2                        
0000e2c4  __mspabi_sral_1                        
0000e2ca  ADC_setInputChannel                    
0000e306  SPI_initialize                         
0000e342  gf_double                              
0000e37e  memcpy                                 
0000e3ba  CopyWispISRs                           
0000e3f4  decryptAll                             
0000e42e  tc_aes_encrypt                         
0000e464  ACCEL_readStat                         
0000e498  decryptCurrentBlock                    
0000e4cc  tc_cmac_AIO                            
0000e4fe  ADC_read                               
0000e52e  _copy                                  
0000e55c  runHash                                
0000e58a  WISP_getDataBuffers                    
0000e5b4  ACCEL_initialize                       
0000e5dc  ACCEL_range                            
0000e604  ADC_setReference                       
0000e62c  AES_init_ctx_iv                        
0000e652  TTIEM                                  
0000e678  __mspabi_mpyl_f5hw                     
0000e69c  INT_ADC12                              
0000e6bc  memset                                 
0000e6dc  __mspabi_mpyul_f5hw                    
0000e6f8  TIMER0_B0_ISR                          
0000e714  _c_int00_noargs                        
0000e730  ADC_enableInterrupts                   
0000e762  blockWriteRxWord                       
0000e77a  __mspabi_mpyi_f5hw                     
0000e792  tc_cmac_erase                          
0000e7aa  __TI_decompress_none                   
0000e7c0  initAuthenticateState                  
0000e7d6  ADC_rawCorrection                      
0000e7ea  ADC_setSampleHold                      
0000e7fe  SPI_acquirePort                        
0000e810  SPI_releasePort                        
0000e822  TI_MSPBoot_AppMgr_RestartInBootMode    
0000e834  ADC_init                               
0000e844  ExitPAM                                
0000e854  __mspabi_srll                          
0000e864  ADC_asyncRead                          
0000e872  Timer1A0_ISR                           
0000e87e  ADC_enableConversion                   
0000e888  ADC_setPrecision                       
0000e892  __mspabi_srli                          
0000e89c  ADC_enable                             
0000e8a4  ADC_isBusy                             
0000e8ac  ADC_getPrecision                       
0000e8b2  ADC_getReference                       
0000e8b8  WISP_setAbortConditions                
0000e8be  WISP_setMode                           
0000e8c4  _set                                   
0000e8ca  C$$EXIT                                
0000e8ca  abort                                  
0000e8d0  _system_pre_init                       
0000e8d4  _system_post_cinit                     
0000e8d6  IV                                     
0000e8f2  ADXL_READ_XYZ_8BIT                     
0000e8f8  ADXL_CONFIG_FILTER                     
0000e8fc  ADXL_CONFIG_MEAS                       
0000e900  ADXL_REAsxD_STATUS                     
0000e904  __TI_Handler_Table_Base                
0000e90c  __TI_Handler_Table_Limit               
0000e914  __TI_CINIT_Base                        
0000e91c  __TI_CINIT_Limit                       
0000ff90  __Boot_VectorTable                     
0000fffe  __Boot_Reset                           
0000fffe  _reset_vector                          
00010000  _Down_Start                            
00013fff  _Down_End                              
ffffffff  __TI_pprof_out_hndl                    
ffffffff  __TI_prof_data_size                    
ffffffff  __TI_prof_data_start                   
ffffffff  __c_args__                             

[966 symbols]
